ARM Linker, 4.1 [Build 644] [Standard]

==============================================================================

Section Cross References

    startup_stm32f10x_md.o(STACK) refers (Special) to heapauxi.o(.text) for __use_two_region_memory
    startup_stm32f10x_md.o(HEAP) refers (Special) to heapauxi.o(.text) for __use_two_region_memory
    startup_stm32f10x_md.o(RESET) refers (Special) to heapauxi.o(.text) for __use_two_region_memory
    startup_stm32f10x_md.o(RESET) refers to startup_stm32f10x_md.o(STACK) for __initial_sp
    startup_stm32f10x_md.o(RESET) refers to startup_stm32f10x_md.o(.text) for Reset_Handler
    startup_stm32f10x_md.o(RESET) refers to stm32f10x_it.o(i.NMI_Handler) for NMI_Handler
    startup_stm32f10x_md.o(RESET) refers to stm32f10x_it.o(i.HardFault_Handler) for HardFault_Handler
    startup_stm32f10x_md.o(RESET) refers to stm32f10x_it.o(i.MemManage_Handler) for MemManage_Handler
    startup_stm32f10x_md.o(RESET) refers to stm32f10x_it.o(i.BusFault_Handler) for BusFault_Handler
    startup_stm32f10x_md.o(RESET) refers to stm32f10x_it.o(i.UsageFault_Handler) for UsageFault_Handler
    startup_stm32f10x_md.o(RESET) refers to hal_cm3.o(.emb_text) for SVC_Handler
    startup_stm32f10x_md.o(RESET) refers to stm32f10x_it.o(i.DebugMon_Handler) for DebugMon_Handler
    startup_stm32f10x_md.o(RESET) refers to stm32f10x_it.o(i.RTC_IRQHandler) for RTC_IRQHandler
    startup_stm32f10x_md.o(RESET) refers to stm32f10x_it.o(i.TIM3_IRQHandler) for TIM3_IRQHandler
    startup_stm32f10x_md.o(RESET) refers to stm32f10x_it.o(i.USART1_IRQHandler) for USART1_IRQHandler
    startup_stm32f10x_md.o(RESET) refers to stm32f10x_it.o(i.USART2_IRQHandler) for USART2_IRQHandler
    startup_stm32f10x_md.o(.text) refers (Special) to heapauxi.o(.text) for __use_two_region_memory
    startup_stm32f10x_md.o(.text) refers to system_stm32f10x.o(i.SystemInit) for SystemInit
    startup_stm32f10x_md.o(.text) refers to __main.o(!!!main) for __main
    startup_stm32f10x_md.o(.text) refers to startup_stm32f10x_md.o(HEAP) for Heap_Mem
    startup_stm32f10x_md.o(.text) refers to startup_stm32f10x_md.o(STACK) for Stack_Mem
    system_stm32f10x.o(i.SystemCoreClockUpdate) refers to system_stm32f10x.o(.data) for .data
    system_stm32f10x.o(i.SystemInit) refers to system_stm32f10x.o(i.SetSysClockTo72) for SetSysClockTo72
    stm32f10x_gpio.o(i.GPIO_AFIODeInit) refers to stm32f10x_rcc.o(i.RCC_APB2PeriphResetCmd) for RCC_APB2PeriphResetCmd
    stm32f10x_gpio.o(i.GPIO_DeInit) refers to stm32f10x_rcc.o(i.RCC_APB2PeriphResetCmd) for RCC_APB2PeriphResetCmd
    stm32f10x_rcc.o(i.RCC_GetClocksFreq) refers to stm32f10x_rcc.o(.data) for .data
    stm32f10x_rcc.o(i.RCC_WaitForHSEStartUp) refers to stm32f10x_rcc.o(i.RCC_GetFlagStatus) for RCC_GetFlagStatus
    stm32f10x_tim.o(i.TIM_DeInit) refers to stm32f10x_rcc.o(i.RCC_APB1PeriphResetCmd) for RCC_APB1PeriphResetCmd
    stm32f10x_tim.o(i.TIM_DeInit) refers to stm32f10x_rcc.o(i.RCC_APB2PeriphResetCmd) for RCC_APB2PeriphResetCmd
    stm32f10x_tim.o(i.TIM_ETRClockMode1Config) refers to stm32f10x_tim.o(i.TIM_ETRConfig) for TIM_ETRConfig
    stm32f10x_tim.o(i.TIM_ETRClockMode2Config) refers to stm32f10x_tim.o(i.TIM_ETRConfig) for TIM_ETRConfig
    stm32f10x_tim.o(i.TIM_ICInit) refers to stm32f10x_tim.o(i.TI1_Config) for TI1_Config
    stm32f10x_tim.o(i.TIM_ICInit) refers to stm32f10x_tim.o(i.TIM_SetIC1Prescaler) for TIM_SetIC1Prescaler
    stm32f10x_tim.o(i.TIM_ICInit) refers to stm32f10x_tim.o(i.TI2_Config) for TI2_Config
    stm32f10x_tim.o(i.TIM_ICInit) refers to stm32f10x_tim.o(i.TIM_SetIC2Prescaler) for TIM_SetIC2Prescaler
    stm32f10x_tim.o(i.TIM_ICInit) refers to stm32f10x_tim.o(i.TIM_SetIC3Prescaler) for TIM_SetIC3Prescaler
    stm32f10x_tim.o(i.TIM_ICInit) refers to stm32f10x_tim.o(i.TIM_SetIC4Prescaler) for TIM_SetIC4Prescaler
    stm32f10x_tim.o(i.TIM_ITRxExternalClockConfig) refers to stm32f10x_tim.o(i.TIM_SelectInputTrigger) for TIM_SelectInputTrigger
    stm32f10x_tim.o(i.TIM_PWMIConfig) refers to stm32f10x_tim.o(i.TI2_Config) for TI2_Config
    stm32f10x_tim.o(i.TIM_PWMIConfig) refers to stm32f10x_tim.o(i.TIM_SetIC2Prescaler) for TIM_SetIC2Prescaler
    stm32f10x_tim.o(i.TIM_PWMIConfig) refers to stm32f10x_tim.o(i.TI1_Config) for TI1_Config
    stm32f10x_tim.o(i.TIM_PWMIConfig) refers to stm32f10x_tim.o(i.TIM_SetIC1Prescaler) for TIM_SetIC1Prescaler
    stm32f10x_tim.o(i.TIM_TIxExternalClockConfig) refers to stm32f10x_tim.o(i.TI1_Config) for TI1_Config
    stm32f10x_tim.o(i.TIM_TIxExternalClockConfig) refers to stm32f10x_tim.o(i.TIM_SelectInputTrigger) for TIM_SelectInputTrigger
    stm32f10x_tim.o(i.TIM_TIxExternalClockConfig) refers to stm32f10x_tim.o(i.TI2_Config) for TI2_Config
    stm32f10x_usart.o(i.USART_DeInit) refers to stm32f10x_rcc.o(i.RCC_APB2PeriphResetCmd) for RCC_APB2PeriphResetCmd
    stm32f10x_usart.o(i.USART_DeInit) refers to stm32f10x_rcc.o(i.RCC_APB1PeriphResetCmd) for RCC_APB1PeriphResetCmd
[...]
    QNd8027_SetChannel                       0x08002e41   Thumb Code    36  qn8027_driver.o(i.QNd8027_SetChannel)
    QndMute                                  0x08002e6d   Thumb Code    18  qn8027_driver.o(i.QndMute)
    QndRdsMode                               0x08002e7f   Thumb Code    20  qn8027_driver.o(i.QndRdsMode)
    QndSetReg                                0x08002e95   Thumb Code    38  qn8027_driver.o(i.QndSetReg)
    RCC_AHBPeriphClockCmd                    0x08002ec1   Thumb Code    18  stm32f10x_rcc.o(i.RCC_AHBPeriphClockCmd)
    RCC_APB1PeriphClockCmd                   0x08002ed9   Thumb Code    18  stm32f10x_rcc.o(i.RCC_APB1PeriphClockCmd)
    RCC_APB1PeriphResetCmd                   0x08002ef1   Thumb Code    18  stm32f10x_rcc.o(i.RCC_APB1PeriphResetCmd)
    RCC_APB2PeriphClockCmd                   0x08002f09   Thumb Code    18  stm32f10x_rcc.o(i.RCC_APB2PeriphClockCmd)
    RCC_APB2PeriphResetCmd                   0x08002f21   Thumb Code    18  stm32f10x_rcc.o(i.RCC_APB2PeriphResetCmd)
    RCC_BackupResetCmd                       0x08002f39   Thumb Code     6  stm32f10x_rcc.o(i.RCC_BackupResetCmd)
    RCC_GetClocksFreq                        0x08002f45   Thumb Code   134  stm32f10x_rcc.o(i.RCC_GetClocksFreq)
    RCC_GetFlagStatus                        0x08002fdd   Thumb Code    42  stm32f10x_rcc.o(i.RCC_GetFlagStatus)
    RCC_LSEConfig                            0x0800300d   Thumb Code    26  stm32f10x_rcc.o(i.RCC_LSEConfig)
    RCC_RTCCLKCmd                            0x0800302d   Thumb Code     6  stm32f10x_rcc.o(i.RCC_RTCCLKCmd)
    RCC_RTCCLKConfig                         0x08003039   Thumb Code    10  stm32f10x_rcc.o(i.RCC_RTCCLKConfig)
    RDSData_Verify2                          0x08003049   Thumb Code    20  app.o(i.RDSData_Verify2)
    RDS_DevicesGroup_Mode_Save               0x0800305d   Thumb Code    92  app.o(i.RDS_DevicesGroup_Mode_Save)
    RDS_DevicesGroup_Mode_Update             0x080030c1   Thumb Code    86  app.o(i.RDS_DevicesGroup_Mode_Update)
    RDS_task                                 0x08003121   Thumb Code   104  app.o(i.RDS_task)
    RDSsend_IDNum_task                       0x080031ad   Thumb Code    98  app.o(i.RDSsend_IDNum_task)
    RDSsend_NULL                             0x0800321d   Thumb Code    58  app.o(i.RDSsend_NULL)
    RDSsend_PS                               0x0800325d   Thumb Code   170  app.o(i.RDSsend_PS)
    RDSsend_Volume_task                      0x08003311   Thumb Code    62  app.o(i.RDSsend_Volume_task)
    RDSsend_area_allset                      0x08003359   Thumb Code   162  app.o(i.RDSsend_area_allset)
    RDSsend_pty                              0x08003401   Thumb Code    82  app.o(i.RDSsend_pty)
    RDSsend_state                            0x08003459   Thumb Code   264  app.o(i.RDSsend_state)
    RDSsend_txt                              0x08003571   Thumb Code   156  app.o(i.RDSsend_txt)
    RDSsend_txt_task                         0x08003615   Thumb Code    28  app.o(i.RDSsend_txt_task)
    RTC_ClearITPendingBit                    0x08003639   Thumb Code    12  stm32f10x_rtc.o(i.RTC_ClearITPendingBit)
    RTC_Configuration                        0x08003649   Thumb Code    88  mainv1.o(i.RTC_Configuration)
    RTC_EnterConfigMode                      0x080036a1   Thumb Code    12  stm32f10x_rtc.o(i.RTC_EnterConfigMode)
    RTC_ExitConfigMode                       0x080036b1   Thumb Code    12  stm32f10x_rtc.o(i.RTC_ExitConfigMode)
    RTC_GetCounter                           0x080036c1   Thumb Code    12  stm32f10x_rtc.o(i.RTC_GetCounter)
    RTC_GetITStatus                          0x080036d1   Thumb Code    26  stm32f10x_rtc.o(i.RTC_GetITStatus)
    RTC_IRQHandler                           0x080036f1   Thumb Code   112  stm32f10x_it.o(i.RTC_IRQHandler)
    RTC_ITConfig                             0x08003779   Thumb Code    22  stm32f10x_rtc.o(i.RTC_ITConfig)
    RTC_SetCounter                           0x08003795   Thumb Code    24  stm32f10x_rtc.o(i.RTC_SetCounter)
    RTC_SetPrescaler                         0x080037b1   Thumb Code    26  stm32f10x_rtc.o(i.RTC_SetPrescaler)
    RTC_WaitForLastTask                      0x080037d1   Thumb Code    12  stm32f10x_rtc.o(i.RTC_WaitForLastTask)
    RTC_WaitForSynchro                       0x080037e1   Thumb Code    24  stm32f10x_rtc.o(i.RTC_WaitForSynchro)
    Receive_areastate_int                    0x080037fd   Thumb Code    74  app.o(i.Receive_areastate_int)
    Receiveps_int                            0x08003859   Thumb Code    64  app.o(i.Receiveps_int)
    Receivetxt_int                           0x080038a5   Thumb Code    60  app.o(i.Receivetxt_int)
    SET_Audio_And_Time                       0x080038f1   Thumb Code  1424  mainv1.o(i.SET_Audio_And_Time)
    SET_FM_And_RF_Power                      0x08003e81   Thumb Code   480  mainv1.o(i.SET_FM_And_RF_Power)
    SET_Temp_And_SWR                         0x080040c5   Thumb Code   610  mainv1.o(i.SET_Temp_And_SWR)
    SYS_PARAMETER_Save                       0x08004379   Thumb Code    12  app.o(i.SYS_PARAMETER_Save)
    SYS_PARAMETER_Update                     0x08004389   Thumb Code   158  app.o(i.SYS_PARAMETER_Update)
    SetingWindos_DestroyFMchValue            0x08004535   Thumb Code    20  show.o(i.SetingWindos_DestroyFMchValue)
    SetingWindos_DestroyPowerValue           0x08004549   Thumb Code    20  show.o(i.SetingWindos_DestroyPowerValue)
    SetingWindos_ShowFMchValue               0x0800455d   Thumb Code   132  show.o(i.SetingWindos_ShowFMchValue)
    SetingWindos_ShowPowerValue              0x080045e9   Thumb Code   112  show.o(i.SetingWindos_ShowPowerValue)
    SetupSystemTime                          0x08004659   Thumb Code    42  mainv1.o(i.SetupSystemTime)
    Setup_Area_Name                          0x08004685   Thumb Code   842  mainv1.o(i.Setup_Area_Name)
    Setup_PS_Name                            0x08004a09   Thumb Code   812  mainv1.o(i.Setup_PS_Name)
    Setup_RDSMode                            0x08004d6d   Thumb Code  1100  mainv1.o(i.Setup_RDSMode)
    Setup_RDS_Window                         0x080051b9   Thumb Code   916  mainv1.o(i.Setup_RDS_Window)
    Show_ALLSET_Area_Fullsetval              0x0800558d   Thumb Code    70  mainv1.o(i.Show_ALLSET_Area_Fullsetval)
    Show_ALLSET_Area_Name                    0x080055e5   Thumb Code   136  mainv1.o(i.Show_ALLSET_Area_Name)
    Show_ALLSET_devgb                        0x08005671   Thumb Code    38  mainv1.o(i.Show_ALLSET_devgb)
    Show_Area_Name                           0x08005699   Thumb Code    88  mainv1.o(i.Show_Area_Name)
    Show_DevStatus_Group                     0x080056f5   Thumb Code    90  mainv1.o(i.Show_DevStatus_Group)
    Show_DevStatus_One                       0x08005759   Thumb Code    70  mainv1.o(i.Show_DevStatus_One)
    Show_Device_hangnum                      0x080057b1   Thumb Code    86  mainv1.o(i.Show_Device_hangnum)
    Show_FM                                  0x0800580d   Thumb Code   130  show.o(i.Show_FM)
    Show_FSRF_Logo                           0x080058a5   Thumb Code    20  show.o(i.Show_FSRF_Logo)
    Show_I                                   0x080058bd   Thumb Code    94  show.o(i.Show_I)
    Show_P                                   0x08005925   Thumb Code   120  show.o(i.Show_P)
    Show_PEVal                               0x080059a5   Thumb Code    48  show.o(i.Show_PEVal)
    Show_PS_Name                             0x080059fd   Thumb Code    64  mainv1.o(i.Show_PS_Name)
    Show_Picture                             0x08005a41   Thumb Code    88  show.o(i.Show_Picture)
    Show_RDS                                 0x08005a99   Thumb Code    74  show.o(i.Show_RDS)
    Show_RDS_SetMode                         0x08005af9   Thumb Code    30  mainv1.o(i.Show_RDS_SetMode)
    Show_RDS_logox                           0x08005b3d   Thumb Code    20  show.o(i.Show_RDS_logox)
    Show_RP                                  0x08005b55   Thumb Code    94  show.o(i.Show_RP)
    Show_SWR                                 0x08005bbd   Thumb Code    54  show.o(i.Show_SWR)
    Show_T                                   0x08005bfd   Thumb Code    70  show.o(i.Show_T)
    Show_TX                                  0x08005c51   Thumb Code    50  show.o(i.Show_TX)
    Show_Time                                0x08005c91   Thumb Code   150  show.o(i.Show_Time)
    Show_VOLB                                0x08005d3d   Thumb Code   226  show.o(i.Show_VOLB)
    Show_VOLH                                0x08005e31   Thumb Code   226  show.o(i.Show_VOLH)
    Show_Volume                              0x08005f25   Thumb Code    54  show.o(i.Show_Volume)
    SystemInit                               0x08005f65   Thumb Code    64  system_stm32f10x.o(i.SystemInit)
    TBval_Change                             0x08005fb5   Thumb Code    50  mainv1.o(i.TBval_Change)
    TIM3Init                                 0x08005fe9   Thumb Code    78  mainv1.o(i.TIM3Init)
    TIM3_IRQHandler                          0x0800603d   Thumb Code    68  stm32f10x_it.o(i.TIM3_IRQHandler)
    TIM_ClearITPendingBit                    0x08006095   Thumb Code     6  stm32f10x_tim.o(i.TIM_ClearITPendingBit)
    TIM_Cmd                                  0x0800609b   Thumb Code    20  stm32f10x_tim.o(i.TIM_Cmd)
    TIM_DeInit                               0x080060b1   Thumb Code   304  stm32f10x_tim.o(i.TIM_DeInit)
    TIM_ITConfig                             0x08006221   Thumb Code    16  stm32f10x_tim.o(i.TIM_ITConfig)
    TIM_TimeBaseInit                         0x08006231   Thumb Code   114  stm32f10x_tim.o(i.TIM_TimeBaseInit)
    USART1_IRQHandler                        0x080062cd   Thumb Code   192  stm32f10x_it.o(i.USART1_IRQHandler)
    USART2_IRQHandler                        0x080063b9   Thumb Code   182  stm32f10x_it.o(i.USART2_IRQHandler)
    USART_Cmd                                0x0800649d   Thumb Code    20  stm32f10x_usart.o(i.USART_Cmd)
    USART_GetITStatus                        0x080064b1   Thumb Code    62  stm32f10x_usart.o(i.USART_GetITStatus)
    USART_ITConfig                           0x080064ef   Thumb Code    48  stm32f10x_usart.o(i.USART_ITConfig)
    USART_Init                               0x08006521   Thumb Code   176  stm32f10x_usart.o(i.USART_Init)
    USART_ReceiveData                        0x080065d5   Thumb Code     8  stm32f10x_usart.o(i.USART_ReceiveData)
    USART_SendData                           0x080065dd   Thumb Code     8  stm32f10x_usart.o(i.USART_SendData)
    UpdateSystemTime                         0x080065e5   Thumb Code    52  mainv1.o(i.UpdateSystemTime)
    UsageFault_Handler                       0x0800661d   Thumb Code     2  stm32f10x_it.o(i.UsageFault_Handler)
    __user_perthread_libspace                0x080066b1   Thumb Code    26  rtx_conf_cm.o(i.__user_perthread_libspace)
    _init_box                                0x080066d5   Thumb Code    70  rt_membox.o(i._init_box)
    adc_int                                  0x0800671d   Thumb Code   242  adc.o(i.adc_int)
    answer                                   0x0800681d   Thumb Code    74  app.o(i.answer)
    comdata_task                             0x0800687d   Thumb Code    46  mainv1.o(i.comdata_task)
    dbg_init                                 0x080068c1   Thumb Code    34  hal_cm3.o(i.dbg_init)
    dbg_task_notify                          0x080068f1   Thumb Code    28  hal_cm3.o(i.dbg_task_notify)
    dbg_task_switch                          0x08006911   Thumb Code    12  hal_cm3.o(i.dbg_task_switch)
    filter_I                                 0x08006929   Thumb Code   132  mainv1.o(i.filter_I)
    filter_p                                 0x080069b9   Thumb Code   132  mainv1.o(i.filter_p)
    filter_rp                                0x08006a49   Thumb Code   132  mainv1.o(i.filter_rp)
    filter_swr                               0x08006ad9   Thumb Code   116  mainv1.o(i.filter_swr)
    filter_t                                 0x08006b55   Thumb Code   132  mainv1.o(i.filter_t)
    filter_vin                               0x08006be5   Thumb Code   132  mainv1.o(i.filter_vin)
    main                                     0x08006c75   Thumb Code   112  mainv1.o(i.main)
    main_task                                0x08006ced   Thumb Code  2578  mainv1.o(i.main_task)
    os_error                                 0x08007705   Thumb Code    40  rtx_conf_cm.o(i.os_error)
    os_idle_demon                            0x08007731   Thumb Code     2  rtx_conf_cm.o(i.os_idle_demon)
    os_tmr_call                              0x08007733   Thumb Code     2  rtx_conf_cm.o(i.os_tmr_call)
    protocol                                 0x08007735   Thumb Code   520  app.o(i.protocol)
    ps_int                                   0x0800796d   Thumb Code    48  app.o(i.ps_int)
    rt_alloc_box                             0x080079a9   Thumb Code    28  rt_membox.o(i.rt_alloc_box)
    rt_block                                 0x080079c5   Thumb Code    48  rt_task.o(i.rt_block)
    rt_chk_robin                             0x080079fd   Thumb Code    58  rt_robin.o(i.rt_chk_robin)
    rt_dec_dly                               0x08007a45   Thumb Code   124  rt_list.o(i.rt_dec_dly)
    rt_dispatch                              0x08007ac9   Thumb Code    60  rt_task.o(i.rt_dispatch)
    rt_dly_wait                              0x08007b0d   Thumb Code     6  rt_time.o(i.rt_dly_wait)
    rt_evt_clr                               0x08007b15   Thumb Code    26  rt_event.o(i.rt_evt_clr)
    rt_evt_psh                               0x08007b35   Thumb Code    80  rt_event.o(i.rt_evt_psh)
    rt_evt_set                               0x08007b89   Thumb Code    96  rt_event.o(i.rt_evt_set)
    rt_evt_wait                              0x08007bed   Thumb Code    62  rt_event.o(i.rt_evt_wait)
    rt_free_box                              0x08007c31   Thumb Code    32  rt_membox.o(i.rt_free_box)
    rt_get_first                             0x08007c51   Thumb Code    40  rt_list.o(i.rt_get_first)
    rt_init_robin                            0x08007cbd   Thumb Code    14  rt_robin.o(i.rt_init_robin)
    rt_init_stack                            0x08007cd5   Thumb Code    74  hal_cm3.o(i.rt_init_stack)
    rt_mbx_psh                               0x08007d29   Thumb Code   196  rt_mailbox.o(i.rt_mbx_psh)
    rt_mut_init                              0x08007df1   Thumb Code    16  rt_mutex.o(i.rt_mut_init)
    rt_mut_release                           0x08007e01   Thumb Code   164  rt_mutex.o(i.rt_mut_release)
    rt_mut_wait                              0x08007ead   Thumb Code    98  rt_mutex.o(i.rt_mut_wait)
    rt_pop_req                               0x08007f15   Thumb Code   114  rt_system.o(i.rt_pop_req)
    rt_put_dly                               0x08007f99   Thumb Code    84  rt_list.o(i.rt_put_dly)
    rt_put_prio                              0x08007ff1   Thumb Code    54  rt_list.o(i.rt_put_prio)
    rt_put_rdy_first                         0x08008029   Thumb Code    14  rt_list.o(i.rt_put_rdy_first)
    rt_resort_prio                           0x0800803d   Thumb Code    46  rt_list.o(i.rt_resort_prio)
    rt_rmv_dly                               0x08008071   Thumb Code    44  rt_list.o(i.rt_rmv_dly)
    rt_rmv_list                              0x0800809d   Thumb Code    44  rt_list.o(i.rt_rmv_list)
    rt_sem_psh                               0x080080cd   Thumb Code    46  rt_semaphore.o(i.rt_sem_psh)
    rt_stk_check                             0x08008101   Thumb Code     2  rtx_conf_cm.o(i.rt_stk_check)
    rt_switch_req                            0x08008105   Thumb Code    30  rt_task.o(i.rt_switch_req)
    rt_sys_init                              0x0800812d   Thumb Code   216  rt_task.o(i.rt_sys_init)
    rt_systick                               0x08008255   Thumb Code    48  rt_system.o(i.rt_systick)
    rt_tmr_tick                              0x08008291   Thumb Code    56  rt_timer.o(i.rt_tmr_tick)
    rt_tsk_create                            0x080082d1   Thumb Code   122  rt_task.o(i.rt_tsk_create)
    rt_tsk_delete                            0x08008361   Thumb Code   146  rt_task.o(i.rt_tsk_delete)
    rt_tsk_self                              0x0800840d   Thumb Code    12  rt_task.o(i.rt_tsk_self)
    send_pdata                               0x0800841d   Thumb Code   276  app.o(i.send_pdata)
    toggle                                   0x08008581   Thumb Code    34  app.o(i.toggle)
    turn                                     0x080085a3   Thumb Code    32  app.o(i.turn)
    txt_int                                  0x080085c5   Thumb Code    28  app.o(i.txt_int)
    _get_lc_ctype                            0x080085fd   Thumb Code    44  lc_ctype_c.o(locale$$code)
    __aeabi_d2f                              0x08008629   Thumb Code     0  d2f.o(x$fpl$d2f)
    _d2f                                     0x08008629   Thumb Code    98  d2f.o(x$fpl$d2f)
    __aeabi_ddiv                             0x0800868d   Thumb Code     0  ddiv.o(x$fpl$ddiv)
    _ddiv                                    0x0800868d   Thumb Code   552  ddiv.o(x$fpl$ddiv)
    __aeabi_ui2d                             0x0800893d   Thumb Code     0  dflt_clz.o(x$fpl$dfltu)
    _dfltu                                   0x0800893d   Thumb Code    38  dflt_clz.o(x$fpl$dfltu)
    __fpl_dnaninf                            0x08008963   Thumb Code   156  dnaninf.o(x$fpl$dnaninf)
    __fpl_dretinf                            0x080089ff   Thumb Code    12  dretinf.o(x$fpl$dretinf)
    __aeabi_fadd                             0x08008a0d   Thumb Code     0  faddsub_clz.o(x$fpl$fadd)
    _fadd                                    0x08008a0d   Thumb Code   196  faddsub_clz.o(x$fpl$fadd)
    __fpl_fcheck_NaN1                        0x08008ad1   Thumb Code     6  fcheck1.o(x$fpl$fcheck1)
    __fpl_fcmp_Inf                           0x08008add   Thumb Code    24  fcmpi.o(x$fpl$fcmpinf)
    __aeabi_fdiv                             0x08008af5   Thumb Code     0  fdiv.o(x$fpl$fdiv)
    _fdiv                                    0x08008af5   Thumb Code   384  fdiv.o(x$fpl$fdiv)
    __aeabi_f2uiz                            0x08008c79   Thumb Code     0  ffixu.o(x$fpl$ffixu)
    _ffixu                                   0x08008c79   Thumb Code    62  ffixu.o(x$fpl$ffixu)
    __aeabi_ui2f                             0x08008cb9   Thumb Code     0  fflt_clz.o(x$fpl$ffltu)
    _ffltu                                   0x08008cb9   Thumb Code    38  fflt_clz.o(x$fpl$ffltu)
    __aeabi_cfcmple                          0x08008ce1   Thumb Code     0  fleqf.o(x$fpl$fleqf)
    _fcmple                                  0x08008ce1   Thumb Code   104  fleqf.o(x$fpl$fleqf)
    __fpl_fcmple_InfNaN                      0x08008d33   Thumb Code     0  fleqf.o(x$fpl$fleqf)
    __aeabi_fmul                             0x08008d49   Thumb Code     0  fmul.o(x$fpl$fmul)
    _fmul                                    0x08008d49   Thumb Code   258  fmul.o(x$fpl$fmul)
    __fpl_fnaninf                            0x08008e4b   Thumb Code   140  fnaninf.o(x$fpl$fnaninf)
    _fp_init                                 0x08008ed7   Thumb Code    14  fpinit.o(x$fpl$fpinit)
    __fplib_config_pureend_doubles           0x08008ee3   Thumb Code     0  fpinit.o(x$fpl$fpinit)
    __fpl_fretinf                            0x08008ee5   Thumb Code    10  fretinf.o(x$fpl$fretinf)
    __aeabi_cfrcmple                         0x08008eef   Thumb Code     0  frleqf.o(x$fpl$frleqf)
    _frcmple                                 0x08008eef   Thumb Code    98  frleqf.o(x$fpl$frleqf)
    __aeabi_fsub                             0x08008f51   Thumb Code     0  faddsub_clz.o(x$fpl$fsub)
    _fsub                                    0x08008f51   Thumb Code   234  faddsub_clz.o(x$fpl$fsub)
    __fpl_return_NaN                         0x0800903b   Thumb Code   100  retnan.o(x$fpl$retnan)
    __ARM_scalbnf                            0x0800909f   Thumb Code    80  scalbnf.o(x$fpl$scalbnf)
    __fpl_inf_scalbnf                        0x080090ed   Thumb Code     0  scalbnf.o(x$fpl$scalbnf)
    __fpl_cmpreturn                          0x080090ef   Thumb Code    48  trapv.o(x$fpl$trapveneer)
    __I$use$fp                               0x0800911f   Thumb Code     0  usenofp.o(x$fpl$usenofp)
    os_maxtaskrun                            0x0800911e   Data           2  rtx_conf_cm.o(.constdata)
    os_stackinfo                             0x08009120   Data           4  rtx_conf_cm.o(.constdata)
    os_rrobin                                0x08009124   Data           4  rtx_conf_cm.o(.constdata)
    os_trv                                   0x08009128   Data           4  rtx_conf_cm.o(.constdata)
    os_flags                                 0x0800912c   Data           1  rtx_conf_cm.o(.constdata)
    os_clockrate                             0x08009130   Data           4  rtx_conf_cm.o(.constdata)
    os_timernum                              0x08009134   Data           4  rtx_conf_cm.o(.constdata)
    mp_tcb_size                              0x08009138   Data           2  rtx_conf_cm.o(.constdata)
    mp_stk_size                              0x0800913c   Data           4  rtx_conf_cm.o(.constdata)
    os_fifo_size                             0x08009140   Data           1  rtx_conf_cm.o(.constdata)
    mp_tmr_size                              0x08009142   Data           2  rtx_conf_cm.o(.constdata)
    jiaozheng                                0x08009144   Data          16  mainv1.o(.constdata)
    ZF_Table                                 0x08009154   Data          88  mainv1.o(.constdata)
    EZK                                      0x080091ac   Data        1520  lcd19264 driverv20.o(.constdata)
    FONT6x8                                  0x0800979c   Data         552  lcd19264 driverv20.o(.constdata)
    logo_RDS                                 0x080099c4   Data         768  drawpicture.o(.constdata)
    FH_du8X8                                 0x08009cc4   Data           8  show.o(.constdata)
    FH_duigou8X8                             0x08009ccc   Data           8  show.o(.constdata)
    FH_chacha8X8                             0x08009cd4   Data           8  show.o(.constdata)
    RDS_logo_x                               0x08009cdc   Data         152  show.o(.constdata)
    FSRF_Logo                                0x08009d74   Data         192  show.o(.constdata)
    FH_PC8X8                                 0x08009e34   Data           8  show.o(.constdata)
    FH_RD8X8                                 0x08009e3c   Data           8  show.o(.constdata)
    B_SPK8X8                                 0x08009e44   Data           8  show.o(.constdata)
    M_SPK8X8                                 0x08009e4c   Data           8  show.o(.constdata)
    S_SPK8X8                                 0x08009e54   Data           8  show.o(.constdata)
    X_SPK8X8                                 0x08009e5c   Data           8  show.o(.constdata)
    SW_8X8                                   0x08009e64   Data           8  show.o(.constdata)
    B_SPK                                    0x08009e6c   Data          11  show.o(.constdata)
    M_SPK                                    0x08009e77   Data          11  show.o(.constdata)
    S_SPK                                    0x08009e82   Data          11  show.o(.constdata)
    X_SPK                                    0x08009e8d   Data          11  show.o(.constdata)
    Alarm_Pic16X16                           0x08009e98   Data          26  show.o(.constdata)
    Region$$Table$$Base                      0x08009eb4   Number         0  anon$$obj.o(Region$$Table)
    Region$$Table$$Limit                     0x08009ed4   Number         0  anon$$obj.o(Region$$Table)
    __ctype                                  0x08009ee1   Data           0  lc_ctype_c.o(locale$$data)
    m_tmr                                    0x20000014   Data           4  rtx_conf_cm.o(.data)
    packet_R_OK                              0x20000018   Data           1  mainv1.o(.data)
    Volume_value                             0x20000019   Data           1  mainv1.o(.data)
    Bass_value                               0x2000001a   Data           1  mainv1.o(.data)
    Treble_value                             0x2000001b   Data           1  mainv1.o(.data)
    PE_value                                 0x2000001c   Data           1  mainv1.o(.data)
    TP_set                                   0x2000001d   Data           1  mainv1.o(.data)
    SWRP_set                                 0x2000001e   Data           1  mainv1.o(.data)
    SWR_value                                0x2000001f   Data           1  mainv1.o(.data)
    T_value                                  0x20000020   Data           1  mainv1.o(.data)
    TX_status                                0x20000021   Data           1  mainv1.o(.data)
    setsys_para                              0x20000022   Data           1  mainv1.o(.data)
    menu_set                                 0x20000023   Data           1  mainv1.o(.data)
    VIN_AND_EN                               0x20000024   Data           1  mainv1.o(.data)
    fm_rf_set                                0x20000025   Data           1  mainv1.o(.data)
    tp_adjust_p                              0x20000026   Data           1  mainv1.o(.data)
    pty_num                                  0x20000027   Data           1  mainv1.o(.data)
    area_num                                 0x20000028   Data           1  mainv1.o(.data)
    rds_state                                0x20000029   Data           1  mainv1.o(.data)
    PCRDS_Blinking_flag                      0x2000002a   Data           1  mainv1.o(.data)
    Txbyte                                   0x20000031   Data           1  mainv1.o(.data)
    S2_receive_flag                          0x20000032   Data           1  mainv1.o(.data)
    SystemTime_SecUpdate_Flag                0x20000033   Data           1  mainv1.o(.data)
    PTT_status                               0x20000034   Data           1  mainv1.o(.data)
    HighTempWarning_Flag                     0x20000035   Data           1  mainv1.o(.data)
    HighCURRENTWarning_Flag                  0x20000036   Data           1  mainv1.o(.data)
    HighSWRWarning_Flag                      0x20000037   Data           1  mainv1.o(.data)
    HighPRWarning_Flag                       0x20000038   Data           1  mainv1.o(.data)
    HighLPWarning_Flag                       0x20000039   Data           1  mainv1.o(.data)
    VinWarning_Flag                          0x2000003a   Data           1  mainv1.o(.data)
    dav_save                                 0x2000003c   Data           2  mainv1.o(.data)
    Power_set                                0x2000003e   Data           2  mainv1.o(.data)
    Power_value                              0x20000040   Data           2  mainv1.o(.data)
    RP_value                                 0x20000042   Data           2  mainv1.o(.data)
    I_value                                  0x20000044   Data           2  mainv1.o(.data)
    Excitation_V                             0x20000046   Data           2  mainv1.o(.data)
    powerval_bak                             0x20000048   Data           2  mainv1.o(.data)
    CursorBlink_Count                        0x2000004a   Data           2  mainv1.o(.data)
    CollectUpdate_Interval                   0x2000004c   Data           2  mainv1.o(.data)
    SystemTime                               0x2000004e   Data           3  mainv1.o(.data)
    Rxbuf                                    0x20000051   Data           3  mainv1.o(.data)
    Vp_mv                                    0x20000054   Data           4  mainv1.o(.data)
    Vn_mv                                    0x20000058   Data           4  mainv1.o(.data)
    FM_value                                 0x2000005c   Data           4  mainv1.o(.data)
    fmval_bak                                0x20000060   Data           4  mainv1.o(.data)
    tid_main_task                            0x20000064   Data           4  mainv1.o(.data)
    tid_alarm_task                           0x20000068   Data           4  mainv1.o(.data)
    tid_AutoAdjustPower                      0x2000006c   Data           4  mainv1.o(.data)
    tid_AutoChoiceAudio                      0x20000070   Data           4  mainv1.o(.data)
    tid_PCRDS_task                           0x20000074   Data           4  mainv1.o(.data)
    tid_comdata_task                         0x20000078   Data           4  mainv1.o(.data)
    Menu_Timeout_Count                       0x2000007c   Data           4  mainv1.o(.data)
    PS_Name                                  0x20000080   Data          80  mainv1.o(.data)
    Area_Name                                0x200000d0   Data         140  mainv1.o(.data)
    packet_head                              0x2000015c   Data           1  mainv1.o(.data)
    packet_head2                             0x2000015d   Data           1  mainv1.o(.data)
    packet_R_OK2                             0x2000015e   Data           1  mainv1.o(.data)
    packet_T_OK                              0x2000015f   Data           1  mainv1.o(.data)
    packet_T_OK2                             0x20000160   Data           1  mainv1.o(.data)
    Disconnect_pc                            0x20000162   Data           2  mainv1.o(.data)
    packet_rct                               0x20000164   Data           1  mainv1.o(.data)
    packet_rct2                              0x20000165   Data           1  mainv1.o(.data)
    packet_len                               0x20000166   Data           1  mainv1.o(.data)
    packet_len2                              0x20000167   Data           1  mainv1.o(.data)
    packet_xor                               0x20000168   Data           1  mainv1.o(.data)
    packet_xor2                              0x20000169   Data           1  mainv1.o(.data)
    packet_sendsize                          0x2000016a   Data           1  mainv1.o(.data)
    packet_tct                               0x2000016b   Data           1  mainv1.o(.data)
    packet_sendsize2                         0x2000016c   Data           1  mainv1.o(.data)
    packet_tct2                              0x2000016d   Data           1  mainv1.o(.data)
    packet_tbuf2                             0x2000016e   Data           2  mainv1.o(.data)
    sendstate_Time_Count                     0x20000170   Data           4  mainv1.o(.data)
    pt2314_error_flag                        0x20000174   Data           1  pt2314.o(.data)
    QN8027_error_flag                        0x20000175   Data           1  qn8027_driver.o(.data)
    TempRegData2                             0x20000176   Data           1  qn8027_driver.o(.data)
    TempChannel                              0x20000177   Data           1  qn8027_driver.o(.data)
    UP_LockFlag                              0x20000178   Data           1  anjian.o(.data)
    UP_DelayEnd                              0x20000179   Data           1  anjian.o(.data)
    DOWN_DelayEnd                            0x2000017a   Data           1  anjian.o(.data)
    DOWN_LockFlag                            0x2000017b   Data           1  anjian.o(.data)
    LEFT_LockFlag                            0x2000017c   Data           1  anjian.o(.data)
    LEFT_DelayEnd                            0x2000017d   Data           1  anjian.o(.data)
    RIGHT_DelayEnd                           0x2000017e   Data           1  anjian.o(.data)
    RIGHT_LockFlag                           0x2000017f   Data           1  anjian.o(.data)
    UP_StartDelayct                          0x20000180   Data           2  anjian.o(.data)
    UP_Delayct                               0x20000182   Data           2  anjian.o(.data)
    DOWN_StartDelayct                        0x20000184   Data           2  anjian.o(.data)
    DOWN_Delayct                             0x20000186   Data           2  anjian.o(.data)
    LEFT_StartDelayct                        0x20000188   Data           2  anjian.o(.data)
    LEFT_Delayct                             0x2000018a   Data           2  anjian.o(.data)
    RIGHT_StartDelayct                       0x2000018c   Data           2  anjian.o(.data)
    RIGHT_Delayct                            0x2000018e   Data           2  anjian.o(.data)
    eeprom_error_flag                        0x20000190   Data           1  24c32.o(.data)
    Volume_set                               0x20000194   Data           1  app.o(.data)
    Send_receive                             0x20000195   Data           1  app.o(.data)
    send_count                               0x20000196   Data           1  app.o(.data)
    area_group_terminal_set_flag             0x20000197   Data           1  app.o(.data)
    pc_area_group_terminal_set_flag          0x20000198   Data           1  app.o(.data)
    area_allset_flag                         0x20000199   Data           1  app.o(.data)
    transfer_flag                            0x2000019a   Data           1  app.o(.data)
    sendwb_en                                0x2000019b   Data           1  app.o(.data)
    pc_gbset                                 0x2000019c   Data           1  app.o(.data)
    count_state                              0x2000019d   Data           1  app.o(.data)
    length                                   0x200001a2   Data           1  app.o(.data)
    package_length                           0x200001a3   Data           1  app.o(.data)
    package_tmp                              0x200001a4   Data           1  app.o(.data)
    pc_area_num                              0x200001a5   Data           1  app.o(.data)
    pc_Group_num                             0x200001a6   Data           1  app.o(.data)
    pc_Group_setval                          0x200001a7   Data           1  app.o(.data)
    pc_terminal_num                          0x200001a8   Data           1  app.o(.data)
    pc_terminal_setval                       0x200001a9   Data           1  app.o(.data)
    mybool                                   0x200001aa   Data           1  app.o(.data)
    convert                                  0x200001ac   Data           2  app.o(.data)
    Dveid                                    0x200001ae   Data           3  app.o(.data)
    NEW_Dveid                                0x200001b1   Data           3  app.o(.data)
    pPTY                                     0x200001b4   Data           4  app.o(.data)
    ptystr                                   0x200001b8   Data           4  app.o(.data)
    str                                      0x200001bc   Data           4  app.o(.data)
    FM_val2                                  0x200001c0   Data           4  app.o(.data)
    tid_RDSsend_txt_task                     0x200001c4   Data           4  app.o(.data)
    tid_RDSsend_IDNum_task                   0x200001c8   Data           4  app.o(.data)
    tid_RDSsend_Volume_task                  0x200001cc   Data           4  app.o(.data)
    gb_area_num                              0x200001d0   Data           4  app.o(.data)
    gb_area_setval                           0x200001d4   Data           4  app.o(.data)
    gb_Group_num                             0x200001d8   Data           4  app.o(.data)
    gb_Group_setval                          0x200001dc   Data           4  app.o(.data)
    gb_terminal_num                          0x200001e0   Data           4  app.o(.data)
    gb_terminal_setval                       0x200001e4   Data           4  app.o(.data)
    psys_data                                0x200001e8   Data           4  app.o(.data)
    tmpbuff                                  0x200001ec   Data           4  app.o(.data)
    strbuf2                                  0x200001f0   Data           8  app.o(.data)
    Reg0_save                                0x200001f8   Data           1  app.o(.data)
    os_tsk                                   0x200001fc   Data           8  rt_task.o(.data)
    os_time                                  0x20000204   Data           2  rt_time.o(.data)
    dbg_msg                                  0x20000206   Data           1  hal_cm3.o(.data)
    os_robin                                 0x2000020c   Data           8  rt_robin.o(.data)
    os_tmr                                   0x20000214   Data           8  rt_timer.o(.data)
    mp_tcb                                   0x2000021c   Data         588  rtx_conf_cm.o(.bss)
    mp_stk                                   0x20000468   Data       13016  rtx_conf_cm.o(.bss)
    os_fifo                                  0x20003740   Data         260  rtx_conf_cm.o(.bss)
    os_active_TCB                            0x20003844   Data          48  rtx_conf_cm.o(.bss)
    LCD_mutex                                0x20004078   Data          12  mainv1.o(.bss)
    USART1_InitStructure                     0x20004084   Data          16  mainv1.o(.bss)
    packet_rbuf                              0x20004094   Data          64  mainv1.o(.bss)
    USART2_InitStructure                     0x200040d4   Data          16  mainv1.o(.bss)
    RDS_DevicesGroup_Mode                    0x200040e4   Data         384  mainv1.o(.bss)
    ADValue_T                                0x20004264   Data          60  mainv1.o(.bss)
    ADValue_P                                0x200042a0   Data          60  mainv1.o(.bss)
    ADValue_RP                               0x200042dc   Data          60  mainv1.o(.bss)
    ADValue_I                                0x20004318   Data          60  mainv1.o(.bss)
    ADValue_vin                              0x20004354   Data          60  mainv1.o(.bss)
    ADValue_swr                              0x20004390   Data          30  mainv1.o(.bss)
    packet_rbuf2                             0x200043ae   Data          32  mainv1.o(.bss)
    packet_tbuf                              0x200043ce   Data          32  mainv1.o(.bss)
    DDRAM                                    0x200043ee   Data        1536  drawpicture.o(.bss)
    PTY                                      0x200049f0   Data          36  app.o(.bss)
    QN8027_mutex                             0x20004a14   Data          12  app.o(.bss)
    strbuf3                                  0x20004a20   Data          32  app.o(.bss)
    strbuf5                                  0x20004a40   Data          32  app.o(.bss)
    UNION_DATA                               0x20004bd8   Data          16  app.o(.bss)
    ADC_InitStructure                        0x20004be8   Data          20  adc.o(.bss)
    DMA_InitStructure                        0x20004bfc   Data          44  adc.o(.bss)
    ADCConvertedValue                        0x20004c28   Data          10  adc.o(.bss)
    os_idle_TCB                              0x20004c34   Data          48  rt_task.o(.bss)
    os_rdy                                   0x20004c64   Data          24  rt_list.o(.bss)
    os_dly                                   0x20004c7c   Data          24  rt_list.o(.bss)
    __libspace_start                         0x20004c94   Data          96  libspace.o(.bss)
    __temporary_stack_top$libspace           0x20004cf4   Data           0  libspace.o(.bss)



==============================================================================

Memory Map of the image

  Image Entry point : 0x080000ed

  Load Region LR_IROM1 (Base: 0x08000000, Size: 0x0000a200, Max: 0x00080000, ABSOLUTE, COMPRESSED[0x0000a030])

    Execution Region ER_IROM1 (Base: 0x08000000, Size: 0x00009fe4, Max: 0x00080000, ABSOLUTE)

    Base Addr    Size         Type   Attr      Idx    E Section Name        Object

    0x08000000   0x000000ec   Data   RO            3    RESET               startup_stm32f10x_md.o
    0x080000ec   0x00000008   Code   RO         4044  * !!!main             c_w.l(__main.o)
    0x080000f4   0x00000034   Code   RO         4288    !!!scatter          c_w.l(__scatter.o)
    0x08000128   0x0000005a   Code   RO         4286    !!dczerorl2         c_w.l(__dczerorl2.o)
    0x08000182   0x00000002   PAD
    0x08000184   0x0000001c   Code   RO         4290    !!handler_zi        c_w.l(__scatter_zi.o)
    0x080001a0   0x00000006   Code   RO         4143    .ARM.Collect$$libinit$$00000000  c_w.l(libinit.o)
    0x080001a6   0x00000000   Code   RO         4160    .ARM.Collect$$libinit$$00000006  c_w.l(libinit2.o)
    0x080001a6   0x00000000   Code   RO         4162    .ARM.Collect$$libinit$$00000008  c_w.l(libinit2.o)
    0x080001a6   0x00000000   Code   RO         4164    .ARM.Collect$$libinit$$0000000A  c_w.l(libinit2.o)
    0x080001a6   0x00000006   Code   RO         4165    .ARM.Collect$$libinit$$0000000B  c_w.l(libinit2.o)
    0x080001ac   0x00000000   Code   RO         4167    .ARM.Collect$$libinit$$0000000D  c_w.l(libinit2.o)
    0x080001ac   0x0000000c   Code   RO         4168    .ARM.Collect$$libinit$$0000000E  c_w.l(libinit2.o)
    0x080001b8   0x00000000   Code   RO         4169    .ARM.Collect$$libinit$$0000000F  c_w.l(libinit2.o)
    0x080001b8   0x00000000   Code   RO         4171    .ARM.Collect$$libinit$$00000011  c_w.l(libinit2.o)
    0x080001b8   0x00000000   Code   RO         4173    .ARM.Collect$$libinit$$00000013  c_w.l(libinit2.o)
    0x080001b8   0x00000000   Code   RO         4175    .ARM.Collect$$libinit$$00000015  c_w.l(libinit2.o)
    0x080001b8   0x00000000   Code   RO         4177    .ARM.Collect$$libinit$$00000017  c_w.l(libinit2.o)
    0x080001b8   0x00000000   Code   RO         4179    .ARM.Collect$$libinit$$00000019  c_w.l(libinit2.o)
    0x080001b8   0x00000000   Code   RO         4181    .ARM.Collect$$libinit$$0000001B  c_w.l(libinit2.o)
    0x080001b8   0x00000000   Code   RO         4183    .ARM.Collect$$libinit$$0000001D  c_w.l(libinit2.o)
    0x080001b8   0x00000000   Code   RO         4185    .ARM.Collect$$libinit$$0000001F  c_w.l(libinit2.o)
    0x080001b8   0x00000000   Code   RO         4187    .ARM.Collect$$libinit$$00000021  c_w.l(libinit2.o)
    0x080001b8   0x00000000   Code   RO         4191    .ARM.Collect$$libinit$$00000028  c_w.l(libinit2.o)
    0x080001b8   0x00000000   Code   RO         4193    .ARM.Collect$$libinit$$0000002A  c_w.l(libinit2.o)
    0x080001b8   0x00000000   Code   RO         4195    .ARM.Collect$$libinit$$0000002C  c_w.l(libinit2.o)
    0x080001b8   0x00000000   Code   RO         4197    .ARM.Collect$$libinit$$0000002E  c_w.l(libinit2.o)
    0x080001b8   0x00000002   Code   RO         4198    .ARM.Collect$$libinit$$0000002F  c_w.l(libinit2.o)
    0x080001ba   0x00000002   Code   RO         4228    .ARM.Collect$$libshutdown$$00000000  c_w.l(libshutdown.o)
    0x080001bc   0x00000000   Code   RO         4241    .ARM.Collect$$libshutdown$$00000003  c_w.l(libshutdown2.o)
    0x080001bc   0x00000000   Code   RO         4244    .ARM.Collect$$libshutdown$$00000006  c_w.l(libshutdown2.o)
    0x080001bc   0x00000000   Code   RO         4247    .ARM.Collect$$libshutdown$$00000009  c_w.l(libshutdown2.o)
    0x080001bc   0x00000000   Code   RO         4249    .ARM.Collect$$libshutdown$$0000000B  c_w.l(libshutdown2.o)
    0x080001bc   0x00000000   Code   RO         4252    .ARM.Collect$$libshutdown$$0000000E  c_w.l(libshutdown2.o)
    0x080001bc   0x00000002   Code   RO         4253    .ARM.Collect$$libshutdown$$0000000F  c_w.l(libshutdown2.o)
    0x080001be   0x00000000   Code   RO         4084    .ARM.Collect$$rtentry$$00000000  c_w.l(rtentry.o)
    0x080001be   0x00000000   Code   RO         4106    .ARM.Collect$$rtentry$$00000002  c_w.l(rtentry2.o)
    0x080001be   0x00000006   Code   RO         4121    .ARM.Collect$$rtentry$$00000004  c_w.l(rtentry4.o)
    0x080001c4   0x00000000   Code   RO         4108    .ARM.Collect$$rtentry$$00000009  c_w.l(rtentry2.o)
    0x080001c4   0x00000004   Code   RO         4109    .ARM.Collect$$rtentry$$0000000A  c_w.l(rtentry2.o)
    0x080001c8   0x00000000   Code   RO         4111    .ARM.Collect$$rtentry$$0000000C  c_w.l(rtentry2.o)
    0x080001c8   0x00000008   Code   RO         4112    .ARM.Collect$$rtentry$$0000000D  c_w.l(rtentry2.o)
    0x080001d0   0x00000002   Code   RO         4146    .ARM.Collect$$rtexit$$00000000  c_w.l(rtexit.o)
    0x080001d2   0x00000000   Code   RO         4202    .ARM.Collect$$rtexit$$00000002  c_w.l(rtexit2.o)
    0x080001d2   0x00000004   Code   RO         4203    .ARM.Collect$$rtexit$$00000003  c_w.l(rtexit2.o)
    0x080001d6   0x00000006   Code   RO         4204    .ARM.Collect$$rtexit$$00000004  c_w.l(rtexit2.o)
    0x080001dc   0x0000014c   Code   RO         3688    .emb_text           RTX_CM3.LIB(hal_cm3.o)
    0x08000328   0x00000040   Code   RO            4    .text               startup_stm32f10x_md.o
    0x08000368   0x00000008   Code   RO         4027    .text               c_w.l(libspace.o)
    0x08000370   0x0000003c   Code   RO         4030    .text               c_w.l(__0sscanf.o)
    0x080003ac   0x000000de   Code   RO         4032    .text               c_w.l(_scanf_str.o)
    0x0800048a   0x0000008a   Code   RO         4034    .text               c_w.l(rt_memcpy_v6.o)
    0x08000514   0x00000010   Code   RO         4036    .text               c_w.l(aeabi_memset.o)
    0x08000524   0x00000044   Code   RO         4038    .text               c_w.l(rt_memclr.o)
    0x08000568   0x0000004e   Code   RO         4040    .text               c_w.l(rt_memclr_w.o)
    0x080005b6   0x00000006   Code   RO         4042    .text               c_w.l(heapauxi.o)
    0x080005bc   0x00000030   Code   RO         4086    .text               c_w.l(scanf_char.o)
    0x080005ec   0x00000040   Code   RO         4088    .text               c_w.l(_sgetc.o)
    0x0800062c   0x00000064   Code   RO         4090    .text               c_w.l(rt_memcpy_w.o)
    0x08000690   0x00000012   Code   RO         4123    .text               c_w.l(isspace.o)
    0x080006a2   0x00000002   PAD
    0x080006a4   0x00000388   Code   RO         4125    .text               c_w.l(_scanf.o)
    0x08000a2c   0x0000004a   Code   RO         4131    .text               c_w.l(sys_stackheap_outer.o)
    0x08000a76   0x00000002   PAD
    0x08000a78   0x00000010   Code   RO         4133    .text               c_w.l(rt_ctype_table.o)
    0x08000a88   0x0000000c   Code   RO         4135    .text               c_w.l(exit.o)
    0x08000a94   0x0000000a   Code   RO         4153    .text               c_w.l(rt_locale_twolibspace.o)
    0x08000a9e   0x0000000a   Code   RO         4214    .text               c_w.l(rt_fp_status_addr_twolibspace.o)
    0x08000aa8   0x00000080   Code   RO         4216    .text               c_w.l(strcmpv7m.o)
    0x08000b28   0x0000000c   Code   RO         4220    .text               c_w.l(sys_exit.o)
    0x08000b34   0x00000002   Code   RO         4231    .text               c_w.l(use_no_semi.o)
    0x08000b36   0x00000002   PAD
    0x08000b38   0x00000004   Code   RO         3911    SVC_TABLE           RTX_CM3.LIB(SVC_Table.o)
    0x08000b3c   0x00000014   Code   RO         1501    i.ADC_Cmd           stm32f10x_adc.o
    0x08000b50   0x00000014   Code   RO         1502    i.ADC_DMACmd        stm32f10x_adc.o
    0x08000b64   0x0000001c   Code   RO         3466    i.ADC_GPIO_Configuration  adc.o
    0x08000b80   0x0000000e   Code   RO         1509    i.ADC_GetCalibrationStatus  stm32f10x_adc.o
    0x08000b8e   0x0000000e   Code   RO         1515    i.ADC_GetResetCalibrationStatus  stm32f10x_adc.o
    0x08000b9c   0x00000048   Code   RO         1519    i.ADC_Init          stm32f10x_adc.o
    0x08000be4   0x00000074   Code   RO         1523    i.ADC_RegularChannelConfig  stm32f10x_adc.o
    0x08000c58   0x0000000a   Code   RO         1524    i.ADC_ResetCalibration  stm32f10x_adc.o
    0x08000c62   0x00000014   Code   RO         1526    i.ADC_SoftwareStartConvCmd  stm32f10x_adc.o
    0x08000c76   0x0000000a   Code   RO         1528    i.ADC_StartCalibration  stm32f10x_adc.o
    0x08000c80   0x0000001a   Code   RO         3035    i.AUX_INPUT_STATUS  anjian.o
    0x08000c9a   0x00000002   PAD
    0x08000c9c   0x00000090   Code   RO         1875    i.Alarm_task        mainv1.o
    0x08000d2c   0x00000060   Code   RO         3223    i.Answer_handshake  app.o
    0x08000d8c   0x00000054   Code   RO         3224    i.Area_Name_Save    app.o
    0x08000de0   0x00000054   Code   RO         3225    i.Area_Name_Update  app.o
    0x08000e34   0x00000134   Code   RO         1876    i.AutoAdjustPower_task  mainv1.o
    0x08000f68   0x0000007c   Code   RO         1877    i.AutoChoiceAudio_task  mainv1.o
    0x08000fe4   0x00000064   Code   RO         1879    i.BEEP_task         mainv1.o
    0x08001048   0x00000012   Code   RO         1419    i.BKP_DeInit        stm32f10x_bkp.o
    0x0800105a   0x00000002   PAD
    0x0800105c   0x0000000c   Code   RO         1424    i.BKP_ReadBackupRegister  stm32f10x_bkp.o
    0x08001068   0x0000000c   Code   RO         1428    i.BKP_WriteBackupRegister  stm32f10x_bkp.o
    0x08001074   0x00000002   Code   RO         2794    i.BusFault_Handler  stm32f10x_it.o
    0x08001076   0x00000002   PAD
    0x08001078   0x00000100   Code   RO         1880    i.COM1_2Init        mainv1.o
    0x08001178   0x00000028   Code   RO         3226    i.Check_QN8027_tx   app.o
    0x080011a0   0x00000024   Code   RO         1881    i.CollectShowCurrent  mainv1.o
    0x080011c4   0x00000018   Code   RO         1882    i.CollectShowPower  mainv1.o
    0x080011dc   0x00000018   Code   RO         1883    i.CollectShowRPower  mainv1.o
    0x080011f4   0x00000038   Code   RO         1884    i.CollectShowSWR    mainv1.o
    0x0800122c   0x00000024   Code   RO         1885    i.CollectShowTempval  mainv1.o
    0x08001250   0x00000030   Code   RO         1886    i.CollectVIN        mainv1.o
    0x08001280   0x00000018   Code   RO         3227    i.ComData_Verify    app.o
    0x08001298   0x00000084   Code   RO         3131    i.DAC5615Out        dac5615.o
    0x0800131c   0x00000034   Code   RO         3132    i.DAC5615_Init      dac5615.o
    0x08001350   0x00000008   Code   RO         3133    i.DAC5615delay      dac5615.o
    0x08001358   0x00000016   Code   RO         1722    i.DMA_Cmd           stm32f10x_dma.o
    0x0800136e   0x00000002   PAD
    0x08001370   0x000000ec   Code   RO         1723    i.DMA_DeInit        stm32f10x_dma.o
    0x0800145c   0x0000003a   Code   RO         1728    i.DMA_Init          stm32f10x_dma.o
    0x08001496   0x00000002   Code   RO         2795    i.DebugMon_Handler  stm32f10x_it.o
    0x08001498   0x00000012   Code   RO         1889    i.Delay_ms          mainv1.o
    0x080014aa   0x00000002   PAD
    0x080014ac   0x00000060   Code   RO         2484    i.Draw_Ascii6X8     drawpicture.o
    0x0800150c   0x00000068   Code   RO         2485    i.Draw_Ascii6X8_Downline  drawpicture.o
    0x08001574   0x0000000e   Code   RO         2487    i.Draw_Clear        drawpicture.o
    0x08001582   0x00000002   PAD
    0x08001584   0x0000002c   Code   RO         2488    i.Draw_Clear_DDRAM  drawpicture.o
    0x080015b0   0x0000002a   Code   RO         2489    i.Draw_Fill         drawpicture.o
    0x080015da   0x00000002   PAD
    0x080015dc   0x00000024   Code   RO         2490    i.Draw_GetPointColor  drawpicture.o
    0x08001600   0x000000da   Code   RO         2491    i.Draw_Line         drawpicture.o
    0x080016da   0x00000046   Code   RO         2492    i.Draw_Lump_fb      drawpicture.o
    0x08001720   0x00000038   Code   RO         2493    i.Draw_Picture_logoRDS  drawpicture.o
    0x08001758   0x00000044   Code   RO         2494    i.Draw_Point        drawpicture.o
    0x0800179c   0x0000003e   Code   RO         2496    i.Draw_Rect         drawpicture.o
    0x080017da   0x00000020   Code   RO         2497    i.Draw_String6X8    drawpicture.o
    0x080017fa   0x00000002   PAD
    0x080017fc   0x00000030   Code   RO         2498    i.Draw_UpdateToLCD  drawpicture.o
    0x0800182c   0x0000002c   Code   RO         2499    i.Draw_XLine        drawpicture.o
    0x08001858   0x0000002c   Code   RO         2500    i.Draw_YLine        drawpicture.o
    0x08001884   0x00000010   Code   RO         3228    i.Dveid_Int         app.o
    0x08001894   0x000000ac   Code   RO         3156    i.EEPROM_ReadBytes  24c32.o
    0x08001940   0x00000068   Code   RO         3158    i.EEPROM_WriteBytes  24c32.o
    0x080019a8   0x0000000c   Code   RO         1211    i.EXTI_ClearFlag    stm32f10x_exti.o
    0x080019b4   0x00000014   Code   RO         1215    i.EXTI_GetFlagStatus  stm32f10x_exti.o
    0x080019c8   0x00000084   Code   RO         1217    i.EXTI_Init         stm32f10x_exti.o
    0x08001a4c   0x00000028   Code   RO          172    i.GPIO_EXTILineConfig  stm32f10x_gpio.o
    0x08001a74   0x0000009c   Code   RO          175    i.GPIO_Init         stm32f10x_gpio.o
    0x08001b10   0x0000000e   Code   RO          179    i.GPIO_ReadInputDataBit  stm32f10x_gpio.o
    0x08001b1e   0x00000004   Code   RO          182    i.GPIO_ResetBits    stm32f10x_gpio.o
    0x08001b22   0x00000004   Code   RO          183    i.GPIO_SetBits      stm32f10x_gpio.o
    0x08001b26   0x00000002   PAD
    0x08001b28   0x0000001c   Code   RO         1891    i.Get_CollectCurrentVal  mainv1.o
    0x08001b44   0x0000003c   Code   RO         1892    i.Get_CollectTempval  mainv1.o
    0x08001b80   0x00000084   Code   RO         1893    i.Get_PowerValue    mainv1.o
    0x08001c04   0x00000084   Code   RO         1894    i.Get_RPowerValue   mainv1.o
    0x08001c88   0x00000002   Code   RO         2796    i.HardFault_Handler  stm32f10x_it.o
    0x08001c8a   0x00000002   PAD
    0x08001c8c   0x00000060   Code   RO         2596    i.I2CChkAck         pt2314.o
    0x08001cec   0x00000060   Code   RO         2674    i.I2CChkAck         qn8027_driver.o
    0x08001d4c   0x00000060   Code   RO         3159    i.I2CChkAck         24c32.o
    0x08001dac   0x0000007c   Code   RO         2675    i.I2CRead8Bit       qn8027_driver.o
    0x08001e28   0x00000070   Code   RO         3160    i.I2CRead8Bit       24c32.o
    0x08001e98   0x00000030   Code   RO         2676    i.I2CSlave_NOACK    qn8027_driver.o
    0x08001ec8   0x0000002c   Code   RO         3161    i.I2CSlave_NOACK    24c32.o
    0x08001ef4   0x00000040   Code   RO         2597    i.I2CStart          pt2314.o
    0x08001f34   0x00000040   Code   RO         2677    i.I2CStart          qn8027_driver.o
    0x08001f74   0x00000038   Code   RO         3162    i.I2CStart          24c32.o
    0x08001fac   0x00000030   Code   RO         2598    i.I2CStop           pt2314.o
    0x08001fdc   0x00000030   Code   RO         2678    i.I2CStop           qn8027_driver.o
    0x0800200c   0x0000002c   Code   RO         3163    i.I2CStop           24c32.o
    0x08002038   0x00000054   Code   RO         2599    i.I2CWrite8Bit      pt2314.o
    0x0800208c   0x00000054   Code   RO         2679    i.I2CWrite8Bit      qn8027_driver.o
    0x080020e0   0x0000004c   Code   RO         3164    i.I2CWrite8Bit      24c32.o
    0x0800212c   0x00000034   Code   RO         1895    i.InitTask          mainv1.o
    0x08002160   0x00000024   Code   RO         3036    i.KEY_DOWN_STATUS   anjian.o
    0x08002184   0x0000004c   Code   RO         3037    i.KEY_DOWN_delayct  anjian.o
    0x080021d0   0x00000028   Code   RO         3038    i.KEY_LEFT_STATUS   anjian.o
    0x080021f8   0x0000004c   Code   RO         3039    i.KEY_LEFT_delayct  anjian.o
    0x08002244   0x00000016   Code   RO         3040    i.KEY_MENU_STATUS   anjian.o
    0x0800225a   0x00000016   Code   RO         3041    i.KEY_OK_STATUS     anjian.o
    0x08002270   0x00000016   Code   RO         3042    i.KEY_RDS_STATUS    anjian.o
    0x08002286   0x00000002   PAD
    0x08002288   0x00000024   Code   RO         3043    i.KEY_RIGHT_STATUS  anjian.o
    0x080022ac   0x0000004c   Code   RO         3044    i.KEY_RIGHT_delayct  anjian.o
    0x080022f8   0x00000032   Code   RO         1896    i.KEY_Status_AllClear  mainv1.o
    0x0800232a   0x00000002   PAD
    0x0800232c   0x00000024   Code   RO         3045    i.KEY_UP_STATUS     anjian.o
    0x08002350   0x0000004c   Code   RO         3046    i.KEY_UP_delayct    anjian.o
    0x0800239c   0x0000011c   Code   RO         1897    i.KEY_config        mainv1.o
    0x080024b8   0x00000010   Code   RO         2356    i.LCD19264_BG_Open  lcd19264 driverv20.o
    0x080024c8   0x00000022   Code   RO         2357    i.LCD19264_Clear    lcd19264 driverv20.o
    0x080024ea   0x00000002   PAD
    0x080024ec   0x00000058   Code   RO         2358    i.LCD19264_DisChar  lcd19264 driverv20.o
    0x08002544   0x00000040   Code   RO         2361    i.LCD19264_DisOFF   lcd19264 driverv20.o
    0x08002584   0x00000040   Code   RO         2362    i.LCD19264_DisON    lcd19264 driverv20.o
    0x080025c4   0x00000020   Code   RO         2363    i.LCD19264_Display_String  lcd19264 driverv20.o
    0x080025e4   0x00000084   Code   RO         2366    i.LCD19264_Init     lcd19264 driverv20.o
    0x08002668   0x000000b8   Code   RO         2367    i.LCD19264_Posbyte  lcd19264 driverv20.o
    0x08002720   0x0000004c   Code   RO         2368    i.LCD19264_StartLine  lcd19264 driverv20.o
    0x0800276c   0x0000003c   Code   RO         2369    i.LCD_WriteCMD      lcd19264 driverv20.o
    0x080027a8   0x00000048   Code   RO         1898    i.LED_Blinking_task  mainv1.o
    0x080027f0   0x0000001a   Code   RO         3047    i.MP3_INPUT_STATUS  anjian.o
    0x0800280a   0x00000002   Code   RO         2797    i.MemManage_Handler  stm32f10x_it.o
    0x0800280c   0x00000002   Code   RO         2798    i.NMI_Handler       stm32f10x_it.o
    0x0800280e   0x00000070   Code   RO         1899    i.NVIC_Configuration  mainv1.o
    0x0800287e   0x0000005c   Code   RO           96    i.NVIC_Init         misc.o
    0x080028da   0x00000002   PAD
    0x080028dc   0x00000014   Code   RO           97    i.NVIC_PriorityGroupConfig  misc.o
    0x080028f0   0x0000010c   Code   RO         1900    i.PCRDS_Blinking_task  mainv1.o
    0x080029fc   0x0000009c   Code   RO         3229    i.PCRDS_set         app.o
    0x08002a98   0x00000050   Code   RO         3230    i.PS_Name_Save      app.o
    0x08002ae8   0x00000050   Code   RO         3231    i.PS_Name_Update    app.o
    0x08002b38   0x00000058   Code   RO         2600    i.PT2314_Init       pt2314.o
    0x08002b90   0x0000003e   Code   RO         2601    i.PT2314_SetNRegs   pt2314.o
    0x08002bce   0x0000002a   Code   RO         2602    i.PT2314_SetReg     pt2314.o
    0x08002bf8   0x00000018   Code   RO         2603    i.PT2314_Setup_Bass  pt2314.o
    0x08002c10   0x0000003c   Code   RO         2604    i.PT2314_Setup_CVD  pt2314.o
    0x08002c4c   0x00000018   Code   RO         2605    i.PT2314_Setup_Treble  pt2314.o
    0x08002c64   0x00000020   Code   RO         2606    i.PT2314_Setup_Volume  pt2314.o
    0x08002c84   0x0000000c   Code   RO         1268    i.PWR_BackupAccessCmd  stm32f10x_pwr.o
    0x08002c90   0x00000050   Code   RO         1901    i.Print_ZF_Table    mainv1.o
    0x08002ce0   0x0000001c   Code   RO         2680    i.QN8027_Delay      qn8027_driver.o
    0x08002cfc   0x000000b4   Code   RO         2681    i.QN8027_Init       qn8027_driver.o
    0x08002db0   0x00000050   Code   RO         2684    i.QN8027_ReadReg    qn8027_driver.o
    0x08002e00   0x00000040   Code   RO         2686    i.QN8027_WriteReg   qn8027_driver.o
    0x08002e40   0x0000002c   Code   RO         2687    i.QNd8027_SetChannel  qn8027_driver.o
    0x08002e6c   0x00000012   Code   RO         2689    i.QndMute           qn8027_driver.o
    0x08002e7e   0x00000014   Code   RO         2690    i.QndRdsMode        qn8027_driver.o
    0x08002e92   0x00000002   PAD
    0x08002e94   0x0000002c   Code   RO         2691    i.QndSetReg         qn8027_driver.o
    0x08002ec0   0x00000018   Code   RO          290    i.RCC_AHBPeriphClockCmd  stm32f10x_rcc.o
    0x08002ed8   0x00000018   Code   RO          291    i.RCC_APB1PeriphClockCmd  stm32f10x_rcc.o
    0x08002ef0   0x00000018   Code   RO          292    i.RCC_APB1PeriphResetCmd  stm32f10x_rcc.o
    0x08002f08   0x00000018   Code   RO          293    i.RCC_APB2PeriphClockCmd  stm32f10x_rcc.o
    0x08002f20   0x00000018   Code   RO          294    i.RCC_APB2PeriphResetCmd  stm32f10x_rcc.o
    0x08002f38   0x0000000c   Code   RO          296    i.RCC_BackupResetCmd  stm32f10x_rcc.o
    0x08002f44   0x00000098   Code   RO          301    i.RCC_GetClocksFreq  stm32f10x_rcc.o
    0x08002fdc   0x00000030   Code   RO          302    i.RCC_GetFlagStatus  stm32f10x_rcc.o
    0x0800300c   0x00000020   Code   RO          309    i.RCC_LSEConfig     stm32f10x_rcc.o
    0x0800302c   0x0000000c   Code   RO          316    i.RCC_RTCCLKCmd     stm32f10x_rcc.o
    0x08003038   0x00000010   Code   RO          317    i.RCC_RTCCLKConfig  stm32f10x_rcc.o
    0x08003048   0x00000014   Code   RO         3232    i.RDSData_Verify2   app.o
    0x0800305c   0x00000064   Code   RO         3233    i.RDS_DevicesGroup_Mode_Save  app.o
    0x080030c0   0x00000060   Code   RO         3234    i.RDS_DevicesGroup_Mode_Update  app.o
    0x08003120   0x0000008c   Code   RO         3235    i.RDS_task          app.o
    0x080031ac   0x00000070   Code   RO         3237    i.RDSsend_IDNum_task  app.o
    0x0800321c   0x00000040   Code   RO         3238    i.RDSsend_NULL      app.o
    0x0800325c   0x000000b4   Code   RO         3239    i.RDSsend_PS        app.o
    0x08003310   0x00000048   Code   RO         3241    i.RDSsend_Volume_task  app.o
    0x08003358   0x000000a8   Code   RO         3242    i.RDSsend_area_allset  app.o
    0x08003400   0x00000058   Code   RO         3243    i.RDSsend_pty       app.o
    0x08003458   0x00000118   Code   RO         3244    i.RDSsend_state     app.o
    0x08003570   0x000000a4   Code   RO         3245    i.RDSsend_txt       app.o
    0x08003614   0x00000024   Code   RO         3246    i.RDSsend_txt_task  app.o
    0x08003638   0x00000010   Code   RO         1329    i.RTC_ClearITPendingBit  stm32f10x_rtc.o
    0x08003648   0x00000058   Code   RO         1905    i.RTC_Configuration  mainv1.o
    0x080036a0   0x00000010   Code   RO         1330    i.RTC_EnterConfigMode  stm32f10x_rtc.o
    0x080036b0   0x00000010   Code   RO         1331    i.RTC_ExitConfigMode  stm32f10x_rtc.o
    0x080036c0   0x00000010   Code   RO         1332    i.RTC_GetCounter    stm32f10x_rtc.o
    0x080036d0   0x00000020   Code   RO         1335    i.RTC_GetITStatus   stm32f10x_rtc.o
    0x080036f0   0x00000088   Code   RO         2799    i.RTC_IRQHandler    stm32f10x_it.o
    0x08003778   0x0000001c   Code   RO         1336    i.RTC_ITConfig      stm32f10x_rtc.o
    0x08003794   0x0000001c   Code   RO         1338    i.RTC_SetCounter    stm32f10x_rtc.o
    0x080037b0   0x00000020   Code   RO         1339    i.RTC_SetPrescaler  stm32f10x_rtc.o
    0x080037d0   0x00000010   Code   RO         1340    i.RTC_WaitForLastTask  stm32f10x_rtc.o
    0x080037e0   0x0000001c   Code   RO         1341    i.RTC_WaitForSynchro  stm32f10x_rtc.o
    0x080037fc   0x0000005c   Code   RO         3247    i.Receive_areastate_int  app.o
    0x08003858   0x0000004c   Code   RO         3248    i.Receiveps_int     app.o
    0x080038a4   0x0000004c   Code   RO         3249    i.Receivetxt_int    app.o
    0x080038f0   0x00000590   Code   RO         1906    i.SET_Audio_And_Time  mainv1.o
    0x08003e80   0x00000244   Code   RO         1907    i.SET_FM_And_RF_Power  mainv1.o
    0x080040c4   0x000002b4   Code   RO         1908    i.SET_Temp_And_SWR  mainv1.o
    0x08004378   0x00000010   Code   RO         3250    i.SYS_PARAMETER_Save  app.o
    0x08004388   0x000000d4   Code   RO         3251    i.SYS_PARAMETER_Update  app.o
    0x0800445c   0x00000044   Code   RO         2370    i.SendByte          lcd19264 driverv20.o
    0x080044a0   0x00000094   Code   RO           10    i.SetSysClockTo72   system_stm32f10x.o
    0x08004534   0x00000014   Code   RO         2891    i.SetingWindos_DestroyFMchValue  show.o
    0x08004548   0x00000014   Code   RO         2892    i.SetingWindos_DestroyPowerValue  show.o
    0x0800455c   0x0000008c   Code   RO         2893    i.SetingWindos_ShowFMchValue  show.o
    0x080045e8   0x00000070   Code   RO         2894    i.SetingWindos_ShowPowerValue  show.o
    0x08004658   0x0000002a   Code   RO         1909    i.SetupSystemTime   mainv1.o
    0x08004682   0x00000002   PAD
    0x08004684   0x00000384   Code   RO         1910    i.Setup_Area_Name   mainv1.o
    0x08004a08   0x00000364   Code   RO         1911    i.Setup_PS_Name     mainv1.o
    0x08004d6c   0x0000044c   Code   RO         1912    i.Setup_RDSMode     mainv1.o
    0x080051b8   0x000003d4   Code   RO         1913    i.Setup_RDS_Window  mainv1.o
    0x0800558c   0x00000058   Code   RO         1914    i.Show_ALLSET_Area_Fullsetval  mainv1.o
    0x080055e4   0x0000008c   Code   RO         1915    i.Show_ALLSET_Area_Name  mainv1.o
    0x08005670   0x00000026   Code   RO         1916    i.Show_ALLSET_devgb  mainv1.o
    0x08005696   0x00000002   PAD
    0x08005698   0x0000005c   Code   RO         1917    i.Show_Area_Name    mainv1.o
    0x080056f4   0x00000064   Code   RO         1918    i.Show_DevStatus_Group  mainv1.o
    0x08005758   0x00000058   Code   RO         1919    i.Show_DevStatus_One  mainv1.o
    0x080057b0   0x0000005c   Code   RO         1920    i.Show_Device_hangnum  mainv1.o
    0x0800580c   0x00000098   Code   RO         2895    i.Show_FM           show.o
    0x080058a4   0x00000018   Code   RO         2896    i.Show_FSRF_Logo    show.o
    0x080058bc   0x00000068   Code   RO         2897    i.Show_I            show.o
    0x08005924   0x00000080   Code   RO         2898    i.Show_P            show.o
    0x080059a4   0x00000058   Code   RO         2899    i.Show_PEVal        show.o
    0x080059fc   0x00000044   Code   RO         1921    i.Show_PS_Name      mainv1.o
    0x08005a40   0x00000058   Code   RO         2900    i.Show_Picture      show.o
    0x08005a98   0x00000060   Code   RO         2901    i.Show_RDS          show.o
    0x08005af8   0x00000044   Code   RO         1922    i.Show_RDS_SetMode  mainv1.o
    0x08005b3c   0x00000018   Code   RO         2902    i.Show_RDS_logox    show.o
    0x08005b54   0x00000068   Code   RO         2903    i.Show_RP           show.o
    0x08005bbc   0x00000040   Code   RO         2904    i.Show_SWR          show.o
    0x08005bfc   0x00000054   Code   RO         2905    i.Show_T            show.o
    0x08005c50   0x00000040   Code   RO         2906    i.Show_TX           show.o
    0x08005c90   0x000000ac   Code   RO         2907    i.Show_Time         show.o
    0x08005d3c   0x000000f4   Code   RO         2908    i.Show_VOLB         show.o
    0x08005e30   0x000000f4   Code   RO         2909    i.Show_VOLH         show.o
    0x08005f24   0x00000040   Code   RO         2910    i.Show_Volume       show.o
    0x08005f64   0x00000050   Code   RO           12    i.SystemInit        system_stm32f10x.o
    0x08005fb4   0x00000032   Code   RO         1924    i.TBval_Change      mainv1.o
    0x08005fe6   0x00000002   PAD
    0x08005fe8   0x00000054   Code   RO         1925    i.TIM3Init          mainv1.o
    0x0800603c   0x00000058   Code   RO         2800    i.TIM3_IRQHandler   stm32f10x_it.o
    0x08006094   0x00000006   Code   RO          501    i.TIM_ClearITPendingBit  stm32f10x_tim.o
    0x0800609a   0x00000014   Code   RO          506    i.TIM_Cmd           stm32f10x_tim.o
    0x080060ae   0x00000002   PAD
    0x080060b0   0x00000170   Code   RO          511    i.TIM_DeInit        stm32f10x_tim.o
    0x08006220   0x00000010   Code   RO          531    i.TIM_ITConfig      stm32f10x_tim.o
    0x08006230   0x0000009c   Code   RO          577    i.TIM_TimeBaseInit  stm32f10x_tim.o
    0x080062cc   0x000000ec   Code   RO         2801    i.USART1_IRQHandler  stm32f10x_it.o
    0x080063b8   0x000000e4   Code   RO         2802    i.USART2_IRQHandler  stm32f10x_it.o
    0x0800649c   0x00000014   Code   RO         1032    i.USART_Cmd         stm32f10x_usart.o
    0x080064b0   0x0000003e   Code   RO         1036    i.USART_GetITStatus  stm32f10x_usart.o
    0x080064ee   0x00000030   Code   RO         1038    i.USART_ITConfig    stm32f10x_usart.o
    0x0800651e   0x00000002   PAD
    0x08006520   0x000000b4   Code   RO         1039    i.USART_Init        stm32f10x_usart.o
    0x080065d4   0x00000008   Code   RO         1046    i.USART_ReceiveData  stm32f10x_usart.o
    0x080065dc   0x00000008   Code   RO         1049    i.USART_SendData    stm32f10x_usart.o
    0x080065e4   0x00000038   Code   RO         1926    i.UpdateSystemTime  mainv1.o
    0x0800661c   0x00000002   Code   RO         2803    i.UsageFault_Handler  stm32f10x_it.o
    0x0800661e   0x00000008   Code   RO         2607    i.WaitUs            pt2314.o
    0x08006626   0x00000008   Code   RO         2692    i.WaitUs            qn8027_driver.o
    0x0800662e   0x00000008   Code   RO         3165    i.WaitUs            24c32.o
    0x08006636   0x00000002   PAD
    0x08006638   0x00000028   Code   RO         2371    i.WriteCommandL     lcd19264 driverv20.o
    0x08006660   0x00000028   Code   RO         2372    i.WriteCommandM     lcd19264 driverv20.o
    0x08006688   0x00000028   Code   RO         2373    i.WriteCommandR     lcd19264 driverv20.o
    0x080066b0   0x00000024   Code   RO         1795    i.__user_perthread_libspace  rtx_conf_cm.o
    0x080066d4   0x00000046   Code   RO         3882    i._init_box         RTX_CM3.LIB(rt_membox.o)
    0x0800671a   0x00000002   PAD
    0x0800671c   0x00000100   Code   RO         3467    i.adc_int           adc.o
    0x0800681c   0x00000060   Code   RO         3252    i.answer            app.o
    0x0800687c   0x00000044   Code   RO         1927    i.comdata_task      mainv1.o
    0x080068c0   0x00000030   Code   RO         3689    i.dbg_init          RTX_CM3.LIB(hal_cm3.o)
    0x080068f0   0x00000020   Code   RO         3690    i.dbg_task_notify   RTX_CM3.LIB(hal_cm3.o)
    0x08006910   0x00000010   Code   RO         3691    i.dbg_task_switch   RTX_CM3.LIB(hal_cm3.o)
    0x08006920   0x00000008   Code   RO         2374    i.delay             lcd19264 driverv20.o
    0x08006928   0x00000090   Code   RO         1929    i.filter_I          mainv1.o
    0x080069b8   0x00000090   Code   RO         1930    i.filter_p          mainv1.o
    0x08006a48   0x00000090   Code   RO         1931    i.filter_rp         mainv1.o
    0x08006ad8   0x0000007c   Code   RO         1932    i.filter_swr        mainv1.o
    0x08006b54   0x00000090   Code   RO         1933    i.filter_t          mainv1.o
    0x08006be4   0x00000090   Code   RO         1934    i.filter_vin        mainv1.o
    0x08006c74   0x00000078   Code   RO         1935    i.main              mainv1.o
    0x08006cec   0x00000a18   Code   RO         1936    i.main_task         mainv1.o
    0x08007704   0x0000002c   Code   RO         1799    i.os_error          rtx_conf_cm.o
    0x08007730   0x00000002   Code   RO         1800    i.os_idle_demon     rtx_conf_cm.o
    0x08007732   0x00000002   Code   RO         1801    i.os_tmr_call       rtx_conf_cm.o
    0x08007734   0x00000238   Code   RO         3253    i.protocol          app.o
    0x0800796c   0x0000003c   Code   RO         3254    i.ps_int            app.o
    0x080079a8   0x0000001c   Code   RO         3883    i.rt_alloc_box      RTX_CM3.LIB(rt_membox.o)
    0x080079c4   0x00000038   Code   RO         3496    i.rt_block          RTX_CM3.LIB(rt_task.o)
    0x080079fc   0x00000048   Code   RO         3860    i.rt_chk_robin      RTX_CM3.LIB(rt_robin.o)
    0x08007a44   0x00000084   Code   RO         3781    i.rt_dec_dly        RTX_CM3.LIB(rt_list.o)
    0x08007ac8   0x00000044   Code   RO         3497    i.rt_dispatch       RTX_CM3.LIB(rt_task.o)
    0x08007b0c   0x00000006   Code   RO         3637    i.rt_dly_wait       RTX_CM3.LIB(rt_time.o)
    0x08007b12   0x00000002   PAD
    0x08007b14   0x00000020   Code   RO         3592    i.rt_evt_clr        RTX_CM3.LIB(rt_event.o)
    0x08007b34   0x00000054   Code   RO         3594    i.rt_evt_psh        RTX_CM3.LIB(rt_event.o)
    0x08007b88   0x00000064   Code   RO         3595    i.rt_evt_set        RTX_CM3.LIB(rt_event.o)
    0x08007bec   0x00000044   Code   RO         3596    i.rt_evt_wait       RTX_CM3.LIB(rt_event.o)
    0x08007c30   0x00000020   Code   RO         3884    i.rt_free_box       RTX_CM3.LIB(rt_membox.o)
    0x08007c50   0x00000028   Code   RO         3782    i.rt_get_first      RTX_CM3.LIB(rt_list.o)
    0x08007c78   0x00000044   Code   RO         3498    i.rt_init_context   RTX_CM3.LIB(rt_task.o)
    0x08007cbc   0x00000018   Code   RO         3861    i.rt_init_robin     RTX_CM3.LIB(rt_robin.o)
    0x08007cd4   0x00000054   Code   RO         3692    i.rt_init_stack     RTX_CM3.LIB(hal_cm3.o)
    0x08007d28   0x000000c8   Code   RO         3918    i.rt_mbx_psh        RTX_CM3.LIB(rt_mailbox.o)
    0x08007df0   0x00000010   Code   RO         3664    i.rt_mut_init       RTX_CM3.LIB(rt_mutex.o)
    0x08007e00   0x000000ac   Code   RO         3665    i.rt_mut_release    RTX_CM3.LIB(rt_mutex.o)
    0x08007eac   0x00000068   Code   RO         3666    i.rt_mut_wait       RTX_CM3.LIB(rt_mutex.o)
    0x08007f14   0x00000084   Code   RO         3730    i.rt_pop_req        RTX_CM3.LIB(rt_system.o)
    0x08007f98   0x00000058   Code   RO         3785    i.rt_put_dly        RTX_CM3.LIB(rt_list.o)
    0x08007ff0   0x00000036   Code   RO         3786    i.rt_put_prio       RTX_CM3.LIB(rt_list.o)
    0x08008026   0x00000002   PAD
    0x08008028   0x00000014   Code   RO         3787    i.rt_put_rdy_first  RTX_CM3.LIB(rt_list.o)
    0x0800803c   0x00000034   Code   RO         3788    i.rt_resort_prio    RTX_CM3.LIB(rt_list.o)
    0x08008070   0x0000002c   Code   RO         3789    i.rt_rmv_dly        RTX_CM3.LIB(rt_list.o)
    0x0800809c   0x00000030   Code   RO         3790    i.rt_rmv_list       RTX_CM3.LIB(rt_list.o)
    0x080080cc   0x00000034   Code   RO         3964    i.rt_sem_psh        RTX_CM3.LIB(rt_semaphore.o)
    0x08008100   0x00000002   Code   RO         1802    i.rt_stk_check      rtx_conf_cm.o
    0x08008102   0x00000002   PAD
    0x08008104   0x00000028   Code   RO         3499    i.rt_switch_req     RTX_CM3.LIB(rt_task.o)
    0x0800812c   0x00000128   Code   RO         3500    i.rt_sys_init       RTX_CM3.LIB(rt_task.o)
    0x08008254   0x0000003c   Code   RO         3733    i.rt_systick        RTX_CM3.LIB(rt_system.o)
    0x08008290   0x00000040   Code   RO         4000    i.rt_tmr_tick       RTX_CM3.LIB(rt_timer.o)
    0x080082d0   0x00000090   Code   RO         3501    i.rt_tsk_create     RTX_CM3.LIB(rt_task.o)
    0x08008360   0x000000ac   Code   RO         3502    i.rt_tsk_delete     RTX_CM3.LIB(rt_task.o)
    0x0800840c   0x00000010   Code   RO         3505    i.rt_tsk_self       RTX_CM3.LIB(rt_task.o)
    0x0800841c   0x00000164   Code   RO         3255    i.send_pdata        app.o
    0x08008580   0x00000022   Code   RO         3256    i.toggle            app.o
    0x080085a2   0x00000020   Code   RO         3257    i.turn              app.o
    0x080085c2   0x00000002   PAD
    0x080085c4   0x00000038   Code   RO         3258    i.txt_int           app.o
    0x080085fc   0x0000002c   Code   RO         4156    locale$$code        c_w.l(lc_ctype_c.o)
    0x08008628   0x00000062   Code   RO         4046    x$fpl$d2f           fz_ws.l(d2f.o)
    0x0800868a   0x00000002   PAD
    0x0800868c   0x000002b0   Code   RO         4049    x$fpl$ddiv          fz_ws.l(ddiv.o)
    0x0800893c   0x00000026   Code   RO         4052    x$fpl$dfltu         fz_ws.l(dflt_clz.o)
    0x08008962   0x0000009c   Code   RO         4092    x$fpl$dnaninf       fz_ws.l(dnaninf.o)
    0x080089fe   0x0000000c   Code   RO         4094    x$fpl$dretinf       fz_ws.l(dretinf.o)
    0x08008a0a   0x00000002   PAD
    0x08008a0c   0x000000c4   Code   RO         4058    x$fpl$fadd          fz_ws.l(faddsub_clz.o)
    0x08008ad0   0x0000000c   Code   RO         4096    x$fpl$fcheck1       fz_ws.l(fcheck1.o)
    0x08008adc   0x00000018   Code   RO         4127    x$fpl$fcmpinf       fz_ws.l(fcmpi.o)
    0x08008af4   0x00000184   Code   RO         4065    x$fpl$fdiv          fz_ws.l(fdiv.o)
    0x08008c78   0x0000003e   Code   RO         4068    x$fpl$ffixu         fz_ws.l(ffixu.o)
    0x08008cb6   0x00000002   PAD
    0x08008cb8   0x00000026   Code   RO         4072    x$fpl$ffltu         fz_ws.l(fflt_clz.o)
    0x08008cde   0x00000002   PAD
    0x08008ce0   0x00000068   Code   RO         4098    x$fpl$fleqf         fz_ws.l(fleqf.o)
    0x08008d48   0x00000102   Code   RO         4078    x$fpl$fmul          fz_ws.l(fmul.o)
    0x08008e4a   0x0000008c   Code   RO         4100    x$fpl$fnaninf       fz_ws.l(fnaninf.o)
    0x08008ed6   0x0000000e   Code   RO         4199    x$fpl$fpinit        fz_ws.l(fpinit.o)
    0x08008ee4   0x0000000a   Code   RO         4102    x$fpl$fretinf       fz_ws.l(fretinf.o)
    0x08008eee   0x00000062   Code   RO         4080    x$fpl$frleqf        fz_ws.l(frleqf.o)
    0x08008f50   0x000000ea   Code   RO         4060    x$fpl$fsub          fz_ws.l(faddsub_clz.o)
    0x0800903a   0x00000064   Code   RO         4129    x$fpl$retnan        fz_ws.l(retnan.o)
    0x0800909e   0x00000050   Code   RO         4082    x$fpl$scalbnf       fz_ws.l(scalbnf.o)
    0x080090ee   0x00000030   Code   RO         4144    x$fpl$trapveneer    fz_ws.l(trapv.o)
    0x0800911e   0x00000000   Code   RO         4104    x$fpl$usenofp       fz_ws.l(usenofp.o)
    0x0800911e   0x00000002   Data   RO         1808    .constdata          rtx_conf_cm.o
    0x08009120   0x00000004   Data   RO         1809    .constdata          rtx_conf_cm.o
    0x08009124   0x00000004   Data   RO         1810    .constdata          rtx_conf_cm.o
    0x08009128   0x00000004   Data   RO         1811    .constdata          rtx_conf_cm.o
    0x0800912c   0x00000001   Data   RO         1812    .constdata          rtx_conf_cm.o
    0x0800912d   0x00000003   PAD
    0x08009130   0x00000008   Data   RO         1813    .constdata          rtx_conf_cm.o
    0x08009138   0x00000002   Data   RO         1814    .constdata          rtx_conf_cm.o
    0x0800913a   0x00000002   PAD
    0x0800913c   0x00000004   Data   RO         1815    .constdata          rtx_conf_cm.o
    0x08009140   0x00000001   Data   RO         1816    .constdata          rtx_conf_cm.o
    0x08009141   0x00000001   PAD
    0x08009142   0x00000002   Data   RO         1817    .constdata          rtx_conf_cm.o
    0x08009144   0x00000068   Data   RO         1940    .constdata          mainv1.o
    0x080091ac   0x00000818   Data   RO         2375    .constdata          lcd19264 driverv20.o
    0x080099c4   0x00000300   Data   RO         2502    .constdata          drawpicture.o
    0x08009cc4   0x00000170   Data   RO         2911    .constdata          show.o
    0x08009e34   0x00000008   Data   RO         2912    .constdata          show.o
    0x08009e3c   0x00000008   Data   RO         2913    .constdata          show.o
    0x08009e44   0x00000008   Data   RO         2914    .constdata          show.o
    0x08009e4c   0x00000008   Data   RO         2915    .constdata          show.o
    0x08009e54   0x00000008   Data   RO         2916    .constdata          show.o
    0x08009e5c   0x00000008   Data   RO         2917    .constdata          show.o
    0x08009e64   0x00000008   Data   RO         2918    .constdata          show.o
    0x08009e6c   0x0000000b   Data   RO         2919    .constdata          show.o
    0x08009e77   0x0000000b   Data   RO         2920    .constdata          show.o
    0x08009e82   0x0000000b   Data   RO         2921    .constdata          show.o
    0x08009e8d   0x0000000b   Data   RO         2922    .constdata          show.o
    0x08009e98   0x0000001a   Data   RO         2923    .constdata          show.o
    0x08009eb2   0x00000002   PAD
    0x08009eb4   0x00000020   Data   RO         4284    Region$$Table       anon$$obj.o
    0x08009ed4   0x00000110   Data   RO         4155    locale$$data        c_w.l(lc_ctype_c.o)


    Execution Region RW_IRAM1 (Base: 0x20000000, Size: 0x000052f8, Max: 0x00010000, ABSOLUTE, COMPRESSED[0x0000004c])

    Base Addr    Size         Type   Attr      Idx    E Section Name        Object

    0x20000000   0x00000014   Data   RW          321    .data               stm32f10x_rcc.o
    0x20000014   0x00000004   Data   RW         1818    .data               rtx_conf_cm.o
    0x20000018   0x00000144   Data   RW         1942    .data               mainv1.o
    0x2000015c   0x00000001   Data   RW         1943    .data               mainv1.o
    0x2000015d   0x00000001   Data   RW         1944    .data               mainv1.o
    0x2000015e   0x00000001   Data   RW         1945    .data               mainv1.o
    0x2000015f   0x00000001   Data   RW         1946    .data               mainv1.o
    0x20000160   0x00000001   Data   RW         1947    .data               mainv1.o
    0x20000161   0x00000001   PAD
    0x20000162   0x00000002   Data   RW         1949    .data               mainv1.o
    0x20000164   0x00000001   Data   RW         1952    .data               mainv1.o
    0x20000165   0x00000001   Data   RW         1953    .data               mainv1.o
    0x20000166   0x00000001   Data   RW         1954    .data               mainv1.o
    0x20000167   0x00000001   Data   RW         1955    .data               mainv1.o
    0x20000168   0x00000001   Data   RW         1956    .data               mainv1.o
    0x20000169   0x00000001   Data   RW         1957    .data               mainv1.o
    0x2000016a   0x00000001   Data   RW         1958    .data               mainv1.o
    0x2000016b   0x00000001   Data   RW         1959    .data               mainv1.o
    0x2000016c   0x00000001   Data   RW         1960    .data               mainv1.o
    0x2000016d   0x00000001   Data   RW         1961    .data               mainv1.o
    0x2000016e   0x00000002   Data   RW         1962    .data               mainv1.o
    0x20000170   0x00000004   Data   RW         1964    .data               mainv1.o
    0x20000174   0x00000001   Data   RW         2608    .data               pt2314.o
    0x20000175   0x00000003   Data   RW         2693    .data               qn8027_driver.o
    0x20000178   0x00000018   Data   RW         3049    .data               anjian.o
    0x20000190   0x00000001   Data   RW         3166    .data               24c32.o
    0x20000191   0x00000003   PAD
    0x20000194   0x00000064   Data   RW         3263    .data               app.o
    0x200001f8   0x00000001   Data   RW         3268    .data               app.o
    0x200001f9   0x00000003   PAD
    0x200001fc   0x00000008   Data   RW         3507    .data               RTX_CM3.LIB(rt_task.o)
    0x20000204   0x00000002   Data   RW         3640    .data               RTX_CM3.LIB(rt_time.o)
    0x20000206   0x00000001   Data   RW         3693    .data               RTX_CM3.LIB(hal_cm3.o)
    0x20000207   0x00000002   Data   RW         3736    .data               RTX_CM3.LIB(rt_system.o)
    0x20000209   0x00000003   PAD
    0x2000020c   0x00000008   Data   RW         3862    .data               RTX_CM3.LIB(rt_robin.o)
    0x20000214   0x00000008   Data   RW         4001    .data               RTX_CM3.LIB(rt_timer.o)
    0x2000021c   0x0000024c   Zero   RW         1803    .bss                rtx_conf_cm.o
    0x20000468   0x000032d8   Zero   RW         1804    .bss                rtx_conf_cm.o
    0x20003740   0x00000104   Zero   RW         1805    .bss                rtx_conf_cm.o
    0x20003844   0x00000030   Zero   RW         1806    .bss                rtx_conf_cm.o
    0x20003874   0x000004e0   Zero   RW         1807    .bss                rtx_conf_cm.o
    0x20003d54   0x00000004   PAD
    0x20003d58   0x00000656   Zero   RW         1937    .bss                mainv1.o
    0x200043ae   0x00000020   Zero   RW         1938    .bss                mainv1.o
    0x200043ce   0x00000020   Zero   RW         1939    .bss                mainv1.o
    0x200043ee   0x00000600   Zero   RW         2501    .bss                drawpicture.o
    0x200049ee   0x00000002   PAD
    0x200049f0   0x000001f8   Zero   RW         3259    .bss                app.o
    0x20004be8   0x0000004a   Zero   RW         3469    .bss                adc.o
    0x20004c32   0x00000002   PAD
    0x20004c34   0x00000030   Zero   RW         3506    .bss                RTX_CM3.LIB(rt_task.o)
    0x20004c64   0x00000030   Zero   RW         3791    .bss                RTX_CM3.LIB(rt_list.o)
    0x20004c94   0x00000060   Zero   RW         4028    .bss                c_w.l(libspace.o)
    0x20004cf4   0x00000004   PAD
    0x20004cf8   0x00000200   Zero   RW            2    HEAP                startup_stm32f10x_md.o
    0x20004ef8   0x00000400   Zero   RW            1    STACK               startup_stm32f10x_md.o


==============================================================================

Image component sizes


      Code (inc. data)   RO Data    RW Data    ZI Data      Debug   Object Name

       712         44          0          1          0       5379   24c32.o
       284         18          0          0         74       1899   adc.o
       570         64          0         24          0       6513   anjian.o
      3854        550          0        101        504      24641   app.o
       192         10          0          0          0       2215   dac5615.o
       978         42        768          0       1536      10042   drawpicture.o
       946         94       2072          0          0      10902   lcd19264 driverv20.o
     13698       1442        104        347       1686     293159   mainv1.o
       112         10          0          0          0      12603   misc.o
       632         56          0          1          0       7211   pt2314.o
       950         56          0          3          0       8685   qn8027_driver.o
        86         14         32          4      15160       8358   rtx_conf_cm.o
      2036        234        494          0          0      11333   show.o
        64         26        236          0       1536        960   startup_stm32f10x_md.o
       296         10          0          0          0      17473   stm32f10x_adc.o
        42         12          0          0          0       2912   stm32f10x_bkp.o
       316          8          0          0          0      13958   stm32f10x_dma.o
       164         14          0          0          0       4926   stm32f10x_exti.o
       218          6          0          0          0      13394   stm32f10x_gpio.o
       700        134          0          0          0     206768   stm32f10x_it.o
        12          6          0          0          0        574   stm32f10x_pwr.o
       392         78          0         20          0      18796   stm32f10x_rcc.o
       228         46          0          0          0       6506   stm32f10x_rtc.o
       566        106          0          0          0      25868   stm32f10x_tim.o
       326          4          0          0          0      12559   stm32f10x_usart.o
       228         26          0          0          0     241401   system_stm32f10x.o

    ----------------------------------------------------------------------
     28648       3110       3746        508      20504     969035   Object Totals
         0          0         32          0          0          0   (incl. Generated)
        46          0          8          7          8          0   (incl. Padding)

    ----------------------------------------------------------------------

      Code (inc. data)   RO Data    RW Data    ZI Data      Debug   Library Member Name

         4          4          0          0          0        136   SVC_Table.o
       512         66          0          1          0       2541   hal_cm3.o
       284         20          0          0          0       2321   rt_event.o
       478         28          0          0         48       4346   rt_list.o
       200          4          0          0          0        741   rt_mailbox.o
       130          0          0          0          0       1705   rt_membox.o
       292         14          0          0          0       1753   rt_mutex.o
        96         24          0          8          0        954   rt_robin.o
        52          6          0          0          0        513   rt_semaphore.o
       192         30          0          2          0       1146   rt_system.o
       860        162          0          8         48       6822   rt_task.o
         6          0          0          2          0        528   rt_time.o
        64          8          0          8          0        603   rt_timer.o
        60          8          0          0          0         84   __0sscanf.o
        90          0          0          0          0          0   __dczerorl2.o
         8          0          0          0          0         68   __main.o
        52          8          0          0          0          0   __scatter.o
        28          0          0          0          0          0   __scatter_zi.o
       904          4          0          0          0        100   _scanf.o
       222          0          0          0          0         96   _scanf_str.o
        64          0          0          0          0         84   _sgetc.o
        16          0          0          0          0         68   aeabi_memset.o
        12          0          0          0          0         68   exit.o
         6          0          0          0          0        152   heapauxi.o
        18          0          0          0          0         76   isspace.o
        44         10        272          0          0         76   lc_ctype_c.o
         6          0          0          0          0          0   libinit.o
        20          0          0          0          0          0   libinit2.o
         2          0          0          0          0          0   libshutdown.o
         2          0          0          0          0          0   libshutdown2.o
         8          4          0          0         96         68   libspace.o
        16          4          0          0          0         76   rt_ctype_table.o
        10          0          0          0          0         76   rt_fp_status_addr_twolibspace.o
        10          0          0          0          0         76   rt_locale_twolibspace.o
        68          0          0          0          0         68   rt_memclr.o
        78          0          0          0          0         80   rt_memclr_w.o
       138          0          0          0          0         68   rt_memcpy_v6.o
       100          0          0          0          0         80   rt_memcpy_w.o
         0          0          0          0          0          0   rtentry.o
        12          0          0          0          0          0   rtentry2.o
         6          0          0          0          0          0   rtentry4.o
         2          0          0          0          0          0   rtexit.o
        10          0          0          0          0          0   rtexit2.o
        48         10          0          0          0         84   scanf_char.o
       128          0          0          0          0         68   strcmpv7m.o
        12          4          0          0          0         68   sys_exit.o
        74          0          0          0          0         80   sys_stackheap_outer.o
         2          0          0          0          0         68   use_no_semi.o
        98          4          0          0          0         92   d2f.o
       688        140          0          0          0        212   ddiv.o
        38          0          0          0          0         68   dflt_clz.o
       156          4          0          0          0         92   dnaninf.o
        12          0          0          0          0         68   dretinf.o
       430          8          0          0          0        168   faddsub_clz.o
        12          4          0          0          0         68   fcheck1.o
        24          0          0          0          0         68   fcmpi.o
       388         76          0          0          0         96   fdiv.o
        62          4          0          0          0         84   ffixu.o
        38          0          0          0          0         68   fflt_clz.o
       104          4          0          0          0         84   fleqf.o
       258          4          0          0          0         84   fmul.o
       140          4          0          0          0         84   fnaninf.o
        14          0          0          0          0         76   fpinit.o
        10          0          0          0          0         68   fretinf.o
        98          0          0          0          0         68   frleqf.o
       100          0          0          0          0         68   retnan.o
        80          0          0          0          0         68   scalbnf.o
        48          0          0          0          0         68   trapv.o
         0          0          0          0          0          0   usenofp.o

    ----------------------------------------------------------------------
      8266        670        272         32        196      27693   Library Totals
        22          0          0          3          4          0   (incl. Padding)

    ----------------------------------------------------------------------

      Code (inc. data)   RO Data    RW Data    ZI Data      Debug   Library Name

      3170        366          0         29         96      24109   RTX_CM3.LIB
      2276         52        272          0         96       1832   c_w.l
      2798        252          0          0          0       1752   fz_ws.l

    ----------------------------------------------------------------------
      8266        670        272         32        196      27693   Library Totals

    ----------------------------------------------------------------------

==============================================================================


      Code (inc. data)   RO Data    RW Data    ZI Data      Debug   

     36914       3780       4018        540      20700     978892   Grand Totals
     36914       3780       4018         76      20700     978892   ELF Image Totals (compressed)
     36914       3780       4018         76          0          0   ROM Totals

==============================================================================

    Total RO  Size (Code + RO Data)                40932 (  39.97kB)
    Total RW  Size (RW Data + ZI Data)             21240 (  20.74kB)
    Total ROM Size (Code + RO Data + RW Data)      41008 (  40.05kB)

==============================================================================

