ARM Linker, 4.1 [Build 644] [Standard]

==============================================================================

Section Cross References

    startup_stm32f10x_md.o(STACK) refers (Special) to heapauxi.o(.text) for __use_two_region_memory
    startup_stm32f10x_md.o(HEAP) refers (Special) to heapauxi.o(.text) for __use_two_region_memory
    startup_stm32f10x_md.o(RESET) refers (Special) to heapauxi.o(.text) for __use_two_region_memory
    startup_stm32f10x_md.o(RESET) refers to startup_stm32f10x_md.o(STACK) for __initial_sp
    startup_stm32f10x_md.o(RESET) refers to startup_stm32f10x_md.o(.text) for Reset_Handler
    startup_stm32f10x_md.o(RESET) refers to stm32f10x_it.o(i.NMI_Handler) for NMI_Handler
    startup_stm32f10x_md.o(RESET) refers to stm32f10x_it.o(i.HardFault_Handler) for HardFault_Handler
    startup_stm32f10x_md.o(RESET) refers to stm32f10x_it.o(i.MemManage_Handler) for MemManage_Handler
    startup_stm32f10x_md.o(RESET) refers to stm32f10x_it.o(i.BusFault_Handler) for BusFault_Handler
    startup_stm32f10x_md.o(RESET) refers to stm32f10x_it.o(i.UsageFault_Handler) for UsageFault_Handler
    startup_stm32f10x_md.o(RESET) refers to hal_cm3.o(.emb_text) for SVC_Handler
    startup_stm32f10x_md.o(RESET) refers to stm32f10x_it.o(i.DebugMon_Handler) for DebugMon_Handler
    startup_stm32f10x_md.o(RESET) refers to stm32f10x_it.o(i.RTC_IRQHandler) for RTC_IRQHandler
    startup_stm32f10x_md.o(RESET) refers to stm32f10x_it.o(i.TIM3_IRQHandler) for TIM3_IRQHandler
    startup_stm32f10x_md.o(RESET) refers to stm32f10x_it.o(i.USART1_IRQHandler) for USART1_IRQHandler
    startup_stm32f10x_md.o(RESET) refers to stm32f10x_it.o(i.USART2_IRQHandler) for USART2_IRQHandler
    startup_stm32f10x_md.o(.text) refers (Special) to heapauxi.o(.text) for __use_two_region_memory
    startup_stm32f10x_md.o(.text) refers to system_stm32f10x.o(i.SystemInit) for SystemInit
    startup_stm32f10x_md.o(.text) refers to __main.o(!!!main) for __main
    startup_stm32f10x_md.o(.text) refers to startup_stm32f10x_md.o(HEAP) for Heap_Mem
    startup_stm32f10x_md.o(.text) refers to startup_stm32f10x_md.o(STACK) for Stack_Mem
    system_stm32f10x.o(i.SystemCoreClockUpdate) refers to system_stm32f10x.o(.data) for .data
    system_stm32f10x.o(i.SystemInit) refers to system_stm32f10x.o(i.SetSysClockTo72) for SetSysClockTo72
    stm32f10x_gpio.o(i.GPIO_AFIODeInit) refers to stm32f10x_rcc.o(i.RCC_APB2PeriphResetCmd) for RCC_APB2PeriphResetCmd
    stm32f10x_gpio.o(i.GPIO_DeInit) refers to stm32f10x_rcc.o(i.RCC_APB2PeriphResetCmd) for RCC_APB2PeriphResetCmd
    stm32f10x_rcc.o(i.RCC_GetClocksFreq) refers to stm32f10x_rcc.o(.data) for .data
    stm32f10x_rcc.o(i.RCC_WaitForHSEStartUp) refers to stm32f10x_rcc.o(i.RCC_GetFlagStatus) for RCC_GetFlagStatus
    stm32f10x_tim.o(i.TIM_DeInit) refers to stm32f10x_rcc.o(i.RCC_APB1PeriphResetCmd) for RCC_APB1PeriphResetCmd
    stm32f10x_tim.o(i.TIM_DeInit) refers to stm32f10x_rcc.o(i.RCC_APB2PeriphResetCmd) for RCC_APB2PeriphResetCmd
    stm32f10x_tim.o(i.TIM_ETRClockMode1Config) refers to stm32f10x_tim.o(i.TIM_ETRConfig) for TIM_ETRConfig
    stm32f10x_tim.o(i.TIM_ETRClockMode2Config) refers to stm32f10x_tim.o(i.TIM_ETRConfig) for TIM_ETRConfig
    stm32f10x_tim.o(i.TIM_ICInit) refers to stm32f10x_tim.o(i.TI1_Config) for TI1_Config
    stm32f10x_tim.o(i.TIM_ICInit) refers to stm32f10x_tim.o(i.TIM_SetIC1Prescaler) for TIM_SetIC1Prescaler
    stm32f10x_tim.o(i.TIM_ICInit) refers to stm32f10x_tim.o(i.TI2_Config) for TI2_Config
    stm32f10x_tim.o(i.TIM_ICInit) refers to stm32f10x_tim.o(i.TIM_SetIC2Prescaler) for TIM_SetIC2Prescaler
    stm32f10x_tim.o(i.TIM_ICInit) refers to stm32f10x_tim.o(i.TIM_SetIC3Prescaler) for TIM_SetIC3Prescaler
    stm32f10x_tim.o(i.TIM_ICInit) refers to stm32f10x_tim.o(i.TIM_SetIC4Prescaler) for TIM_SetIC4Prescaler
    stm32f10x_tim.o(i.TIM_ITRxExternalClockConfig) refers to stm32f10x_tim.o(i.TIM_SelectInputTrigger) for TIM_SelectInputTrigger
    stm32f10x_tim.o(i.TIM_PWMIConfig) refers to stm32f10x_tim.o(i.TI2_Config) for TI2_Config
    stm32f10x_tim.o(i.TIM_PWMIConfig) refers to stm32f10x_tim.o(i.TIM_SetIC2Prescaler) for TIM_SetIC2Prescaler
    stm32f10x_tim.o(i.TIM_PWMIConfig) refers to stm32f10x_tim.o(i.TI1_Config) for TI1_Config
    stm32f10x_tim.o(i.TIM_PWMIConfig) refers to stm32f10x_tim.o(i.TIM_SetIC1Prescaler) for TIM_SetIC1Prescaler
    stm32f10x_tim.o(i.TIM_TIxExternalClockConfig) refers to stm32f10x_tim.o(i.TI1_Config) for TI1_Config
    stm32f10x_tim.o(i.TIM_TIxExternalClockConfig) refers to stm32f10x_tim.o(i.TIM_SelectInputTrigger) for TIM_SelectInputTrigger
    stm32f10x_tim.o(i.TIM_TIxExternalClockConfig) refers to stm32f10x_tim.o(i.TI2_Config) for TI2_Config
    stm32f10x_usart.o(i.USART_DeInit) refers to stm32f10x_rcc.o(i.RCC_APB2PeriphResetCmd) for RCC_APB2PeriphResetCmd
    stm32f10x_usart.o(i.USART_DeInit) refers to stm32f10x_rcc.o(i.RCC_APB1PeriphResetCmd) for RCC_APB1PeriphResetCmd
[...]
    __rt_ctype_table                         0x08000a79   Thumb Code    16  rt_ctype_table.o(.text)
    exit                                     0x08000a89   Thumb Code    12  exit.o(.text)
    __rt_locale                              0x08000a95   Thumb Code    10  rt_locale_twolibspace.o(.text)
    __rt_fp_status_addr                      0x08000a9f   Thumb Code    10  rt_fp_status_addr_twolibspace.o(.text)
    strcmp                                   0x08000aa9   Thumb Code   128  strcmpv7m.o(.text)
    _sys_exit                                0x08000b29   Thumb Code     8  sys_exit.o(.text)
    __I$use$semihosting                      0x08000b35   Thumb Code     0  use_no_semi.o(.text)
    __use_no_semihosting_swi                 0x08000b35   Thumb Code     2  use_no_semi.o(.text)
    SVC_Count                                0x08000b38   Data           4  SVC_Table.o(SVC_TABLE)
    ADC_Cmd                                  0x08000b3d   Thumb Code    20  stm32f10x_adc.o(i.ADC_Cmd)
    SVC_Table                                0x08000b3c   Data           0  SVC_Table.o(SVC_TABLE)
    ADC_DMACmd                               0x08000b51   Thumb Code    20  stm32f10x_adc.o(i.ADC_DMACmd)
    ADC_GPIO_Configuration                   0x08000b65   Thumb Code    24  adc.o(i.ADC_GPIO_Configuration)
    ADC_GetCalibrationStatus                 0x08000b81   Thumb Code    14  stm32f10x_adc.o(i.ADC_GetCalibrationStatus)
    ADC_GetResetCalibrationStatus            0x08000b8f   Thumb Code    14  stm32f10x_adc.o(i.ADC_GetResetCalibrationStatus)
    ADC_Init                                 0x08000b9d   Thumb Code    62  stm32f10x_adc.o(i.ADC_Init)
    ADC_RegularChannelConfig                 0x08000be5   Thumb Code   116  stm32f10x_adc.o(i.ADC_RegularChannelConfig)
    ADC_ResetCalibration                     0x08000c59   Thumb Code    10  stm32f10x_adc.o(i.ADC_ResetCalibration)
    ADC_SoftwareStartConvCmd                 0x08000c63   Thumb Code    20  stm32f10x_adc.o(i.ADC_SoftwareStartConvCmd)
    ADC_StartCalibration                     0x08000c77   Thumb Code    10  stm32f10x_adc.o(i.ADC_StartCalibration)
    AUX_INPUT_STATUS                         0x08000c81   Thumb Code    26  anjian.o(i.AUX_INPUT_STATUS)
    Alarm_task                               0x08000c9d   Thumb Code   112  mainv1.o(i.Alarm_task)
    Answer_handshake                         0x08000d2d   Thumb Code    64  app.o(i.Answer_handshake)
    Area_Name_Save                           0x08000d8d   Thumb Code    76  app.o(i.Area_Name_Save)
    Area_Name_Update                         0x08000de1   Thumb Code    76  app.o(i.Area_Name_Update)
    AutoAdjustPower_task                     0x08000e35   Thumb Code   122  mainv1.o(i.AutoAdjustPower_task)
    AutoChoiceAudio_task                     0x08000ebd   Thumb Code   110  mainv1.o(i.AutoChoiceAudio_task)
    BEEP_task                                0x08000f39   Thumb Code    84  mainv1.o(i.BEEP_task)
    BKP_DeInit                               0x08000f9d   Thumb Code    18  stm32f10x_bkp.o(i.BKP_DeInit)
    BKP_ReadBackupRegister                   0x08000fb1   Thumb Code     6  stm32f10x_bkp.o(i.BKP_ReadBackupRegister)
    BKP_WriteBackupRegister                  0x08000fbd   Thumb Code     6  stm32f10x_bkp.o(i.BKP_WriteBackupRegister)
    BusFault_Handler                         0x08000fc9   Thumb Code     2  stm32f10x_it.o(i.BusFault_Handler)
    COM1_2Init                               0x08000fcd   Thumb Code   238  mainv1.o(i.COM1_2Init)
    CollectShowCurrent                       0x080010cd   Thumb Code    18  mainv1.o(i.CollectShowCurrent)
    CollectShowPower                         0x080010e5   Thumb Code    18  mainv1.o(i.CollectShowPower)
    CollectShowRPower                        0x080010fd   Thumb Code    20  mainv1.o(i.CollectShowRPower)
    CollectShowTempval                       0x08001115   Thumb Code    18  mainv1.o(i.CollectShowTempval)
    DAC5615Out                               0x0800112d   Thumb Code   126  dac5615.o(i.DAC5615Out)
    DAC5615_Init                             0x080011b1   Thumb Code    48  dac5615.o(i.DAC5615_Init)
    DAC5615delay                             0x080011e5   Thumb Code     8  dac5615.o(i.DAC5615delay)
    DMA_Cmd                                  0x080011ed   Thumb Code    22  stm32f10x_dma.o(i.DMA_Cmd)
    DMA_DeInit                               0x08001205   Thumb Code   228  stm32f10x_dma.o(i.DMA_DeInit)
    DMA_Init                                 0x080012f1   Thumb Code    58  stm32f10x_dma.o(i.DMA_Init)
    DebugMode                                0x0800132d   Thumb Code  1122  mainv1.o(i.DebugMode)
    DebugMon_Handler                         0x0800178f   Thumb Code     2  stm32f10x_it.o(i.DebugMon_Handler)
    Delay_ms                                 0x08001791   Thumb Code    18  mainv1.o(i.Delay_ms)
    Draw_Ascii6X8                            0x080017a5   Thumb Code    90  drawpicture.o(i.Draw_Ascii6X8)
    Draw_Ascii6X8_Downline                   0x08001805   Thumb Code   100  drawpicture.o(i.Draw_Ascii6X8_Downline)
    Draw_Clear                               0x0800186d   Thumb Code    14  drawpicture.o(i.Draw_Clear)
    Draw_Clear_DDRAM                         0x0800187d   Thumb Code    38  drawpicture.o(i.Draw_Clear_DDRAM)
    Draw_Fill                                0x080018a9   Thumb Code    42  drawpicture.o(i.Draw_Fill)
    Draw_GetPointColor                       0x080018d5   Thumb Code    30  drawpicture.o(i.Draw_GetPointColor)
    Draw_Line                                0x080018f9   Thumb Code   218  drawpicture.o(i.Draw_Line)
    Draw_Lump_fb                             0x080019d3   Thumb Code    70  drawpicture.o(i.Draw_Lump_fb)
    Draw_Picture_logoRDS                     0x08001a19   Thumb Code    46  drawpicture.o(i.Draw_Picture_logoRDS)
    Draw_Point                               0x08001a51   Thumb Code    62  drawpicture.o(i.Draw_Point)
    Draw_Rect                                0x08001a95   Thumb Code    62  drawpicture.o(i.Draw_Rect)
    Draw_String6X8                           0x08001ad3   Thumb Code    32  drawpicture.o(i.Draw_String6X8)
    Draw_UpdateToLCD                         0x08001af5   Thumb Code    44  drawpicture.o(i.Draw_UpdateToLCD)
    Draw_XLine                               0x08001b25   Thumb Code    44  drawpicture.o(i.Draw_XLine)
    Draw_YLine                               0x08001b51   Thumb Code    44  drawpicture.o(i.Draw_YLine)
    Dveid_Int                                0x08001b7d   Thumb Code    12  app.o(i.Dveid_Int)
    EEPROM_ReadBytes                         0x08001b8d   Thumb Code   162  24c32.o(i.EEPROM_ReadBytes)
    EEPROM_WriteBytes                        0x08001c39   Thumb Code    98  24c32.o(i.EEPROM_WriteBytes)
    EXTI_ClearFlag                           0x08001ca1   Thumb Code     6  stm32f10x_exti.o(i.EXTI_ClearFlag)
    EXTI_GetFlagStatus                       0x08001cad   Thumb Code    16  stm32f10x_exti.o(i.EXTI_GetFlagStatus)
    EXTI_Init                                0x08001cc1   Thumb Code   128  stm32f10x_exti.o(i.EXTI_Init)
    GPIO_EXTILineConfig                      0x08001d45   Thumb Code    34  stm32f10x_gpio.o(i.GPIO_EXTILineConfig)
    GPIO_Init                                0x08001d6d   Thumb Code   156  stm32f10x_gpio.o(i.GPIO_Init)
    GPIO_ReadInputDataBit                    0x08001e09   Thumb Code    14  stm32f10x_gpio.o(i.GPIO_ReadInputDataBit)
    GPIO_ResetBits                           0x08001e17   Thumb Code     4  stm32f10x_gpio.o(i.GPIO_ResetBits)
    GPIO_SetBits                             0x08001e1b   Thumb Code     4  stm32f10x_gpio.o(i.GPIO_SetBits)
    Get_CollectCurrentVal                    0x08001e21   Thumb Code    20  mainv1.o(i.Get_CollectCurrentVal)
    Get_CollectTempval                       0x08001e3d   Thumb Code    38  mainv1.o(i.Get_CollectTempval)
    Get_PowerValue                           0x08001e69   Thumb Code    34  mainv1.o(i.Get_PowerValue)
    Get_RPowerValue                          0x08001e91   Thumb Code    34  mainv1.o(i.Get_RPowerValue)
    HardFault_Handler                        0x08001eb9   Thumb Code     2  stm32f10x_it.o(i.HardFault_Handler)
    InitTask                                 0x0800235d   Thumb Code    58  mainv1.o(i.InitTask)
    KEY_DOWN_STATUS                          0x080023b9   Thumb Code    30  anjian.o(i.KEY_DOWN_STATUS)
    KEY_DOWN_delayct                         0x080023dd   Thumb Code    66  anjian.o(i.KEY_DOWN_delayct)
    KEY_LEFT_STATUS                          0x08002429   Thumb Code    34  anjian.o(i.KEY_LEFT_STATUS)
    KEY_LEFT_delayct                         0x08002451   Thumb Code    66  anjian.o(i.KEY_LEFT_delayct)
    KEY_MENU_STATUS                          0x0800249d   Thumb Code    22  anjian.o(i.KEY_MENU_STATUS)
    KEY_OK_STATUS                            0x080024b3   Thumb Code    22  anjian.o(i.KEY_OK_STATUS)
    KEY_RDS_STATUS                           0x080024c9   Thumb Code    22  anjian.o(i.KEY_RDS_STATUS)
    KEY_RIGHT_STATUS                         0x080024e1   Thumb Code    30  anjian.o(i.KEY_RIGHT_STATUS)
    KEY_RIGHT_delayct                        0x08002505   Thumb Code    66  anjian.o(i.KEY_RIGHT_delayct)
    KEY_Status_AllClear                      0x08002551   Thumb Code    50  mainv1.o(i.KEY_Status_AllClear)
    KEY_UP_STATUS                            0x08002585   Thumb Code    30  anjian.o(i.KEY_UP_STATUS)
    KEY_UP_delayct                           0x080025a9   Thumb Code    66  anjian.o(i.KEY_UP_delayct)
    KEY_config                               0x080025f5   Thumb Code   268  mainv1.o(i.KEY_config)
    LCD19264_BG_Open                         0x08002711   Thumb Code    10  lcd19264 driverv20.o(i.LCD19264_BG_Open)
    LCD19264_Clear                           0x08002721   Thumb Code    34  lcd19264 driverv20.o(i.LCD19264_Clear)
    LCD19264_DisChar                         0x08002745   Thumb Code    82  lcd19264 driverv20.o(i.LCD19264_DisChar)
    LCD19264_DisChar_mask                    0x0800279d   Thumb Code    90  lcd19264 driverv20.o(i.LCD19264_DisChar_mask)
    LCD19264_DisOFF                          0x080027fd   Thumb Code    54  lcd19264 driverv20.o(i.LCD19264_DisOFF)
    LCD19264_DisON                           0x0800283d   Thumb Code    54  lcd19264 driverv20.o(i.LCD19264_DisON)
    LCD19264_Display_String                  0x0800287d   Thumb Code    32  lcd19264 driverv20.o(i.LCD19264_Display_String)
    LCD19264_Init                            0x0800289d   Thumb Code   118  lcd19264 driverv20.o(i.LCD19264_Init)
    LCD19264_Posbyte                         0x08002921   Thumb Code   168  lcd19264 driverv20.o(i.LCD19264_Posbyte)
    LCD19264_StartLine                       0x080029d5   Thumb Code    66  lcd19264 driverv20.o(i.LCD19264_StartLine)
    LED_Blinking_task                        0x08002a59   Thumb Code    56  mainv1.o(i.LED_Blinking_task)
    MP3_INPUT_STATUS                         0x08002aa1   Thumb Code    26  anjian.o(i.MP3_INPUT_STATUS)
    MemManage_Handler                        0x08002abb   Thumb Code     2  stm32f10x_it.o(i.MemManage_Handler)
    NMI_Handler                              0x08002abd   Thumb Code     2  stm32f10x_it.o(i.NMI_Handler)
    NVIC_Configuration                       0x08002abf   Thumb Code   112  mainv1.o(i.NVIC_Configuration)
    NVIC_Init                                0x08002b2f   Thumb Code    92  misc.o(i.NVIC_Init)
    NVIC_PriorityGroupConfig                 0x08002b8d   Thumb Code    10  misc.o(i.NVIC_PriorityGroupConfig)
    PCRDS_Blinking_task                      0x08002ba1   Thumb Code   164  mainv1.o(i.PCRDS_Blinking_task)
    PS_Name_Save                             0x08002c65   Thumb Code    72  app.o(i.PS_Name_Save)
    PS_Name_Update                           0x08002cb5   Thumb Code    72  app.o(i.PS_Name_Update)
    PT2314_Init                              0x08002d05   Thumb Code    72  pt2314.o(i.PT2314_Init)
    PT2314_SetNRegs                          0x08002d5d   Thumb Code    62  pt2314.o(i.PT2314_SetNRegs)
    PT2314_SetReg                            0x08002d9b   Thumb Code    42  pt2314.o(i.PT2314_SetReg)
    PT2314_Setup_Bass                        0x08002dc5   Thumb Code    20  pt2314.o(i.PT2314_Setup_Bass)
    PT2314_Setup_CVD                         0x08002ddd   Thumb Code    54  pt2314.o(i.PT2314_Setup_CVD)
    PT2314_Setup_Treble                      0x08002e19   Thumb Code    20  pt2314.o(i.PT2314_Setup_Treble)
    PT2314_Setup_Volume                      0x08002e31   Thumb Code    26  pt2314.o(i.PT2314_Setup_Volume)
    PTY_int                                  0x08002e51   Thumb Code    44  app.o(i.PTY_int)
    PWR_BackupAccessCmd                      0x08002e8d   Thumb Code     6  stm32f10x_pwr.o(i.PWR_BackupAccessCmd)
    Print_ZF_Table                           0x08002e99   Thumb Code    74  mainv1.o(i.Print_ZF_Table)
    QN8027_Delay                             0x08002ee9   Thumb Code    28  qn8027_driver.o(i.QN8027_Delay)
    QN8027_Init                              0x08002f05   Thumb Code   176  qn8027_driver.o(i.QN8027_Init)
    QN8027_ReadReg                           0x08002fb9   Thumb Code    76  qn8027_driver.o(i.QN8027_ReadReg)
    QN8027_WriteReg                          0x08003009   Thumb Code    60  qn8027_driver.o(i.QN8027_WriteReg)
    QNd8027_SetChannel                       0x08003049   Thumb Code    26  qn8027_driver.o(i.QNd8027_SetChannel)
    QndMute                                  0x08003063   Thumb Code    18  qn8027_driver.o(i.QndMute)
    QndRdsMode                               0x08003075   Thumb Code    20  qn8027_driver.o(i.QndRdsMode)
    QndSetReg                                0x08003089   Thumb Code    34  qn8027_driver.o(i.QndSetReg)
    RCC_AHBPeriphClockCmd                    0x080030ad   Thumb Code    18  stm32f10x_rcc.o(i.RCC_AHBPeriphClockCmd)
    RCC_APB1PeriphClockCmd                   0x080030c5   Thumb Code    18  stm32f10x_rcc.o(i.RCC_APB1PeriphClockCmd)
    RCC_APB1PeriphResetCmd                   0x080030dd   Thumb Code    18  stm32f10x_rcc.o(i.RCC_APB1PeriphResetCmd)
    RCC_APB2PeriphClockCmd                   0x080030f5   Thumb Code    18  stm32f10x_rcc.o(i.RCC_APB2PeriphClockCmd)
    RCC_APB2PeriphResetCmd                   0x0800310d   Thumb Code    18  stm32f10x_rcc.o(i.RCC_APB2PeriphResetCmd)
    RCC_BackupResetCmd                       0x08003125   Thumb Code     6  stm32f10x_rcc.o(i.RCC_BackupResetCmd)
    RCC_GetClocksFreq                        0x08003131   Thumb Code   134  stm32f10x_rcc.o(i.RCC_GetClocksFreq)
    RCC_GetFlagStatus                        0x080031c9   Thumb Code    42  stm32f10x_rcc.o(i.RCC_GetFlagStatus)
    RCC_LSEConfig                            0x080031f9   Thumb Code    26  stm32f10x_rcc.o(i.RCC_LSEConfig)
    RCC_RTCCLKCmd                            0x08003219   Thumb Code     6  stm32f10x_rcc.o(i.RCC_RTCCLKCmd)
    RCC_RTCCLKConfig                         0x08003225   Thumb Code    10  stm32f10x_rcc.o(i.RCC_RTCCLKConfig)
    RDSData_Verify                           0x08003235   Thumb Code    24  mainv1.o(i.RDSData_Verify)
    RDSData_Verify2                          0x0800324d   Thumb Code    20  app.o(i.RDSData_Verify2)
    RDS_DevicesGroup_Mode_Save               0x08003261   Thumb Code    92  app.o(i.RDS_DevicesGroup_Mode_Save)
    RDS_DevicesGroup_Mode_Update             0x080032c5   Thumb Code    86  app.o(i.RDS_DevicesGroup_Mode_Update)
    RDS_SendID                               0x08003325   Thumb Code   104  mainv1.o(i.RDS_SendID)
    RDS_SendVolume                           0x0800338d   Thumb Code   100  mainv1.o(i.RDS_SendVolume)
    RDS_task                                 0x080033f1   Thumb Code   144  app.o(i.RDS_task)
    RDSsend_IDNum_task                       0x080034bd   Thumb Code    94  app.o(i.RDSsend_IDNum_task)
    RDSsend_NULL                             0x08003535   Thumb Code    78  app.o(i.RDSsend_NULL)
    RDSsend_PTY                              0x08003589   Thumb Code   190  app.o(i.RDSsend_PTY)
    RDSsend_Volume                           0x08003651   Thumb Code    96  app.o(i.RDSsend_Volume)
    RDSsend_Volume_task                      0x080036b5   Thumb Code    60  app.o(i.RDSsend_Volume_task)
    RDSsend_area_allset                      0x08003705   Thumb Code   182  app.o(i.RDSsend_area_allset)
    RDSsend_state                            0x080037c1   Thumb Code   292  app.o(i.RDSsend_state)
    RDSsend_txt                              0x080038f5   Thumb Code   176  app.o(i.RDSsend_txt)
    RDSsend_txt_task                         0x080039ad   Thumb Code    66  app.o(i.RDSsend_txt_task)
    RTC_ClearITPendingBit                    0x08003a15   Thumb Code    12  stm32f10x_rtc.o(i.RTC_ClearITPendingBit)
    RTC_Configuration                        0x08003a25   Thumb Code    88  mainv1.o(i.RTC_Configuration)
    RTC_EnterConfigMode                      0x08003a7d   Thumb Code    12  stm32f10x_rtc.o(i.RTC_EnterConfigMode)
    RTC_ExitConfigMode                       0x08003a8d   Thumb Code    12  stm32f10x_rtc.o(i.RTC_ExitConfigMode)
    RTC_GetCounter                           0x08003a9d   Thumb Code    12  stm32f10x_rtc.o(i.RTC_GetCounter)
    RTC_GetITStatus                          0x08003aad   Thumb Code    26  stm32f10x_rtc.o(i.RTC_GetITStatus)
    RTC_IRQHandler                           0x08003acd   Thumb Code    82  stm32f10x_it.o(i.RTC_IRQHandler)
    RTC_ITConfig                             0x08003b29   Thumb Code    22  stm32f10x_rtc.o(i.RTC_ITConfig)
    RTC_SetCounter                           0x08003b45   Thumb Code    24  stm32f10x_rtc.o(i.RTC_SetCounter)
    RTC_SetPrescaler                         0x08003b61   Thumb Code    26  stm32f10x_rtc.o(i.RTC_SetPrescaler)
    RTC_WaitForLastTask                      0x08003b81   Thumb Code    12  stm32f10x_rtc.o(i.RTC_WaitForLastTask)
    RTC_WaitForSynchro                       0x08003b91   Thumb Code    24  stm32f10x_rtc.o(i.RTC_WaitForSynchro)
    Receivetxt_int                           0x08003bad   Thumb Code    70  app.o(i.Receivetxt_int)
    SET_Audio_And_Time                       0x08003c05   Thumb Code   970  mainv1.o(i.SET_Audio_And_Time)
    SET_FM_And_RF_Power                      0x0800402d   Thumb Code   418  mainv1.o(i.SET_FM_And_RF_Power)
    SET_Temp_And_SWR                         0x08004235   Thumb Code   520  mainv1.o(i.SET_Temp_And_SWR)
    SYS_PARAMETER_Save                       0x0800448d   Thumb Code    12  app.o(i.SYS_PARAMETER_Save)
    SetingWindos_DestroyFMchValue            0x08004575   Thumb Code    20  show.o(i.SetingWindos_DestroyFMchValue)
    SetingWindos_DestroyPowerValue           0x08004589   Thumb Code    20  show.o(i.SetingWindos_DestroyPowerValue)
    SetingWindos_ShowFMchValue               0x0800459d   Thumb Code   132  show.o(i.SetingWindos_ShowFMchValue)
    SetingWindos_ShowPowerValue              0x08004629   Thumb Code   112  show.o(i.SetingWindos_ShowPowerValue)
    SetupSystemTime                          0x08004699   Thumb Code    42  mainv1.o(i.SetupSystemTime)
    Setup_Area_Name                          0x080046c5   Thumb Code   842  mainv1.o(i.Setup_Area_Name)
    Setup_PS_Name                            0x08004a49   Thumb Code   808  mainv1.o(i.Setup_PS_Name)
    Setup_RDSMode                            0x08004da9   Thumb Code  1108  mainv1.o(i.Setup_RDSMode)
    Setup_RDS_Window                         0x080051fd   Thumb Code   774  mainv1.o(i.Setup_RDS_Window)
    Show_ALLSET_Area_Fullsetval              0x0800553d   Thumb Code    70  mainv1.o(i.Show_ALLSET_Area_Fullsetval)
    Show_ALLSET_Area_Name                    0x08005595   Thumb Code   136  mainv1.o(i.Show_ALLSET_Area_Name)
    Show_ALLSET_devgb                        0x08005621   Thumb Code    38  mainv1.o(i.Show_ALLSET_devgb)
    Show_Area_Name                           0x08005649   Thumb Code    88  mainv1.o(i.Show_Area_Name)
    Show_DevStatus_Group                     0x080056a5   Thumb Code    90  mainv1.o(i.Show_DevStatus_Group)
    Show_DevStatus_One                       0x08005709   Thumb Code    70  mainv1.o(i.Show_DevStatus_One)
    Show_Device_hangnum                      0x08005761   Thumb Code    86  mainv1.o(i.Show_Device_hangnum)
    Show_FM                                  0x080057bd   Thumb Code   130  show.o(i.Show_FM)
    Show_FSRF_Logo                           0x08005855   Thumb Code    20  show.o(i.Show_FSRF_Logo)
    Show_I                                   0x0800586d   Thumb Code    54  show.o(i.Show_I)
    Show_P                                   0x080058ad   Thumb Code   120  show.o(i.Show_P)
    Show_PEVal                               0x0800592d   Thumb Code    18  show.o(i.Show_PEVal)
    Show_PS_Name                             0x08005951   Thumb Code    64  mainv1.o(i.Show_PS_Name)
    Show_Picture                             0x08005995   Thumb Code    88  show.o(i.Show_Picture)
    Show_RDS                                 0x080059ed   Thumb Code    50  show.o(i.Show_RDS)
    Show_RDS_SetMode                         0x08005a2d   Thumb Code    30  mainv1.o(i.Show_RDS_SetMode)
    Show_RDS_logox                           0x08005a71   Thumb Code    20  show.o(i.Show_RDS_logox)
    Show_RP                                  0x08005a89   Thumb Code    94  show.o(i.Show_RP)
    Show_SWR                                 0x08005af1   Thumb Code    54  show.o(i.Show_SWR)
    Show_T                                   0x08005b31   Thumb Code    70  show.o(i.Show_T)
    Show_TX                                  0x08005b85   Thumb Code    50  show.o(i.Show_TX)
    Show_Time                                0x08005bc5   Thumb Code   150  show.o(i.Show_Time)
    Show_VOLB                                0x08005c71   Thumb Code   216  show.o(i.Show_VOLB)
    Show_VOLH                                0x08005d59   Thumb Code   216  show.o(i.Show_VOLH)
    Show_Volume                              0x08005e41   Thumb Code    54  show.o(i.Show_Volume)
    SystemInit                               0x08005e81   Thumb Code    64  system_stm32f10x.o(i.SystemInit)
    TIM3Init                                 0x08005ed1   Thumb Code    78  mainv1.o(i.TIM3Init)
    TIM3_IRQHandler                          0x08005f25   Thumb Code    68  stm32f10x_it.o(i.TIM3_IRQHandler)
    TIM_ClearITPendingBit                    0x08005f7d   Thumb Code     6  stm32f10x_tim.o(i.TIM_ClearITPendingBit)
    TIM_Cmd                                  0x08005f83   Thumb Code    20  stm32f10x_tim.o(i.TIM_Cmd)
    TIM_DeInit                               0x08005f99   Thumb Code   304  stm32f10x_tim.o(i.TIM_DeInit)
    TIM_ITConfig                             0x08006109   Thumb Code    16  stm32f10x_tim.o(i.TIM_ITConfig)
    TIM_TimeBaseInit                         0x08006119   Thumb Code   114  stm32f10x_tim.o(i.TIM_TimeBaseInit)
    USART1_IRQHandler                        0x080061b5   Thumb Code   186  stm32f10x_it.o(i.USART1_IRQHandler)
    USART2_IRQHandler                        0x0800629d   Thumb Code   182  stm32f10x_it.o(i.USART2_IRQHandler)
    USART_Cmd                                0x08006381   Thumb Code    20  stm32f10x_usart.o(i.USART_Cmd)
    USART_GetITStatus                        0x08006395   Thumb Code    62  stm32f10x_usart.o(i.USART_GetITStatus)
    USART_ITConfig                           0x080063d3   Thumb Code    48  stm32f10x_usart.o(i.USART_ITConfig)
    USART_Init                               0x08006405   Thumb Code   176  stm32f10x_usart.o(i.USART_Init)
    USART_ReceiveData                        0x080064b9   Thumb Code     8  stm32f10x_usart.o(i.USART_ReceiveData)
    USART_SendData                           0x080064c1   Thumb Code     8  stm32f10x_usart.o(i.USART_SendData)
    UpdateSystemTime                         0x080064c9   Thumb Code    52  mainv1.o(i.UpdateSystemTime)
    UsageFault_Handler                       0x08006501   Thumb Code     2  stm32f10x_it.o(i.UsageFault_Handler)
    __user_perthread_libspace                0x08006595   Thumb Code    26  rtx_conf_cm.o(i.__user_perthread_libspace)
    _init_box                                0x080065b9   Thumb Code    70  rt_membox.o(i._init_box)
    adc_int                                  0x08006601   Thumb Code   242  adc.o(i.adc_int)
    dbg_init                                 0x08006701   Thumb Code    34  hal_cm3.o(i.dbg_init)
    dbg_task_notify                          0x08006731   Thumb Code    28  hal_cm3.o(i.dbg_task_notify)
    dbg_task_switch                          0x08006751   Thumb Code    12  hal_cm3.o(i.dbg_task_switch)
    main                                     0x08006769   Thumb Code   112  mainv1.o(i.main)
    main_task                                0x080067e1   Thumb Code  1496  mainv1.o(i.main_task)
    os_error                                 0x08006dbd   Thumb Code    40  rtx_conf_cm.o(i.os_error)
    os_idle_demon                            0x08006de9   Thumb Code     2  rtx_conf_cm.o(i.os_idle_demon)
    os_tmr_call                              0x08006deb   Thumb Code     2  rtx_conf_cm.o(i.os_tmr_call)
    protocol                                 0x08006ded   Thumb Code   166  app.o(i.protocol)
    rt_alloc_box                             0x08006eb1   Thumb Code    28  rt_membox.o(i.rt_alloc_box)
    rt_block                                 0x08006ecd   Thumb Code    48  rt_task.o(i.rt_block)
    rt_chk_robin                             0x08006f05   Thumb Code    58  rt_robin.o(i.rt_chk_robin)
    rt_dec_dly                               0x08006f4d   Thumb Code   124  rt_list.o(i.rt_dec_dly)
    rt_dispatch                              0x08006fd1   Thumb Code    60  rt_task.o(i.rt_dispatch)
    rt_dly_wait                              0x08007015   Thumb Code     6  rt_time.o(i.rt_dly_wait)
    rt_evt_clr                               0x0800701d   Thumb Code    26  rt_event.o(i.rt_evt_clr)
    rt_evt_psh                               0x0800703d   Thumb Code    80  rt_event.o(i.rt_evt_psh)
    rt_evt_set                               0x08007091   Thumb Code    96  rt_event.o(i.rt_evt_set)
    rt_evt_wait                              0x080070f5   Thumb Code    62  rt_event.o(i.rt_evt_wait)
    rt_free_box                              0x08007139   Thumb Code    32  rt_membox.o(i.rt_free_box)
    rt_get_first                             0x08007159   Thumb Code    40  rt_list.o(i.rt_get_first)
    rt_init_robin                            0x080071c5   Thumb Code    14  rt_robin.o(i.rt_init_robin)
    rt_init_stack                            0x080071dd   Thumb Code    74  hal_cm3.o(i.rt_init_stack)
    rt_mbx_psh                               0x08007231   Thumb Code   196  rt_mailbox.o(i.rt_mbx_psh)
    rt_mut_init                              0x080072f9   Thumb Code    16  rt_mutex.o(i.rt_mut_init)
    rt_mut_release                           0x08007309   Thumb Code   164  rt_mutex.o(i.rt_mut_release)
    rt_mut_wait                              0x080073b5   Thumb Code    98  rt_mutex.o(i.rt_mut_wait)
    rt_pop_req                               0x0800741d   Thumb Code   114  rt_system.o(i.rt_pop_req)
    rt_put_dly                               0x080074a1   Thumb Code    84  rt_list.o(i.rt_put_dly)
    rt_put_prio                              0x080074f9   Thumb Code    54  rt_list.o(i.rt_put_prio)
    rt_put_rdy_first                         0x08007531   Thumb Code    14  rt_list.o(i.rt_put_rdy_first)
    rt_resort_prio                           0x08007545   Thumb Code    46  rt_list.o(i.rt_resort_prio)
    rt_rmv_dly                               0x08007579   Thumb Code    44  rt_list.o(i.rt_rmv_dly)
    rt_rmv_list                              0x080075a5   Thumb Code    44  rt_list.o(i.rt_rmv_list)
    rt_sem_psh                               0x080075d5   Thumb Code    46  rt_semaphore.o(i.rt_sem_psh)
    rt_stk_check                             0x08007609   Thumb Code    28  rt_system.o(i.rt_stk_check)
    rt_switch_req                            0x0800762d   Thumb Code    30  rt_task.o(i.rt_switch_req)
    rt_sys_init                              0x08007655   Thumb Code   216  rt_task.o(i.rt_sys_init)
    rt_systick                               0x0800777d   Thumb Code    48  rt_system.o(i.rt_systick)
    rt_tmr_tick                              0x080077b9   Thumb Code    56  rt_timer.o(i.rt_tmr_tick)
    rt_tsk_create                            0x080077f9   Thumb Code   122  rt_task.o(i.rt_tsk_create)
    rt_tsk_delete                            0x08007889   Thumb Code   146  rt_task.o(i.rt_tsk_delete)
    rt_tsk_self                              0x08007935   Thumb Code    12  rt_task.o(i.rt_tsk_self)
    txt_int                                  0x08007945   Thumb Code    28  app.o(i.txt_int)
    _get_lc_ctype                            0x0800797d   Thumb Code    44  lc_ctype_c.o(locale$$code)
    _fp_init                                 0x080079a9   Thumb Code    14  fpinit.o(x$fpl$fpinit)
    __fplib_config_pureend_doubles           0x080079b5   Thumb Code     0  fpinit.o(x$fpl$fpinit)
    os_maxtaskrun                            0x080079b6   Data           2  rtx_conf_cm.o(.constdata)
    os_stackinfo                             0x080079b8   Data           4  rtx_conf_cm.o(.constdata)
    os_rrobin                                0x080079bc   Data           4  rtx_conf_cm.o(.constdata)
    os_trv                                   0x080079c0   Data           4  rtx_conf_cm.o(.constdata)
    os_flags                                 0x080079c4   Data           1  rtx_conf_cm.o(.constdata)
    os_clockrate                             0x080079c8   Data           4  rtx_conf_cm.o(.constdata)
    os_timernum                              0x080079cc   Data           4  rtx_conf_cm.o(.constdata)
    mp_tcb_size                              0x080079d0   Data           2  rtx_conf_cm.o(.constdata)
    mp_stk_size                              0x080079d4   Data           4  rtx_conf_cm.o(.constdata)
    os_fifo_size                             0x080079d8   Data           1  rtx_conf_cm.o(.constdata)
    mp_tmr_size                              0x080079da   Data           2  rtx_conf_cm.o(.constdata)
    ZF_Table                                 0x080079dc   Data          88  mainv1.o(.constdata)
    EZK                                      0x08007a34   Data        1520  lcd19264 driverv20.o(.constdata)
    FONT6x8                                  0x08008024   Data         552  lcd19264 driverv20.o(.constdata)
    logo_RDS                                 0x0800824c   Data         768  drawpicture.o(.constdata)
    FH_du8X8                                 0x0800854c   Data           8  show.o(.constdata)
    FH_duigou8X8                             0x08008554   Data           8  show.o(.constdata)
    FH_chacha8X8                             0x0800855c   Data           8  show.o(.constdata)
    RDS_logo_x                               0x08008564   Data         152  show.o(.constdata)
    FSRF_Logo                                0x080085fc   Data         192  show.o(.constdata)
    FH_PC8X8                                 0x080086bc   Data           8  show.o(.constdata)
    FH_RD8X8                                 0x080086c4   Data           8  show.o(.constdata)
    B_SPK8X8                                 0x080086cc   Data           8  show.o(.constdata)
    M_SPK8X8                                 0x080086d4   Data           8  show.o(.constdata)
    S_SPK8X8                                 0x080086dc   Data           8  show.o(.constdata)
    X_SPK8X8                                 0x080086e4   Data           8  show.o(.constdata)
    SW_8X8                                   0x080086ec   Data           8  show.o(.constdata)
    B_SPK                                    0x080086f4   Data          11  show.o(.constdata)
    M_SPK                                    0x080086ff   Data          11  show.o(.constdata)
    S_SPK                                    0x0800870a   Data          11  show.o(.constdata)
    X_SPK                                    0x08008715   Data          11  show.o(.constdata)
    Alarm_Pic16X16                           0x08008720   Data          26  show.o(.constdata)
    Region$$Table$$Base                      0x0800873c   Number         0  anon$$obj.o(Region$$Table)
    Region$$Table$$Limit                     0x0800875c   Number         0  anon$$obj.o(Region$$Table)
    __ctype                                  0x08008769   Data           0  lc_ctype_c.o(locale$$data)
    m_tmr                                    0x20000014   Data           4  rtx_conf_cm.o(.data)
    packet_head                              0x20000018   Data           1  mainv1.o(.data)
    packet_head2                             0x20000019   Data           1  mainv1.o(.data)
    packet_R_OK                              0x2000001a   Data           1  mainv1.o(.data)
    packet_R_OK2                             0x2000001b   Data           1  mainv1.o(.data)
    packet_T_OK                              0x2000001c   Data           1  mainv1.o(.data)
    packet_T_OK2                             0x2000001d   Data           1  mainv1.o(.data)
    Volume_value                             0x20000020   Data           1  mainv1.o(.data)
    Bass_value                               0x20000021   Data           1  mainv1.o(.data)
    Treble_value                             0x20000022   Data           1  mainv1.o(.data)
    PE_value                                 0x20000023   Data           1  mainv1.o(.data)
    TP_value                                 0x20000024   Data           1  mainv1.o(.data)
    SWRP_value                               0x20000025   Data           1  mainv1.o(.data)
    SWR_value                                0x20000026   Data           1  mainv1.o(.data)
    I_value                                  0x20000027   Data           1  mainv1.o(.data)
    T_value                                  0x20000028   Data           1  mainv1.o(.data)
    area_num                                 0x20000029   Data           1  mainv1.o(.data)
    PCRDS_Blinking_flag                      0x2000002a   Data           1  mainv1.o(.data)
    Txbyte                                   0x2000002b   Data           1  mainv1.o(.data)
    S2_receive_flag                          0x2000002c   Data           1  mainv1.o(.data)
    SystemTime_SecUpdate_Flag                0x2000002d   Data           1  mainv1.o(.data)
    PTT_status                               0x2000002e   Data           1  mainv1.o(.data)
    HighTempWarning_Flag                     0x2000002f   Data           1  mainv1.o(.data)
    SetingPowval                             0x20000030   Data           2  mainv1.o(.data)
    Power_value                              0x20000032   Data           2  mainv1.o(.data)
    RP_value                                 0x20000034   Data           2  mainv1.o(.data)
    CursorBlink_Count                        0x20000036   Data           2  mainv1.o(.data)
    CollectUpdate_Interval                   0x20000038   Data           2  mainv1.o(.data)
    SystemTime                               0x2000003a   Data           3  mainv1.o(.data)
    Rxbuf                                    0x2000003d   Data           3  mainv1.o(.data)
    FM_value                                 0x20000040   Data           4  mainv1.o(.data)
    tid_main_task                            0x20000044   Data           4  mainv1.o(.data)
    tid_alarm_task                           0x20000048   Data           4  mainv1.o(.data)
    tid_AutoAdjustPower                      0x2000004c   Data           4  mainv1.o(.data)
    tid_AutoChoiceAudio                      0x20000050   Data           4  mainv1.o(.data)
    tid_PCRDS_task                           0x20000054   Data           4  mainv1.o(.data)
    Menu_Timeout_Count                       0x20000058   Data           4  mainv1.o(.data)
    PS_Name                                  0x2000005c   Data          80  mainv1.o(.data)
    Area_Name                                0x200000ac   Data         140  mainv1.o(.data)
    packet_rct                               0x20000138   Data           1  mainv1.o(.data)
    packet_rct2                              0x20000139   Data           1  mainv1.o(.data)
    packet_len                               0x2000013a   Data           1  mainv1.o(.data)
    packet_len2                              0x2000013b   Data           1  mainv1.o(.data)
    packet_xor                               0x2000013c   Data           1  mainv1.o(.data)
    packet_xor2                              0x2000013d   Data           1  mainv1.o(.data)
    packet_sendsize                          0x2000013e   Data           1  mainv1.o(.data)
    packet_tct                               0x2000013f   Data           1  mainv1.o(.data)
    packet_sendsize2                         0x20000140   Data           1  mainv1.o(.data)
    packet_tct2                              0x20000141   Data           1  mainv1.o(.data)
    sendstate_Time_Count                     0x20000144   Data           4  mainv1.o(.data)
    pt2314_error_flag                        0x20000148   Data           1  pt2314.o(.data)
    QN8027_error_flag                        0x20000149   Data           1  qn8027_driver.o(.data)
    UP_LockFlag                              0x2000014a   Data           1  anjian.o(.data)
    UP_DelayEnd                              0x2000014b   Data           1  anjian.o(.data)
    DOWN_DelayEnd                            0x2000014c   Data           1  anjian.o(.data)
    DOWN_LockFlag                            0x2000014d   Data           1  anjian.o(.data)
    LEFT_LockFlag                            0x2000014e   Data           1  anjian.o(.data)
    LEFT_DelayEnd                            0x2000014f   Data           1  anjian.o(.data)
    RIGHT_DelayEnd                           0x20000150   Data           1  anjian.o(.data)
    RIGHT_LockFlag                           0x20000151   Data           1  anjian.o(.data)
    UP_StartDelayct                          0x20000152   Data           2  anjian.o(.data)
    UP_Delayct                               0x20000154   Data           2  anjian.o(.data)
    DOWN_StartDelayct                        0x20000156   Data           2  anjian.o(.data)
    DOWN_Delayct                             0x20000158   Data           2  anjian.o(.data)
    LEFT_StartDelayct                        0x2000015a   Data           2  anjian.o(.data)
    LEFT_Delayct                             0x2000015c   Data           2  anjian.o(.data)
    RIGHT_StartDelayct                       0x2000015e   Data           2  anjian.o(.data)
    RIGHT_Delayct                            0x20000160   Data           2  anjian.o(.data)
    eeprom_error_flag                        0x20000162   Data           1  24c32.o(.data)
    Volume_set                               0x20000164   Data           1  app.o(.data)
    Send_receive                             0x20000165   Data           1  app.o(.data)
    send_count                               0x20000166   Data           1  app.o(.data)
    area_group_terminal_set_flag             0x20000167   Data           1  app.o(.data)
    area_allset_flag                         0x20000168   Data           1  app.o(.data)
    transfer_flag                            0x20000169   Data           1  app.o(.data)
    length                                   0x2000016b   Data           1  app.o(.data)
    package_length                           0x2000016c   Data           1  app.o(.data)
    package_tmp                              0x2000016d   Data           1  app.o(.data)
    convert                                  0x2000016e   Data           2  app.o(.data)
    Dveid                                    0x20000170   Data           3  app.o(.data)
    NEW_Dveid                                0x20000173   Data           3  app.o(.data)
    pPTY                                     0x20000178   Data           4  app.o(.data)
    ptystr                                   0x2000017c   Data           4  app.o(.data)
    str                                      0x20000180   Data           4  app.o(.data)
    FM_val2                                  0x20000184   Data           4  app.o(.data)
    tid_RDSsend_txt_task                     0x20000188   Data           4  app.o(.data)
    tid_RDSsend_IDNum_task                   0x2000018c   Data           4  app.o(.data)
    tid_RDSsend_Volume_task                  0x20000190   Data           4  app.o(.data)
    gb_area_num                              0x20000194   Data           4  app.o(.data)
    gb_area_setval                           0x20000198   Data           4  app.o(.data)
    gb_Group_num                             0x2000019c   Data           4  app.o(.data)
    gb_Group_setval                          0x200001a0   Data           4  app.o(.data)
    gb_terminal_num                          0x200001a4   Data           4  app.o(.data)
    gb_terminal_setval                       0x200001a8   Data           4  app.o(.data)
    psys_data                                0x200001ac   Data           4  app.o(.data)
    tmpbuff                                  0x200001b0   Data           4  app.o(.data)
    strbuf2                                  0x200001b4   Data           8  app.o(.data)
    os_tsk                                   0x200001bc   Data           8  rt_task.o(.data)
    os_time                                  0x200001c4   Data           2  rt_time.o(.data)
    dbg_msg                                  0x200001c6   Data           1  hal_cm3.o(.data)
    os_robin                                 0x200001cc   Data           8  rt_robin.o(.data)
    os_tmr                                   0x200001d4   Data           8  rt_timer.o(.data)
    mp_tcb                                   0x200001dc   Data         588  rtx_conf_cm.o(.bss)
    mp_stk                                   0x20000428   Data       13016  rtx_conf_cm.o(.bss)
    os_fifo                                  0x20003700   Data         132  rtx_conf_cm.o(.bss)
    os_active_TCB                            0x20003784   Data          48  rtx_conf_cm.o(.bss)
    LCD_mutex                                0x20003fb8   Data          12  mainv1.o(.bss)
    USART1_InitStructure                     0x20003fc4   Data          16  mainv1.o(.bss)
    USART2_InitStructure                     0x20003fd4   Data          16  mainv1.o(.bss)
    RDS_DevicesGroup_Mode                    0x20003fe4   Data         384  mainv1.o(.bss)
    packet_rbuf                              0x20004164   Data          64  mainv1.o(.bss)
    packet_rbuf2                             0x200041a4   Data          64  mainv1.o(.bss)
    packet_tbuf                              0x200041e4   Data          64  mainv1.o(.bss)
    packet_tbuf2                             0x20004224   Data          64  mainv1.o(.bss)
    DDRAM                                    0x20004264   Data        1536  drawpicture.o(.bss)
    PTY                                      0x20004864   Data          36  app.o(.bss)
    QN8027_mutex                             0x20004888   Data          12  app.o(.bss)
    strbuf3                                  0x20004894   Data          32  app.o(.bss)
    strbuf5                                  0x200048b4   Data          16  app.o(.bss)
    UNION_DATA                               0x200048c4   Data          12  app.o(.bss)
    ADC_InitStructure                        0x200048d0   Data          20  adc.o(.bss)
    DMA_InitStructure                        0x200048e4   Data          44  adc.o(.bss)
    ADCConvertedValue                        0x20004910   Data          10  adc.o(.bss)
    os_idle_TCB                              0x2000491c   Data          48  rt_task.o(.bss)
    os_rdy                                   0x2000494c   Data          24  rt_list.o(.bss)
    os_dly                                   0x20004964   Data          24  rt_list.o(.bss)
    __libspace_start                         0x2000497c   Data          96  libspace.o(.bss)
    __temporary_stack_top$libspace           0x200049dc   Data           0  libspace.o(.bss)



==============================================================================

Memory Map of the image

  Image Entry point : 0x080000ed

  Load Region LR_IROM1 (Base: 0x08000000, Size: 0x00008a48, Max: 0x00020000, ABSOLUTE, COMPRESSED[0x000088b0])

    Execution Region ER_IROM1 (Base: 0x08000000, Size: 0x0000886c, Max: 0x00020000, ABSOLUTE)

    Base Addr    Size         Type   Attr      Idx    E Section Name        Object

    0x08000000   0x000000ec   Data   RO            3    RESET               startup_stm32f10x_md.o
    0x080000ec   0x00000008   Code   RO         3886  * !!!main             c_w.l(__main.o)
    0x080000f4   0x00000034   Code   RO         4086    !!!scatter          c_w.l(__scatter.o)
    0x08000128   0x0000005a   Code   RO         4084    !!dczerorl2         c_w.l(__dczerorl2.o)
    0x08000182   0x00000002   PAD
    0x08000184   0x0000001c   Code   RO         4088    !!handler_zi        c_w.l(__scatter_zi.o)
    0x080001a0   0x00000006   Code   RO         3943    .ARM.Collect$$libinit$$00000000  c_w.l(libinit.o)
    0x080001a6   0x00000000   Code   RO         3958    .ARM.Collect$$libinit$$00000006  c_w.l(libinit2.o)
    0x080001a6   0x00000000   Code   RO         3960    .ARM.Collect$$libinit$$00000008  c_w.l(libinit2.o)
    0x080001a6   0x00000000   Code   RO         3962    .ARM.Collect$$libinit$$0000000A  c_w.l(libinit2.o)
    0x080001a6   0x00000006   Code   RO         3963    .ARM.Collect$$libinit$$0000000B  c_w.l(libinit2.o)
    0x080001ac   0x00000000   Code   RO         3965    .ARM.Collect$$libinit$$0000000D  c_w.l(libinit2.o)
    0x080001ac   0x0000000c   Code   RO         3966    .ARM.Collect$$libinit$$0000000E  c_w.l(libinit2.o)
    0x080001b8   0x00000000   Code   RO         3967    .ARM.Collect$$libinit$$0000000F  c_w.l(libinit2.o)
    0x080001b8   0x00000000   Code   RO         3969    .ARM.Collect$$libinit$$00000011  c_w.l(libinit2.o)
    0x080001b8   0x00000000   Code   RO         3971    .ARM.Collect$$libinit$$00000013  c_w.l(libinit2.o)
    0x080001b8   0x00000000   Code   RO         3973    .ARM.Collect$$libinit$$00000015  c_w.l(libinit2.o)
    0x080001b8   0x00000000   Code   RO         3975    .ARM.Collect$$libinit$$00000017  c_w.l(libinit2.o)
    0x080001b8   0x00000000   Code   RO         3977    .ARM.Collect$$libinit$$00000019  c_w.l(libinit2.o)
    0x080001b8   0x00000000   Code   RO         3979    .ARM.Collect$$libinit$$0000001B  c_w.l(libinit2.o)
    0x080001b8   0x00000000   Code   RO         3981    .ARM.Collect$$libinit$$0000001D  c_w.l(libinit2.o)
    0x080001b8   0x00000000   Code   RO         3983    .ARM.Collect$$libinit$$0000001F  c_w.l(libinit2.o)
    0x080001b8   0x00000000   Code   RO         3985    .ARM.Collect$$libinit$$00000021  c_w.l(libinit2.o)
    0x080001b8   0x00000000   Code   RO         3989    .ARM.Collect$$libinit$$00000028  c_w.l(libinit2.o)
    0x080001b8   0x00000000   Code   RO         3991    .ARM.Collect$$libinit$$0000002A  c_w.l(libinit2.o)
    0x080001b8   0x00000000   Code   RO         3993    .ARM.Collect$$libinit$$0000002C  c_w.l(libinit2.o)
    0x080001b8   0x00000000   Code   RO         3995    .ARM.Collect$$libinit$$0000002E  c_w.l(libinit2.o)
    0x080001b8   0x00000002   Code   RO         3996    .ARM.Collect$$libinit$$0000002F  c_w.l(libinit2.o)
    0x080001ba   0x00000002   Code   RO         4026    .ARM.Collect$$libshutdown$$00000000  c_w.l(libshutdown.o)
    0x080001bc   0x00000000   Code   RO         4039    .ARM.Collect$$libshutdown$$00000003  c_w.l(libshutdown2.o)
    0x080001bc   0x00000000   Code   RO         4042    .ARM.Collect$$libshutdown$$00000006  c_w.l(libshutdown2.o)
    0x080001bc   0x00000000   Code   RO         4045    .ARM.Collect$$libshutdown$$00000009  c_w.l(libshutdown2.o)
    0x080001bc   0x00000000   Code   RO         4047    .ARM.Collect$$libshutdown$$0000000B  c_w.l(libshutdown2.o)
    0x080001bc   0x00000000   Code   RO         4050    .ARM.Collect$$libshutdown$$0000000E  c_w.l(libshutdown2.o)
    0x080001bc   0x00000002   Code   RO         4051    .ARM.Collect$$libshutdown$$0000000F  c_w.l(libshutdown2.o)
    0x080001be   0x00000000   Code   RO         3888    .ARM.Collect$$rtentry$$00000000  c_w.l(rtentry.o)
    0x080001be   0x00000000   Code   RO         3906    .ARM.Collect$$rtentry$$00000002  c_w.l(rtentry2.o)
    0x080001be   0x00000006   Code   RO         3921    .ARM.Collect$$rtentry$$00000004  c_w.l(rtentry4.o)
    0x080001c4   0x00000000   Code   RO         3908    .ARM.Collect$$rtentry$$00000009  c_w.l(rtentry2.o)
    0x080001c4   0x00000004   Code   RO         3909    .ARM.Collect$$rtentry$$0000000A  c_w.l(rtentry2.o)
    0x080001c8   0x00000000   Code   RO         3911    .ARM.Collect$$rtentry$$0000000C  c_w.l(rtentry2.o)
    0x080001c8   0x00000008   Code   RO         3912    .ARM.Collect$$rtentry$$0000000D  c_w.l(rtentry2.o)
    0x080001d0   0x00000002   Code   RO         3944    .ARM.Collect$$rtexit$$00000000  c_w.l(rtexit.o)
    0x080001d2   0x00000000   Code   RO         4000    .ARM.Collect$$rtexit$$00000002  c_w.l(rtexit2.o)
    0x080001d2   0x00000004   Code   RO         4001    .ARM.Collect$$rtexit$$00000003  c_w.l(rtexit2.o)
    0x080001d6   0x00000006   Code   RO         4002    .ARM.Collect$$rtexit$$00000004  c_w.l(rtexit2.o)
    0x080001dc   0x0000014c   Code   RO         3502    .emb_text           RTX_CM3.LIB(hal_cm3.o)
    0x08000328   0x00000040   Code   RO            4    .text               startup_stm32f10x_md.o
    0x08000368   0x00000008   Code   RO         3841    .text               c_w.l(libspace.o)
    0x08000370   0x0000003c   Code   RO         3876    .text               c_w.l(__0sscanf.o)
    0x080003ac   0x000000de   Code   RO         3878    .text               c_w.l(_scanf_str.o)
    0x0800048a   0x0000008a   Code   RO         3880    .text               c_w.l(rt_memcpy_v6.o)
    0x08000514   0x00000010   Code   RO         3882    .text               c_w.l(aeabi_memset.o)
    0x08000524   0x00000006   Code   RO         3884    .text               c_w.l(heapauxi.o)
    0x0800052a   0x00000002   PAD
    0x0800052c   0x00000030   Code   RO         3897    .text               c_w.l(scanf_char.o)
    0x0800055c   0x00000040   Code   RO         3899    .text               c_w.l(_sgetc.o)
    0x0800059c   0x00000064   Code   RO         3901    .text               c_w.l(rt_memcpy_w.o)
    0x08000600   0x00000044   Code   RO         3903    .text               c_w.l(rt_memclr.o)
    0x08000644   0x00000012   Code   RO         3923    .text               c_w.l(isspace.o)
    0x08000656   0x00000002   PAD
    0x08000658   0x00000388   Code   RO         3927    .text               c_w.l(_scanf.o)
    0x080009e0   0x0000004e   Code   RO         3929    .text               c_w.l(rt_memclr_w.o)
    0x08000a2e   0x0000004a   Code   RO         3931    .text               c_w.l(sys_stackheap_outer.o)
    0x08000a78   0x00000010   Code   RO         3933    .text               c_w.l(rt_ctype_table.o)
    0x08000a88   0x0000000c   Code   RO         3935    .text               c_w.l(exit.o)
    0x08000a94   0x0000000a   Code   RO         3951    .text               c_w.l(rt_locale_twolibspace.o)
    0x08000a9e   0x0000000a   Code   RO         4012    .text               c_w.l(rt_fp_status_addr_twolibspace.o)
    0x08000aa8   0x00000080   Code   RO         4014    .text               c_w.l(strcmpv7m.o)
    0x08000b28   0x0000000c   Code   RO         4018    .text               c_w.l(sys_exit.o)
    0x08000b34   0x00000002   Code   RO         4029    .text               c_w.l(use_no_semi.o)
    0x08000b36   0x00000002   PAD
    0x08000b38   0x00000004   Code   RO         3725    SVC_TABLE           RTX_CM3.LIB(SVC_Table.o)
    0x08000b3c   0x00000014   Code   RO         1501    i.ADC_Cmd           stm32f10x_adc.o
    0x08000b50   0x00000014   Code   RO         1502    i.ADC_DMACmd        stm32f10x_adc.o
    0x08000b64   0x0000001c   Code   RO         3273    i.ADC_GPIO_Configuration  adc.o
    0x08000b80   0x0000000e   Code   RO         1509    i.ADC_GetCalibrationStatus  stm32f10x_adc.o
    0x08000b8e   0x0000000e   Code   RO         1515    i.ADC_GetResetCalibrationStatus  stm32f10x_adc.o
    0x08000b9c   0x00000048   Code   RO         1519    i.ADC_Init          stm32f10x_adc.o
    0x08000be4   0x00000074   Code   RO         1523    i.ADC_RegularChannelConfig  stm32f10x_adc.o
    0x08000c58   0x0000000a   Code   RO         1524    i.ADC_ResetCalibration  stm32f10x_adc.o
    0x08000c62   0x00000014   Code   RO         1526    i.ADC_SoftwareStartConvCmd  stm32f10x_adc.o
    0x08000c76   0x0000000a   Code   RO         1528    i.ADC_StartCalibration  stm32f10x_adc.o
    0x08000c80   0x0000001a   Code   RO         2900    i.AUX_INPUT_STATUS  anjian.o
    0x08000c9a   0x00000002   PAD
    0x08000c9c   0x00000090   Code   RO         1869    i.Alarm_task        mainv1.o
    0x08000d2c   0x00000060   Code   RO         3088    i.Answer_handshake  app.o
    0x08000d8c   0x00000054   Code   RO         3089    i.Area_Name_Save    app.o
    0x08000de0   0x00000054   Code   RO         3090    i.Area_Name_Update  app.o
    0x08000e34   0x00000088   Code   RO         1870    i.AutoAdjustPower_task  mainv1.o
    0x08000ebc   0x0000007c   Code   RO         1871    i.AutoChoiceAudio_task  mainv1.o
    0x08000f38   0x00000064   Code   RO         1873    i.BEEP_task         mainv1.o
    0x08000f9c   0x00000012   Code   RO         1419    i.BKP_DeInit        stm32f10x_bkp.o
    0x08000fae   0x00000002   PAD
    0x08000fb0   0x0000000c   Code   RO         1424    i.BKP_ReadBackupRegister  stm32f10x_bkp.o
    0x08000fbc   0x0000000c   Code   RO         1428    i.BKP_WriteBackupRegister  stm32f10x_bkp.o
    0x08000fc8   0x00000002   Code   RO         2665    i.BusFault_Handler  stm32f10x_it.o
    0x08000fca   0x00000002   PAD
    0x08000fcc   0x00000100   Code   RO         1874    i.COM1_2Init        mainv1.o
    0x080010cc   0x00000018   Code   RO         1875    i.CollectShowCurrent  mainv1.o
    0x080010e4   0x00000018   Code   RO         1876    i.CollectShowPower  mainv1.o
    0x080010fc   0x00000018   Code   RO         1877    i.CollectShowRPower  mainv1.o
    0x08001114   0x00000018   Code   RO         1878    i.CollectShowTempval  mainv1.o
    0x0800112c   0x00000084   Code   RO         2996    i.DAC5615Out        dac5615.o
    0x080011b0   0x00000034   Code   RO         2997    i.DAC5615_Init      dac5615.o
    0x080011e4   0x00000008   Code   RO         2998    i.DAC5615delay      dac5615.o
    0x080011ec   0x00000016   Code   RO         1722    i.DMA_Cmd           stm32f10x_dma.o
    0x08001202   0x00000002   PAD
    0x08001204   0x000000ec   Code   RO         1723    i.DMA_DeInit        stm32f10x_dma.o
    0x080012f0   0x0000003a   Code   RO         1728    i.DMA_Init          stm32f10x_dma.o
    0x0800132a   0x00000002   PAD
    0x0800132c   0x00000462   Code   RO         1880    i.DebugMode         mainv1.o
    0x0800178e   0x00000002   Code   RO         2666    i.DebugMon_Handler  stm32f10x_it.o
    0x08001790   0x00000012   Code   RO         1881    i.Delay_ms          mainv1.o
    0x080017a2   0x00000002   PAD
    0x080017a4   0x00000060   Code   RO         2366    i.Draw_Ascii6X8     drawpicture.o
    0x08001804   0x00000068   Code   RO         2367    i.Draw_Ascii6X8_Downline  drawpicture.o
    0x0800186c   0x0000000e   Code   RO         2369    i.Draw_Clear        drawpicture.o
    0x0800187a   0x00000002   PAD
    0x0800187c   0x0000002c   Code   RO         2370    i.Draw_Clear_DDRAM  drawpicture.o
    0x080018a8   0x0000002a   Code   RO         2371    i.Draw_Fill         drawpicture.o
    0x080018d2   0x00000002   PAD
    0x080018d4   0x00000024   Code   RO         2372    i.Draw_GetPointColor  drawpicture.o
    0x080018f8   0x000000da   Code   RO         2373    i.Draw_Line         drawpicture.o
    0x080019d2   0x00000046   Code   RO         2374    i.Draw_Lump_fb      drawpicture.o
    0x08001a18   0x00000038   Code   RO         2375    i.Draw_Picture_logoRDS  drawpicture.o
    0x08001a50   0x00000044   Code   RO         2376    i.Draw_Point        drawpicture.o
    0x08001a94   0x0000003e   Code   RO         2378    i.Draw_Rect         drawpicture.o
    0x08001ad2   0x00000020   Code   RO         2379    i.Draw_String6X8    drawpicture.o
    0x08001af2   0x00000002   PAD
    0x08001af4   0x00000030   Code   RO         2380    i.Draw_UpdateToLCD  drawpicture.o
    0x08001b24   0x0000002c   Code   RO         2381    i.Draw_XLine        drawpicture.o
    0x08001b50   0x0000002c   Code   RO         2382    i.Draw_YLine        drawpicture.o
    0x08001b7c   0x00000010   Code   RO         3091    i.Dveid_Int         app.o
    0x08001b8c   0x000000ac   Code   RO         3021    i.EEPROM_ReadBytes  24c32.o
    0x08001c38   0x00000068   Code   RO         3023    i.EEPROM_WriteBytes  24c32.o
    0x08001ca0   0x0000000c   Code   RO         1211    i.EXTI_ClearFlag    stm32f10x_exti.o
    0x08001cac   0x00000014   Code   RO         1215    i.EXTI_GetFlagStatus  stm32f10x_exti.o
    0x08001cc0   0x00000084   Code   RO         1217    i.EXTI_Init         stm32f10x_exti.o
    0x08001d44   0x00000028   Code   RO          172    i.GPIO_EXTILineConfig  stm32f10x_gpio.o
    0x08001d6c   0x0000009c   Code   RO          175    i.GPIO_Init         stm32f10x_gpio.o
    0x08001e08   0x0000000e   Code   RO          179    i.GPIO_ReadInputDataBit  stm32f10x_gpio.o
    0x08001e16   0x00000004   Code   RO          182    i.GPIO_ResetBits    stm32f10x_gpio.o
    0x08001e1a   0x00000004   Code   RO          183    i.GPIO_SetBits      stm32f10x_gpio.o
    0x08001e1e   0x00000002   PAD
    0x08001e20   0x0000001c   Code   RO         1883    i.Get_CollectCurrentVal  mainv1.o
    0x08001e3c   0x0000002c   Code   RO         1884    i.Get_CollectTempval  mainv1.o
    0x08001e68   0x00000028   Code   RO         1885    i.Get_PowerValue    mainv1.o
    0x08001e90   0x00000028   Code   RO         1886    i.Get_RPowerValue   mainv1.o
    0x08001eb8   0x00000002   Code   RO         2667    i.HardFault_Handler  stm32f10x_it.o
    0x08001eba   0x00000002   PAD
    0x08001ebc   0x00000060   Code   RO         2478    i.I2CChkAck         pt2314.o
    0x08001f1c   0x00000060   Code   RO         2556    i.I2CChkAck         qn8027_driver.o
    0x08001f7c   0x00000060   Code   RO         3024    i.I2CChkAck         24c32.o
    0x08001fdc   0x0000007c   Code   RO         2557    i.I2CRead8Bit       qn8027_driver.o
    0x08002058   0x00000070   Code   RO         3025    i.I2CRead8Bit       24c32.o
    0x080020c8   0x00000030   Code   RO         2558    i.I2CSlave_NOACK    qn8027_driver.o
    0x080020f8   0x0000002c   Code   RO         3026    i.I2CSlave_NOACK    24c32.o
    0x08002124   0x00000040   Code   RO         2479    i.I2CStart          pt2314.o
    0x08002164   0x00000040   Code   RO         2559    i.I2CStart          qn8027_driver.o
    0x080021a4   0x00000038   Code   RO         3027    i.I2CStart          24c32.o
    0x080021dc   0x00000030   Code   RO         2480    i.I2CStop           pt2314.o
    0x0800220c   0x00000030   Code   RO         2560    i.I2CStop           qn8027_driver.o
    0x0800223c   0x0000002c   Code   RO         3028    i.I2CStop           24c32.o
    0x08002268   0x00000054   Code   RO         2481    i.I2CWrite8Bit      pt2314.o
    0x080022bc   0x00000054   Code   RO         2561    i.I2CWrite8Bit      qn8027_driver.o
    0x08002310   0x0000004c   Code   RO         3029    i.I2CWrite8Bit      24c32.o
    0x0800235c   0x0000005c   Code   RO         1887    i.InitTask          mainv1.o
    0x080023b8   0x00000024   Code   RO         2901    i.KEY_DOWN_STATUS   anjian.o
    0x080023dc   0x0000004c   Code   RO         2902    i.KEY_DOWN_delayct  anjian.o
    0x08002428   0x00000028   Code   RO         2903    i.KEY_LEFT_STATUS   anjian.o
    0x08002450   0x0000004c   Code   RO         2904    i.KEY_LEFT_delayct  anjian.o
    0x0800249c   0x00000016   Code   RO         2905    i.KEY_MENU_STATUS   anjian.o
    0x080024b2   0x00000016   Code   RO         2906    i.KEY_OK_STATUS     anjian.o
    0x080024c8   0x00000016   Code   RO         2907    i.KEY_RDS_STATUS    anjian.o
    0x080024de   0x00000002   PAD
    0x080024e0   0x00000024   Code   RO         2908    i.KEY_RIGHT_STATUS  anjian.o
    0x08002504   0x0000004c   Code   RO         2909    i.KEY_RIGHT_delayct  anjian.o
    0x08002550   0x00000032   Code   RO         1888    i.KEY_Status_AllClear  mainv1.o
    0x08002582   0x00000002   PAD
    0x08002584   0x00000024   Code   RO         2910    i.KEY_UP_STATUS     anjian.o
    0x080025a8   0x0000004c   Code   RO         2911    i.KEY_UP_delayct    anjian.o
    0x080025f4   0x0000011c   Code   RO         1889    i.KEY_config        mainv1.o
    0x08002710   0x00000010   Code   RO         2238    i.LCD19264_BG_Open  lcd19264 driverv20.o
    0x08002720   0x00000022   Code   RO         2239    i.LCD19264_Clear    lcd19264 driverv20.o
    0x08002742   0x00000002   PAD
    0x08002744   0x00000058   Code   RO         2240    i.LCD19264_DisChar  lcd19264 driverv20.o
    0x0800279c   0x00000060   Code   RO         2242    i.LCD19264_DisChar_mask  lcd19264 driverv20.o
    0x080027fc   0x00000040   Code   RO         2243    i.LCD19264_DisOFF   lcd19264 driverv20.o
    0x0800283c   0x00000040   Code   RO         2244    i.LCD19264_DisON    lcd19264 driverv20.o
    0x0800287c   0x00000020   Code   RO         2245    i.LCD19264_Display_String  lcd19264 driverv20.o
    0x0800289c   0x00000084   Code   RO         2248    i.LCD19264_Init     lcd19264 driverv20.o
    0x08002920   0x000000b4   Code   RO         2249    i.LCD19264_Posbyte  lcd19264 driverv20.o
    0x080029d4   0x0000004c   Code   RO         2250    i.LCD19264_StartLine  lcd19264 driverv20.o
    0x08002a20   0x00000038   Code   RO         2251    i.LCD_WriteCMD      lcd19264 driverv20.o
    0x08002a58   0x00000048   Code   RO         1890    i.LED_Blinking_task  mainv1.o
    0x08002aa0   0x0000001a   Code   RO         2912    i.MP3_INPUT_STATUS  anjian.o
    0x08002aba   0x00000002   Code   RO         2668    i.MemManage_Handler  stm32f10x_it.o
    0x08002abc   0x00000002   Code   RO         2669    i.NMI_Handler       stm32f10x_it.o
    0x08002abe   0x00000070   Code   RO         1891    i.NVIC_Configuration  mainv1.o
    0x08002b2e   0x0000005c   Code   RO           96    i.NVIC_Init         misc.o
    0x08002b8a   0x00000002   PAD
    0x08002b8c   0x00000014   Code   RO           97    i.NVIC_PriorityGroupConfig  misc.o
    0x08002ba0   0x000000c4   Code   RO         1892    i.PCRDS_Blinking_task  mainv1.o
    0x08002c64   0x00000050   Code   RO         3092    i.PS_Name_Save      app.o
    0x08002cb4   0x00000050   Code   RO         3093    i.PS_Name_Update    app.o
    0x08002d04   0x00000058   Code   RO         2482    i.PT2314_Init       pt2314.o
    0x08002d5c   0x0000003e   Code   RO         2483    i.PT2314_SetNRegs   pt2314.o
    0x08002d9a   0x0000002a   Code   RO         2484    i.PT2314_SetReg     pt2314.o
    0x08002dc4   0x00000018   Code   RO         2485    i.PT2314_Setup_Bass  pt2314.o
    0x08002ddc   0x0000003c   Code   RO         2486    i.PT2314_Setup_CVD  pt2314.o
    0x08002e18   0x00000018   Code   RO         2487    i.PT2314_Setup_Treble  pt2314.o
    0x08002e30   0x00000020   Code   RO         2488    i.PT2314_Setup_Volume  pt2314.o
    0x08002e50   0x0000003c   Code   RO         3094    i.PTY_int           app.o
    0x08002e8c   0x0000000c   Code   RO         1268    i.PWR_BackupAccessCmd  stm32f10x_pwr.o
    0x08002e98   0x00000050   Code   RO         1893    i.Print_ZF_Table    mainv1.o
    0x08002ee8   0x0000001c   Code   RO         2562    i.QN8027_Delay      qn8027_driver.o
    0x08002f04   0x000000b4   Code   RO         2563    i.QN8027_Init       qn8027_driver.o
    0x08002fb8   0x00000050   Code   RO         2566    i.QN8027_ReadReg    qn8027_driver.o
    0x08003008   0x00000040   Code   RO         2568    i.QN8027_WriteReg   qn8027_driver.o
    0x08003048   0x0000001a   Code   RO         2569    i.QNd8027_SetChannel  qn8027_driver.o
    0x08003062   0x00000012   Code   RO         2570    i.QndMute           qn8027_driver.o
    0x08003074   0x00000014   Code   RO         2571    i.QndRdsMode        qn8027_driver.o
    0x08003088   0x00000022   Code   RO         2572    i.QndSetReg         qn8027_driver.o
    0x080030aa   0x00000002   PAD
    0x080030ac   0x00000018   Code   RO          290    i.RCC_AHBPeriphClockCmd  stm32f10x_rcc.o
    0x080030c4   0x00000018   Code   RO          291    i.RCC_APB1PeriphClockCmd  stm32f10x_rcc.o
    0x080030dc   0x00000018   Code   RO          292    i.RCC_APB1PeriphResetCmd  stm32f10x_rcc.o
    0x080030f4   0x00000018   Code   RO          293    i.RCC_APB2PeriphClockCmd  stm32f10x_rcc.o
    0x0800310c   0x00000018   Code   RO          294    i.RCC_APB2PeriphResetCmd  stm32f10x_rcc.o
    0x08003124   0x0000000c   Code   RO          296    i.RCC_BackupResetCmd  stm32f10x_rcc.o
    0x08003130   0x00000098   Code   RO          301    i.RCC_GetClocksFreq  stm32f10x_rcc.o
    0x080031c8   0x00000030   Code   RO          302    i.RCC_GetFlagStatus  stm32f10x_rcc.o
    0x080031f8   0x00000020   Code   RO          309    i.RCC_LSEConfig     stm32f10x_rcc.o
    0x08003218   0x0000000c   Code   RO          316    i.RCC_RTCCLKCmd     stm32f10x_rcc.o
    0x08003224   0x00000010   Code   RO          317    i.RCC_RTCCLKConfig  stm32f10x_rcc.o
    0x08003234   0x00000018   Code   RO         1894    i.RDSData_Verify    mainv1.o
    0x0800324c   0x00000014   Code   RO         3095    i.RDSData_Verify2   app.o
    0x08003260   0x00000064   Code   RO         3096    i.RDS_DevicesGroup_Mode_Save  app.o
    0x080032c4   0x00000060   Code   RO         3097    i.RDS_DevicesGroup_Mode_Update  app.o
    0x08003324   0x00000068   Code   RO         1895    i.RDS_SendID        mainv1.o
    0x0800338c   0x00000064   Code   RO         1896    i.RDS_SendVolume    mainv1.o
    0x080033f0   0x000000cc   Code   RO         3098    i.RDS_task          app.o
    0x080034bc   0x00000078   Code   RO         3100    i.RDSsend_IDNum_task  app.o
    0x08003534   0x00000054   Code   RO         3101    i.RDSsend_NULL      app.o
    0x08003588   0x000000c8   Code   RO         3102    i.RDSsend_PTY       app.o
    0x08003650   0x00000064   Code   RO         3103    i.RDSsend_Volume    app.o
    0x080036b4   0x00000050   Code   RO         3104    i.RDSsend_Volume_task  app.o
    0x08003704   0x000000bc   Code   RO         3105    i.RDSsend_area_allset  app.o
    0x080037c0   0x00000134   Code   RO         3106    i.RDSsend_state     app.o
    0x080038f4   0x000000b8   Code   RO         3107    i.RDSsend_txt       app.o
    0x080039ac   0x00000068   Code   RO         3108    i.RDSsend_txt_task  app.o
    0x08003a14   0x00000010   Code   RO         1329    i.RTC_ClearITPendingBit  stm32f10x_rtc.o
    0x08003a24   0x00000058   Code   RO         1897    i.RTC_Configuration  mainv1.o
    0x08003a7c   0x00000010   Code   RO         1330    i.RTC_EnterConfigMode  stm32f10x_rtc.o
    0x08003a8c   0x00000010   Code   RO         1331    i.RTC_ExitConfigMode  stm32f10x_rtc.o
    0x08003a9c   0x00000010   Code   RO         1332    i.RTC_GetCounter    stm32f10x_rtc.o
    0x08003aac   0x00000020   Code   RO         1335    i.RTC_GetITStatus   stm32f10x_rtc.o
    0x08003acc   0x0000005c   Code   RO         2670    i.RTC_IRQHandler    stm32f10x_it.o
    0x08003b28   0x0000001c   Code   RO         1336    i.RTC_ITConfig      stm32f10x_rtc.o
    0x08003b44   0x0000001c   Code   RO         1338    i.RTC_SetCounter    stm32f10x_rtc.o
    0x08003b60   0x00000020   Code   RO         1339    i.RTC_SetPrescaler  stm32f10x_rtc.o
    0x08003b80   0x00000010   Code   RO         1340    i.RTC_WaitForLastTask  stm32f10x_rtc.o
    0x08003b90   0x0000001c   Code   RO         1341    i.RTC_WaitForSynchro  stm32f10x_rtc.o
    0x08003bac   0x00000058   Code   RO         3109    i.Receivetxt_int    app.o
    0x08003c04   0x00000428   Code   RO         1898    i.SET_Audio_And_Time  mainv1.o
    0x0800402c   0x00000208   Code   RO         1899    i.SET_FM_And_RF_Power  mainv1.o
    0x08004234   0x00000258   Code   RO         1900    i.SET_Temp_And_SWR  mainv1.o
    0x0800448c   0x00000010   Code   RO         3110    i.SYS_PARAMETER_Save  app.o
    0x0800449c   0x00000044   Code   RO         2252    i.SendByte          lcd19264 driverv20.o
    0x080044e0   0x00000094   Code   RO           10    i.SetSysClockTo72   system_stm32f10x.o
    0x08004574   0x00000014   Code   RO         2759    i.SetingWindos_DestroyFMchValue  show.o
    0x08004588   0x00000014   Code   RO         2760    i.SetingWindos_DestroyPowerValue  show.o
    0x0800459c   0x0000008c   Code   RO         2761    i.SetingWindos_ShowFMchValue  show.o
    0x08004628   0x00000070   Code   RO         2762    i.SetingWindos_ShowPowerValue  show.o
    0x08004698   0x0000002a   Code   RO         1901    i.SetupSystemTime   mainv1.o
    0x080046c2   0x00000002   PAD
    0x080046c4   0x00000384   Code   RO         1902    i.Setup_Area_Name   mainv1.o
    0x08004a48   0x00000360   Code   RO         1903    i.Setup_PS_Name     mainv1.o
    0x08004da8   0x00000454   Code   RO         1904    i.Setup_RDSMode     mainv1.o
    0x080051fc   0x00000340   Code   RO         1905    i.Setup_RDS_Window  mainv1.o
    0x0800553c   0x00000058   Code   RO         1906    i.Show_ALLSET_Area_Fullsetval  mainv1.o
    0x08005594   0x0000008c   Code   RO         1907    i.Show_ALLSET_Area_Name  mainv1.o
    0x08005620   0x00000026   Code   RO         1908    i.Show_ALLSET_devgb  mainv1.o
    0x08005646   0x00000002   PAD
    0x08005648   0x0000005c   Code   RO         1909    i.Show_Area_Name    mainv1.o
    0x080056a4   0x00000064   Code   RO         1910    i.Show_DevStatus_Group  mainv1.o
    0x08005708   0x00000058   Code   RO         1911    i.Show_DevStatus_One  mainv1.o
    0x08005760   0x0000005c   Code   RO         1912    i.Show_Device_hangnum  mainv1.o
    0x080057bc   0x00000098   Code   RO         2763    i.Show_FM           show.o
    0x08005854   0x00000018   Code   RO         2764    i.Show_FSRF_Logo    show.o
    0x0800586c   0x00000040   Code   RO         2765    i.Show_I            show.o
    0x080058ac   0x00000080   Code   RO         2766    i.Show_P            show.o
    0x0800592c   0x00000024   Code   RO         2767    i.Show_PEVal        show.o
    0x08005950   0x00000044   Code   RO         1913    i.Show_PS_Name      mainv1.o
    0x08005994   0x00000058   Code   RO         2768    i.Show_Picture      show.o
    0x080059ec   0x00000040   Code   RO         2769    i.Show_RDS          show.o
    0x08005a2c   0x00000044   Code   RO         1914    i.Show_RDS_SetMode  mainv1.o
    0x08005a70   0x00000018   Code   RO         2770    i.Show_RDS_logox    show.o
    0x08005a88   0x00000068   Code   RO         2771    i.Show_RP           show.o
    0x08005af0   0x00000040   Code   RO         2772    i.Show_SWR          show.o
    0x08005b30   0x00000054   Code   RO         2773    i.Show_T            show.o
    0x08005b84   0x00000040   Code   RO         2774    i.Show_TX           show.o
    0x08005bc4   0x000000ac   Code   RO         2775    i.Show_Time         show.o
    0x08005c70   0x000000e8   Code   RO         2776    i.Show_VOLB         show.o
    0x08005d58   0x000000e8   Code   RO         2777    i.Show_VOLH         show.o
    0x08005e40   0x00000040   Code   RO         2778    i.Show_Volume       show.o
    0x08005e80   0x00000050   Code   RO           12    i.SystemInit        system_stm32f10x.o
    0x08005ed0   0x00000054   Code   RO         1916    i.TIM3Init          mainv1.o
    0x08005f24   0x00000058   Code   RO         2671    i.TIM3_IRQHandler   stm32f10x_it.o
    0x08005f7c   0x00000006   Code   RO          501    i.TIM_ClearITPendingBit  stm32f10x_tim.o
    0x08005f82   0x00000014   Code   RO          506    i.TIM_Cmd           stm32f10x_tim.o
    0x08005f96   0x00000002   PAD
    0x08005f98   0x00000170   Code   RO          511    i.TIM_DeInit        stm32f10x_tim.o
    0x08006108   0x00000010   Code   RO          531    i.TIM_ITConfig      stm32f10x_tim.o
    0x08006118   0x0000009c   Code   RO          577    i.TIM_TimeBaseInit  stm32f10x_tim.o
    0x080061b4   0x000000e8   Code   RO         2672    i.USART1_IRQHandler  stm32f10x_it.o
    0x0800629c   0x000000e4   Code   RO         2673    i.USART2_IRQHandler  stm32f10x_it.o
    0x08006380   0x00000014   Code   RO         1032    i.USART_Cmd         stm32f10x_usart.o
    0x08006394   0x0000003e   Code   RO         1036    i.USART_GetITStatus  stm32f10x_usart.o
    0x080063d2   0x00000030   Code   RO         1038    i.USART_ITConfig    stm32f10x_usart.o
    0x08006402   0x00000002   PAD
    0x08006404   0x000000b4   Code   RO         1039    i.USART_Init        stm32f10x_usart.o
    0x080064b8   0x00000008   Code   RO         1046    i.USART_ReceiveData  stm32f10x_usart.o
    0x080064c0   0x00000008   Code   RO         1049    i.USART_SendData    stm32f10x_usart.o
    0x080064c8   0x00000038   Code   RO         1917    i.UpdateSystemTime  mainv1.o
    0x08006500   0x00000002   Code   RO         2674    i.UsageFault_Handler  stm32f10x_it.o
    0x08006502   0x00000008   Code   RO         2489    i.WaitUs            pt2314.o
    0x0800650a   0x00000008   Code   RO         2573    i.WaitUs            qn8027_driver.o
    0x08006512   0x00000008   Code   RO         3030    i.WaitUs            24c32.o
    0x0800651a   0x00000002   PAD
    0x0800651c   0x00000028   Code   RO         2253    i.WriteCommandL     lcd19264 driverv20.o
    0x08006544   0x00000028   Code   RO         2254    i.WriteCommandM     lcd19264 driverv20.o
    0x0800656c   0x00000028   Code   RO         2255    i.WriteCommandR     lcd19264 driverv20.o
    0x08006594   0x00000024   Code   RO         1795    i.__user_perthread_libspace  rtx_conf_cm.o
    0x080065b8   0x00000046   Code   RO         3696    i._init_box         RTX_CM3.LIB(rt_membox.o)
    0x080065fe   0x00000002   PAD
    0x08006600   0x00000100   Code   RO         3275    i.adc_int           adc.o
    0x08006700   0x00000030   Code   RO         3503    i.dbg_init          RTX_CM3.LIB(hal_cm3.o)
    0x08006730   0x00000020   Code   RO         3504    i.dbg_task_notify   RTX_CM3.LIB(hal_cm3.o)
    0x08006750   0x00000010   Code   RO         3505    i.dbg_task_switch   RTX_CM3.LIB(hal_cm3.o)
    0x08006760   0x00000008   Code   RO         2256    i.delay             lcd19264 driverv20.o
    0x08006768   0x00000078   Code   RO         1919    i.main              mainv1.o
    0x080067e0   0x000005dc   Code   RO         1920    i.main_task         mainv1.o
    0x08006dbc   0x0000002c   Code   RO         1799    i.os_error          rtx_conf_cm.o
    0x08006de8   0x00000002   Code   RO         1800    i.os_idle_demon     rtx_conf_cm.o
    0x08006dea   0x00000002   Code   RO         1801    i.os_tmr_call       rtx_conf_cm.o
    0x08006dec   0x000000c4   Code   RO         3112    i.protocol          app.o
    0x08006eb0   0x0000001c   Code   RO         3697    i.rt_alloc_box      RTX_CM3.LIB(rt_membox.o)
    0x08006ecc   0x00000038   Code   RO         3310    i.rt_block          RTX_CM3.LIB(rt_task.o)
    0x08006f04   0x00000048   Code   RO         3674    i.rt_chk_robin      RTX_CM3.LIB(rt_robin.o)
    0x08006f4c   0x00000084   Code   RO         3595    i.rt_dec_dly        RTX_CM3.LIB(rt_list.o)
    0x08006fd0   0x00000044   Code   RO         3311    i.rt_dispatch       RTX_CM3.LIB(rt_task.o)
    0x08007014   0x00000006   Code   RO         3451    i.rt_dly_wait       RTX_CM3.LIB(rt_time.o)
    0x0800701a   0x00000002   PAD
    0x0800701c   0x00000020   Code   RO         3406    i.rt_evt_clr        RTX_CM3.LIB(rt_event.o)
    0x0800703c   0x00000054   Code   RO         3408    i.rt_evt_psh        RTX_CM3.LIB(rt_event.o)
    0x08007090   0x00000064   Code   RO         3409    i.rt_evt_set        RTX_CM3.LIB(rt_event.o)
    0x080070f4   0x00000044   Code   RO         3410    i.rt_evt_wait       RTX_CM3.LIB(rt_event.o)
    0x08007138   0x00000020   Code   RO         3698    i.rt_free_box       RTX_CM3.LIB(rt_membox.o)
    0x08007158   0x00000028   Code   RO         3596    i.rt_get_first      RTX_CM3.LIB(rt_list.o)
    0x08007180   0x00000044   Code   RO         3312    i.rt_init_context   RTX_CM3.LIB(rt_task.o)
    0x080071c4   0x00000018   Code   RO         3675    i.rt_init_robin     RTX_CM3.LIB(rt_robin.o)
    0x080071dc   0x00000054   Code   RO         3506    i.rt_init_stack     RTX_CM3.LIB(hal_cm3.o)
    0x08007230   0x000000c8   Code   RO         3732    i.rt_mbx_psh        RTX_CM3.LIB(rt_mailbox.o)
    0x080072f8   0x00000010   Code   RO         3478    i.rt_mut_init       RTX_CM3.LIB(rt_mutex.o)
    0x08007308   0x000000ac   Code   RO         3479    i.rt_mut_release    RTX_CM3.LIB(rt_mutex.o)
    0x080073b4   0x00000068   Code   RO         3480    i.rt_mut_wait       RTX_CM3.LIB(rt_mutex.o)
    0x0800741c   0x00000084   Code   RO         3544    i.rt_pop_req        RTX_CM3.LIB(rt_system.o)
    0x080074a0   0x00000058   Code   RO         3599    i.rt_put_dly        RTX_CM3.LIB(rt_list.o)
    0x080074f8   0x00000036   Code   RO         3600    i.rt_put_prio       RTX_CM3.LIB(rt_list.o)
    0x0800752e   0x00000002   PAD
    0x08007530   0x00000014   Code   RO         3601    i.rt_put_rdy_first  RTX_CM3.LIB(rt_list.o)
    0x08007544   0x00000034   Code   RO         3602    i.rt_resort_prio    RTX_CM3.LIB(rt_list.o)
    0x08007578   0x0000002c   Code   RO         3603    i.rt_rmv_dly        RTX_CM3.LIB(rt_list.o)
    0x080075a4   0x00000030   Code   RO         3604    i.rt_rmv_list       RTX_CM3.LIB(rt_list.o)
    0x080075d4   0x00000034   Code   RO         3778    i.rt_sem_psh        RTX_CM3.LIB(rt_semaphore.o)
    0x08007608   0x00000024   Code   RO         3546    i.rt_stk_check      RTX_CM3.LIB(rt_system.o)
    0x0800762c   0x00000028   Code   RO         3313    i.rt_switch_req     RTX_CM3.LIB(rt_task.o)
    0x08007654   0x00000128   Code   RO         3314    i.rt_sys_init       RTX_CM3.LIB(rt_task.o)
    0x0800777c   0x0000003c   Code   RO         3547    i.rt_systick        RTX_CM3.LIB(rt_system.o)
    0x080077b8   0x00000040   Code   RO         3814    i.rt_tmr_tick       RTX_CM3.LIB(rt_timer.o)
    0x080077f8   0x00000090   Code   RO         3315    i.rt_tsk_create     RTX_CM3.LIB(rt_task.o)
    0x08007888   0x000000ac   Code   RO         3316    i.rt_tsk_delete     RTX_CM3.LIB(rt_task.o)
    0x08007934   0x00000010   Code   RO         3319    i.rt_tsk_self       RTX_CM3.LIB(rt_task.o)
    0x08007944   0x00000038   Code   RO         3113    i.txt_int           app.o
    0x0800797c   0x0000002c   Code   RO         3954    locale$$code        c_w.l(lc_ctype_c.o)
    0x080079a8   0x0000000e   Code   RO         3997    x$fpl$fpinit        fz_ws.l(fpinit.o)
    0x080079b6   0x00000002   Data   RO         1807    .constdata          rtx_conf_cm.o
    0x080079b8   0x00000004   Data   RO         1808    .constdata          rtx_conf_cm.o
    0x080079bc   0x00000004   Data   RO         1809    .constdata          rtx_conf_cm.o
    0x080079c0   0x00000004   Data   RO         1810    .constdata          rtx_conf_cm.o
    0x080079c4   0x00000001   Data   RO         1811    .constdata          rtx_conf_cm.o
    0x080079c5   0x00000003   PAD
    0x080079c8   0x00000008   Data   RO         1812    .constdata          rtx_conf_cm.o
    0x080079d0   0x00000002   Data   RO         1813    .constdata          rtx_conf_cm.o
    0x080079d2   0x00000002   PAD
    0x080079d4   0x00000004   Data   RO         1814    .constdata          rtx_conf_cm.o
    0x080079d8   0x00000001   Data   RO         1815    .constdata          rtx_conf_cm.o
    0x080079d9   0x00000001   PAD
    0x080079da   0x00000002   Data   RO         1816    .constdata          rtx_conf_cm.o
    0x080079dc   0x00000058   Data   RO         1926    .constdata          mainv1.o
    0x08007a34   0x00000818   Data   RO         2257    .constdata          lcd19264 driverv20.o
    0x0800824c   0x00000300   Data   RO         2384    .constdata          drawpicture.o
    0x0800854c   0x00000170   Data   RO         2779    .constdata          show.o
    0x080086bc   0x00000008   Data   RO         2780    .constdata          show.o
    0x080086c4   0x00000008   Data   RO         2781    .constdata          show.o
    0x080086cc   0x00000008   Data   RO         2782    .constdata          show.o
    0x080086d4   0x00000008   Data   RO         2783    .constdata          show.o
    0x080086dc   0x00000008   Data   RO         2784    .constdata          show.o
    0x080086e4   0x00000008   Data   RO         2785    .constdata          show.o
    0x080086ec   0x00000008   Data   RO         2786    .constdata          show.o
    0x080086f4   0x0000000b   Data   RO         2787    .constdata          show.o
    0x080086ff   0x0000000b   Data   RO         2788    .constdata          show.o
    0x0800870a   0x0000000b   Data   RO         2789    .constdata          show.o
    0x08008715   0x0000000b   Data   RO         2790    .constdata          show.o
    0x08008720   0x0000001a   Data   RO         2791    .constdata          show.o
    0x0800873a   0x00000002   PAD
    0x0800873c   0x00000020   Data   RO         4082    Region$$Table       anon$$obj.o
    0x0800875c   0x00000110   Data   RO         3953    locale$$data        c_w.l(lc_ctype_c.o)


    Execution Region RW_IRAM1 (Base: 0x20000000, Size: 0x00004fe0, Max: 0x00005000, ABSOLUTE, COMPRESSED[0x00000044])

    Base Addr    Size         Type   Attr      Idx    E Section Name        Object

    0x20000000   0x00000014   Data   RW          321    .data               stm32f10x_rcc.o
    0x20000014   0x00000004   Data   RW         1817    .data               rtx_conf_cm.o
    0x20000018   0x00000001   Data   RW         1927    .data               mainv1.o
    0x20000019   0x00000001   Data   RW         1928    .data               mainv1.o
    0x2000001a   0x00000001   Data   RW         1929    .data               mainv1.o
    0x2000001b   0x00000001   Data   RW         1930    .data               mainv1.o
    0x2000001c   0x00000001   Data   RW         1931    .data               mainv1.o
    0x2000001d   0x00000001   Data   RW         1932    .data               mainv1.o
    0x2000001e   0x00000002   PAD
    0x20000020   0x00000118   Data   RW         1933    .data               mainv1.o
    0x20000138   0x00000001   Data   RW         1937    .data               mainv1.o
    0x20000139   0x00000001   Data   RW         1938    .data               mainv1.o
    0x2000013a   0x00000001   Data   RW         1939    .data               mainv1.o
    0x2000013b   0x00000001   Data   RW         1940    .data               mainv1.o
    0x2000013c   0x00000001   Data   RW         1941    .data               mainv1.o
    0x2000013d   0x00000001   Data   RW         1942    .data               mainv1.o
    0x2000013e   0x00000001   Data   RW         1943    .data               mainv1.o
    0x2000013f   0x00000001   Data   RW         1944    .data               mainv1.o
    0x20000140   0x00000001   Data   RW         1945    .data               mainv1.o
    0x20000141   0x00000001   Data   RW         1946    .data               mainv1.o
    0x20000142   0x00000002   PAD
    0x20000144   0x00000004   Data   RW         1948    .data               mainv1.o
    0x20000148   0x00000001   Data   RW         2490    .data               pt2314.o
    0x20000149   0x00000001   Data   RW         2574    .data               qn8027_driver.o
    0x2000014a   0x00000018   Data   RW         2914    .data               anjian.o
    0x20000162   0x00000001   Data   RW         3031    .data               24c32.o
    0x20000163   0x00000001   PAD
    0x20000164   0x00000058   Data   RW         3118    .data               app.o
    0x200001bc   0x00000008   Data   RW         3321    .data               RTX_CM3.LIB(rt_task.o)
    0x200001c4   0x00000002   Data   RW         3454    .data               RTX_CM3.LIB(rt_time.o)
    0x200001c6   0x00000001   Data   RW         3507    .data               RTX_CM3.LIB(hal_cm3.o)
    0x200001c7   0x00000002   Data   RW         3550    .data               RTX_CM3.LIB(rt_system.o)
    0x200001c9   0x00000003   PAD
    0x200001cc   0x00000008   Data   RW         3676    .data               RTX_CM3.LIB(rt_robin.o)
    0x200001d4   0x00000008   Data   RW         3815    .data               RTX_CM3.LIB(rt_timer.o)
    0x200001dc   0x0000024c   Zero   RW         1802    .bss                rtx_conf_cm.o
    0x20000428   0x000032d8   Zero   RW         1803    .bss                rtx_conf_cm.o
    0x20003700   0x00000084   Zero   RW         1804    .bss                rtx_conf_cm.o
    0x20003784   0x00000030   Zero   RW         1805    .bss                rtx_conf_cm.o
    0x200037b4   0x000004e0   Zero   RW         1806    .bss                rtx_conf_cm.o
    0x20003c94   0x00000004   PAD
    0x20003c98   0x000004cc   Zero   RW         1921    .bss                mainv1.o
    0x20004164   0x00000040   Zero   RW         1922    .bss                mainv1.o
    0x200041a4   0x00000040   Zero   RW         1923    .bss                mainv1.o
    0x200041e4   0x00000040   Zero   RW         1924    .bss                mainv1.o
    0x20004224   0x00000040   Zero   RW         1925    .bss                mainv1.o
    0x20004264   0x00000600   Zero   RW         2383    .bss                drawpicture.o
    0x20004864   0x0000006c   Zero   RW         3114    .bss                app.o
    0x200048d0   0x0000004a   Zero   RW         3277    .bss                adc.o
    0x2000491a   0x00000002   PAD
    0x2000491c   0x00000030   Zero   RW         3320    .bss                RTX_CM3.LIB(rt_task.o)
    0x2000494c   0x00000030   Zero   RW         3605    .bss                RTX_CM3.LIB(rt_list.o)
    0x2000497c   0x00000060   Zero   RW         3842    .bss                c_w.l(libspace.o)
    0x200049dc   0x00000004   PAD
    0x200049e0   0x00000200   Zero   RW            2    HEAP                startup_stm32f10x_md.o
    0x20004be0   0x00000400   Zero   RW            1    STACK               startup_stm32f10x_md.o


==============================================================================

Image component sizes


      Code (inc. data)   RO Data    RW Data    ZI Data      Debug   Object Name

       712         44          0          1          0       5379   24c32.o
       284         18          0          0         74       2035   adc.o
       570         64          0         24          0       6509   anjian.o
      2644        400          0         88        108      17280   app.o
       192         10          0          0          0       2215   dac5615.o
       978         42        768          0       1536      10042   drawpicture.o
      1034        100       2072          0          0      11546   lcd19264 driverv20.o
     11814       1266         88        300       1484      35165   mainv1.o
       112         10          0          0          0      12603   misc.o
       632         56          0          1          0       7211   pt2314.o
       922         40          0          1          0       8622   qn8027_driver.o
        84         14         32          4      15032       7983   rtx_conf_cm.o
      1888        200        494          0          0      11181   show.o
        64         26        236          0       1536        960   startup_stm32f10x_md.o
       296         10          0          0          0      17473   stm32f10x_adc.o
        42         12          0          0          0       2912   stm32f10x_bkp.o
       316          8          0          0          0      13958   stm32f10x_dma.o
       164         14          0          0          0       4926   stm32f10x_exti.o
       218          6          0          0          0      13394   stm32f10x_gpio.o
       652        122          0          0          0     206408   stm32f10x_it.o
        12          6          0          0          0        574   stm32f10x_pwr.o
       392         78          0         20          0      18796   stm32f10x_rcc.o
       228         46          0          0          0       6506   stm32f10x_rtc.o
       566        106          0          0          0      25868   stm32f10x_tim.o
       326          4          0          0          0      12559   stm32f10x_usart.o
       228         26          0          0          0     266037   system_stm32f10x.o

    ----------------------------------------------------------------------
     25412       2728       3730        444      19776     728142   Object Totals
         0          0         32          0          0          0   (incl. Generated)
        42          0          8          5          6          2   (incl. Padding)

    ----------------------------------------------------------------------

      Code (inc. data)   RO Data    RW Data    ZI Data      Debug   Library Member Name

         4          4          0          0          0        136   SVC_Table.o
       512         66          0          1          0       2541   hal_cm3.o
       284         20          0          0          0       2321   rt_event.o
       478         28          0          0         48       4346   rt_list.o
       200          4          0          0          0        741   rt_mailbox.o
       130          0          0          0          0       1705   rt_membox.o
       292         14          0          0          0       1753   rt_mutex.o
        96         24          0          8          0        954   rt_robin.o
        52          6          0          0          0        513   rt_semaphore.o
       228         38          0          2          0       1505   rt_system.o
       860        162          0          8         48       6822   rt_task.o
         6          0          0          2          0        528   rt_time.o
        64          8          0          8          0        603   rt_timer.o
        60          8          0          0          0         84   __0sscanf.o
        90          0          0          0          0          0   __dczerorl2.o
         8          0          0          0          0         68   __main.o
        52          8          0          0          0          0   __scatter.o
        28          0          0          0          0          0   __scatter_zi.o
       904          4          0          0          0        100   _scanf.o
       222          0          0          0          0         96   _scanf_str.o
        64          0          0          0          0         84   _sgetc.o
        16          0          0          0          0         68   aeabi_memset.o
        12          0          0          0          0         68   exit.o
         6          0          0          0          0        152   heapauxi.o
        18          0          0          0          0         76   isspace.o
        44         10        272          0          0         76   lc_ctype_c.o
         6          0          0          0          0          0   libinit.o
        20          0          0          0          0          0   libinit2.o
         2          0          0          0          0          0   libshutdown.o
         2          0          0          0          0          0   libshutdown2.o
         8          4          0          0         96         68   libspace.o
        16          4          0          0          0         76   rt_ctype_table.o
        10          0          0          0          0         76   rt_fp_status_addr_twolibspace.o
        10          0          0          0          0         76   rt_locale_twolibspace.o
        68          0          0          0          0         68   rt_memclr.o
        78          0          0          0          0         80   rt_memclr_w.o
       138          0          0          0          0         68   rt_memcpy_v6.o
       100          0          0          0          0         80   rt_memcpy_w.o
         0          0          0          0          0          0   rtentry.o
        12          0          0          0          0          0   rtentry2.o
         6          0          0          0          0          0   rtentry4.o
         2          0          0          0          0          0   rtexit.o
        10          0          0          0          0          0   rtexit2.o
        48         10          0          0          0         84   scanf_char.o
       128          0          0          0          0         68   strcmpv7m.o
        12          4          0          0          0         68   sys_exit.o
        74          0          0          0          0         80   sys_stackheap_outer.o
         2          0          0          0          0         68   use_no_semi.o
        14          0          0          0          0         76   fpinit.o

    ----------------------------------------------------------------------
      5510        426        272         32        196      26376   Library Totals
        14          0          0          3          4          0   (incl. Padding)

    ----------------------------------------------------------------------

      Code (inc. data)   RO Data    RW Data    ZI Data      Debug   Library Name

      3206        374          0         29         96      24468   RTX_CM3.LIB
      2276         52        272          0         96       1832   c_w.l
        14          0          0          0          0         76   fz_ws.l

    ----------------------------------------------------------------------
      5510        426        272         32        196      26376   Library Totals

    ----------------------------------------------------------------------

==============================================================================


      Code (inc. data)   RO Data    RW Data    ZI Data      Debug   

     30922       3154       4002        476      19972     738504   Grand Totals
     30922       3154       4002         68      19972     738504   ELF Image Totals (compressed)
     30922       3154       4002         68          0          0   ROM Totals

==============================================================================

    Total RO  Size (Code + RO Data)                34924 (  34.11kB)
    Total RW  Size (RW Data + ZI Data)             20448 (  19.97kB)
    Total ROM Size (Code + RO Data + RW Data)      34992 (  34.17kB)

==============================================================================

