<!doctype html public "-//w3c//dtd html 4.0 transitional//en">
<html><head>
<title>Static Call Graph - [.\obj\RDS_∑¢…‰∞Â.axf]</title></head>
<body><HR>
<H1>Static Call Graph for image .\obj\RDS_∑¢…‰∞Â.axf</H1><HR>
<BR><P>#&#060CALLGRAPH&#062# ARM Linker, 4.1 [Build 644]: Last Updated: Thu Nov 21 23:39:24 2013
<BR><P>
<H3>Maximum Stack Usage =        256 bytes + Unknown(Functions without stacksize, Cycles, Untraceable Function Pointers)</H3><H3>
Call chain for Maximum Stack Depth:</H3>
main_task &rArr; Setup_RDS_Window &rArr; Setup_RDSMode &rArr; Show_DevStatus_Group &rArr; Show_DevStatus_One &rArr; Show_Picture &rArr; Draw_Point &rArr; LCD19264_Posbyte &rArr; LCD_WriteCMD &rArr; SendByte
<P>
<H3>
Functions with no stack information
</H3><UL>
 <LI><a href="#[b]">SysTick_Handler</a>
 <LI><a href="#[7b]">__user_initial_stackheap</a>
</UL>
</UL>
<P>
<H3>
Mutually Recursive functions
</H3> <LI><a href="#[1e]">ADC1_2_IRQHandler</a>&nbsp;&nbsp;&nbsp;&rArr;&nbsp;&nbsp;&nbsp;<a href="#[1e]">ADC1_2_IRQHandler</a><BR>
 <LI><a href="#[6]">BusFault_Handler</a>&nbsp;&nbsp;&nbsp;&rArr;&nbsp;&nbsp;&nbsp;<a href="#[6]">BusFault_Handler</a><BR>
 <LI><a href="#[4]">HardFault_Handler</a>&nbsp;&nbsp;&nbsp;&rArr;&nbsp;&nbsp;&nbsp;<a href="#[4]">HardFault_Handler</a><BR>
 <LI><a href="#[5]">MemManage_Handler</a>&nbsp;&nbsp;&nbsp;&rArr;&nbsp;&nbsp;&nbsp;<a href="#[5]">MemManage_Handler</a><BR>
 <LI><a href="#[7]">UsageFault_Handler</a>&nbsp;&nbsp;&nbsp;&rArr;&nbsp;&nbsp;&nbsp;<a href="#[7]">UsageFault_Handler</a><BR>
 <LI><a href="#[57]">os_idle_demon</a>&nbsp;&nbsp;&nbsp;&rArr;&nbsp;&nbsp;&nbsp;<a href="#[57]">os_idle_demon</a><BR>
</UL>
<P>
<H3>
Function Pointers
</H3><UL>
 <LI><a href="#[1e]">ADC1_2_IRQHandler</a> from startup_stm32f10x_md.o(.text) referenced from startup_stm32f10x_md.o(RESET)
 <LI><a href="#[54]">Alarm_task</a> from mainv1.o(i.Alarm_task) referenced from mainv1.o(i.main_task)
 <LI><a href="#[52]">AutoAdjustPower_task</a> from mainv1.o(i.AutoAdjustPower_task) referenced from mainv1.o(i.main_task)
 <LI><a href="#[53]">AutoChoiceAudio_task</a> from mainv1.o(i.AutoChoiceAudio_task) referenced from mainv1.o(i.main_task)
 <LI><a href="#[44]">BEEP_task</a> from mainv1.o(i.BEEP_task) referenced from mainv1.o(i.Alarm_task)
 <LI><a href="#[6]">BusFault_Handler</a> from stm32f10x_it.o(i.BusFault_Handler) referenced from startup_stm32f10x_md.o(RESET)
 <LI><a href="#[21]">CAN1_RX1_IRQHandler</a> from startup_stm32f10x_md.o(.text) referenced from startup_stm32f10x_md.o(RESET)
 <LI><a href="#[22]">CAN1_SCE_IRQHandler</a> from startup_stm32f10x_md.o(.text) referenced from startup_stm32f10x_md.o(RESET)
 <LI><a href="#[17]">DMA1_Channel1_IRQHandler</a> from startup_stm32f10x_md.o(.text) referenced from startup_stm32f10x_md.o(RESET)
 <LI><a href="#[18]">DMA1_Channel2_IRQHandler</a> from startup_stm32f10x_md.o(.text) referenced from startup_stm32f10x_md.o(RESET)
 <LI><a href="#[19]">DMA1_Channel3_IRQHandler</a> from startup_stm32f10x_md.o(.text) referenced from startup_stm32f10x_md.o(RESET)
 <LI><a href="#[1a]">DMA1_Channel4_IRQHandler</a> from startup_stm32f10x_md.o(.text) referenced from startup_stm32f10x_md.o(RESET)
 <LI><a href="#[1b]">DMA1_Channel5_IRQHandler</a> from startup_stm32f10x_md.o(.text) referenced from startup_stm32f10x_md.o(RESET)
 <LI><a href="#[1c]">DMA1_Channel6_IRQHandler</a> from startup_stm32f10x_md.o(.text) referenced from startup_stm32f10x_md.o(RESET)
 <LI><a href="#[1d]">DMA1_Channel7_IRQHandler</a> from startup_stm32f10x_md.o(.text) referenced from startup_stm32f10x_md.o(RESET)
 <LI><a href="#[9]">DebugMon_Handler</a> from stm32f10x_it.o(i.DebugMon_Handler) referenced from startup_stm32f10x_md.o(RESET)
 <LI><a href="#[12]">EXTI0_IRQHandler</a> from startup_stm32f10x_md.o(.text) referenced from startup_stm32f10x_md.o(RESET)
 <LI><a href="#[34]">EXTI15_10_IRQHandler</a> from startup_stm32f10x_md.o(.text) referenced from startup_stm32f10x_md.o(RESET)
 <LI><a href="#[13]">EXTI1_IRQHandler</a> from startup_stm32f10x_md.o(.text) referenced from startup_stm32f10x_md.o(RESET)
 <LI><a href="#[14]">EXTI2_IRQHandler</a> from startup_stm32f10x_md.o(.text) referenced from startup_stm32f10x_md.o(RESET)
 <LI><a href="#[15]">EXTI3_IRQHandler</a> from startup_stm32f10x_md.o(.text) referenced from startup_stm32f10x_md.o(RESET)
 <LI><a href="#[16]">EXTI4_IRQHandler</a> from startup_stm32f10x_md.o(.text) referenced from startup_stm32f10x_md.o(RESET)
 <LI><a href="#[23]">EXTI9_5_IRQHandler</a> from startup_stm32f10x_md.o(.text) referenced from startup_stm32f10x_md.o(RESET)
 <LI><a href="#[10]">FLASH_IRQHandler</a> from startup_stm32f10x_md.o(.text) referenced from startup_stm32f10x_md.o(RESET)
 <LI><a href="#[4]">HardFault_Handler</a> from stm32f10x_it.o(i.HardFault_Handler) referenced from startup_stm32f10x_md.o(RESET)
 <LI><a href="#[2c]">I2C1_ER_IRQHandler</a> from startup_stm32f10x_md.o(.text) referenced from startup_stm32f10x_md.o(RESET)
 <LI><a href="#[2b]">I2C1_EV_IRQHandler</a> from startup_stm32f10x_md.o(.text) referenced from startup_stm32f10x_md.o(RESET)
 <LI><a href="#[2e]">I2C2_ER_IRQHandler</a> from startup_stm32f10x_md.o(.text) referenced from startup_stm32f10x_md.o(RESET)
 <LI><a href="#[2d]">I2C2_EV_IRQHandler</a> from startup_stm32f10x_md.o(.text) referenced from startup_stm32f10x_md.o(RESET)
 <LI><a href="#[4f]">InitTask</a> from mainv1.o(i.InitTask) referenced from mainv1.o(i.main)
 <LI><a href="#[42]">LED_Blinking_task</a> from mainv1.o(i.LED_Blinking_task) referenced from mainv1.o(i.Alarm_task)
 <LI><a href="#[5]">MemManage_Handler</a> from stm32f10x_it.o(i.MemManage_Handler) referenced from startup_stm32f10x_md.o(RESET)
 <LI><a href="#[3]">NMI_Handler</a> from stm32f10x_it.o(i.NMI_Handler) referenced from startup_stm32f10x_md.o(RESET)
 <LI><a href="#[55]">PCRDS_Blinking_task</a> from mainv1.o(i.PCRDS_Blinking_task) referenced from mainv1.o(i.main_task)
 <LI><a href="#[d]">PVD_IRQHandler</a> from startup_stm32f10x_md.o(.text) referenced from startup_stm32f10x_md.o(RESET)
 <LI><a href="#[a]">PendSV_Handler</a> from hal_cm3.o(.emb_text) referenced from startup_stm32f10x_md.o(RESET)
 <LI><a href="#[11]">RCC_IRQHandler</a> from startup_stm32f10x_md.o(.text) referenced from startup_stm32f10x_md.o(RESET)
 <LI><a href="#[51]">RDS_task</a> from app.o(i.RDS_task) referenced from mainv1.o(i.main_task)
 <LI><a href="#[4c]">RDSsend_IDNum_task</a> from app.o(i.RDSsend_IDNum_task) referenced from app.o(i.RDS_task)
 <LI><a href="#[4d]">RDSsend_Volume_task</a> from app.o(i.RDSsend_Volume_task) referenced from app.o(i.RDS_task)
 <LI><a href="#[4e]">RDSsend_txt_task</a> from app.o(i.RDSsend_txt_task) referenced from app.o(i.RDS_task)
 <LI><a href="#[35]">RTCAlarm_IRQHandler</a> from startup_stm32f10x_md.o(.text) referenced from startup_stm32f10x_md.o(RESET)
 <LI><a href="#[f]">RTC_IRQHandler</a> from stm32f10x_it.o(i.RTC_IRQHandler) referenced from startup_stm32f10x_md.o(RESET)
 <LI><a href="#[2]">Reset_Handler</a> from startup_stm32f10x_md.o(.text) referenced from startup_stm32f10x_md.o(RESET)
 <LI><a href="#[2f]">SPI1_IRQHandler</a> from startup_stm32f10x_md.o(.text) referenced from startup_stm32f10x_md.o(RESET)
 <LI><a href="#[30]">SPI2_IRQHandler</a> from startup_stm32f10x_md.o(.text) referenced from startup_stm32f10x_md.o(RESET)
 <LI><a href="#[8]">SVC_Handler</a> from hal_cm3.o(.emb_text) referenced from startup_stm32f10x_md.o(RESET)
 <LI><a href="#[b]">SysTick_Handler</a> from hal_cm3.o(.emb_text) referenced from startup_stm32f10x_md.o(RESET)
 <LI><a href="#[39]">SystemInit</a> from system_stm32f10x.o(i.SystemInit) referenced from startup_stm32f10x_md.o(.text)
 <LI><a href="#[e]">TAMPER_IRQHandler</a> from startup_stm32f10x_md.o(.text) referenced from startup_stm32f10x_md.o(RESET)
 <LI><a href="#[24]">TIM1_BRK_IRQHandler</a> from startup_stm32f10x_md.o(.text) referenced from startup_stm32f10x_md.o(RESET)
 <LI><a href="#[27]">TIM1_CC_IRQHandler</a> from startup_stm32f10x_md.o(.text) referenced from startup_stm32f10x_md.o(RESET)
 <LI><a href="#[26]">TIM1_TRG_COM_IRQHandler</a> from startup_stm32f10x_md.o(.text) referenced from startup_stm32f10x_md.o(RESET)
 <LI><a href="#[25]">TIM1_UP_IRQHandler</a> from startup_stm32f10x_md.o(.text) referenced from startup_stm32f10x_md.o(RESET)
 <LI><a href="#[28]">TIM2_IRQHandler</a> from startup_stm32f10x_md.o(.text) referenced from startup_stm32f10x_md.o(RESET)
 <LI><a href="#[29]">TIM3_IRQHandler</a> from stm32f10x_it.o(i.TIM3_IRQHandler) referenced from startup_stm32f10x_md.o(RESET)
 <LI><a href="#[2a]">TIM4_IRQHandler</a> from startup_stm32f10x_md.o(.text) referenced from startup_stm32f10x_md.o(RESET)
 <LI><a href="#[31]">USART1_IRQHandler</a> from stm32f10x_it.o(i.USART1_IRQHandler) referenced from startup_stm32f10x_md.o(RESET)
 <LI><a href="#[32]">USART2_IRQHandler</a> from stm32f10x_it.o(i.USART2_IRQHandler) referenced from startup_stm32f10x_md.o(RESET)
 <LI><a href="#[33]">USART3_IRQHandler</a> from startup_stm32f10x_md.o(.text) referenced from startup_stm32f10x_md.o(RESET)
 <LI><a href="#[36]">USBWakeUp_IRQHandler</a> from startup_stm32f10x_md.o(.text) referenced from startup_stm32f10x_md.o(RESET)
 <LI><a href="#[1f]">USB_HP_CAN1_TX_IRQHandler</a> from startup_stm32f10x_md.o(.text) referenced from startup_stm32f10x_md.o(RESET)
 <LI><a href="#[20]">USB_LP_CAN1_RX0_IRQHandler</a> from startup_stm32f10x_md.o(.text) referenced from startup_stm32f10x_md.o(RESET)
 <LI><a href="#[7]">UsageFault_Handler</a> from stm32f10x_it.o(i.UsageFault_Handler) referenced from startup_stm32f10x_md.o(RESET)
 <LI><a href="#[c]">WWDG_IRQHandler</a> from startup_stm32f10x_md.o(.text) referenced from startup_stm32f10x_md.o(RESET)
 <LI><a href="#[58]">__main</a> from __main.o(!!!main) referenced from startup_stm32f10x_md.o(.text)
 <LI><a href="#[3f]">_get_lc_ctype</a> from lc_ctype_c.o(locale$$code) referenced from rt_ctype_table.o(.text)
 <LI><a href="#[3c]">_sbackspace</a> from _sgetc.o(.text) referenced from __0sscanf.o(.text)
 <LI><a href="#[3d]">_scanf_char_input</a> from scanf_char.o(.text) referenced from scanf_char.o(.text)
 <LI><a href="#[3b]">_sgetc</a> from _sgetc.o(.text) referenced from __0sscanf.o(.text)
 <LI><a href="#[56]">comdata_task</a> from mainv1.o(i.comdata_task) referenced from mainv1.o(i.main_task)
 <LI><a href="#[3e]">isspace</a> from isspace.o(.text) referenced from scanf_char.o(.text)
 <LI><a href="#[48]">main_task</a> from mainv1.o(i.main_task) referenced from mainv1.o(i.InitTask)
 <LI><a href="#[57]">os_idle_demon</a> from rtx_conf_cm.o(i.os_idle_demon) referenced from rt_task.o(i.rt_sys_init)
 <LI><a href="#[37]">rt_alloc_box</a> from rt_membox.o(i.rt_alloc_box) referenced from hal_cm3.o(.emb_text)
 <LI><a href="#[46]">rt_dly_wait</a> from rt_time.o(i.rt_dly_wait) referenced from mainv1.o(i.Alarm_task)
 <LI><a href="#[46]">rt_dly_wait</a> from rt_time.o(i.rt_dly_wait) referenced from app.o(i.Area_Name_Save)
 <LI><a href="#[46]">rt_dly_wait</a> from rt_time.o(i.rt_dly_wait) referenced from app.o(i.Area_Name_Update)
 <LI><a href="#[46]">rt_dly_wait</a> from rt_time.o(i.rt_dly_wait) referenced from mainv1.o(i.AutoAdjustPower_task)
 <LI><a href="#[46]">rt_dly_wait</a> from rt_time.o(i.rt_dly_wait) referenced from mainv1.o(i.AutoChoiceAudio_task)
 <LI><a href="#[46]">rt_dly_wait</a> from rt_time.o(i.rt_dly_wait) referenced from mainv1.o(i.BEEP_task)
 <LI><a href="#[46]">rt_dly_wait</a> from rt_time.o(i.rt_dly_wait) referenced from mainv1.o(i.LED_Blinking_task)
 <LI><a href="#[46]">rt_dly_wait</a> from rt_time.o(i.rt_dly_wait) referenced from mainv1.o(i.PCRDS_Blinking_task)
 <LI><a href="#[46]">rt_dly_wait</a> from rt_time.o(i.rt_dly_wait) referenced from app.o(i.PS_Name_Save)
 <LI><a href="#[46]">rt_dly_wait</a> from rt_time.o(i.rt_dly_wait) referenced from app.o(i.PS_Name_Update)
 <LI><a href="#[46]">rt_dly_wait</a> from rt_time.o(i.rt_dly_wait) referenced from app.o(i.RDS_DevicesGroup_Mode_Save)
 <LI><a href="#[46]">rt_dly_wait</a> from rt_time.o(i.rt_dly_wait) referenced from app.o(i.RDS_DevicesGroup_Mode_Update)
 <LI><a href="#[46]">rt_dly_wait</a> from rt_time.o(i.rt_dly_wait) referenced from app.o(i.RDSsend_IDNum_task)
 <LI><a href="#[46]">rt_dly_wait</a> from rt_time.o(i.rt_dly_wait) referenced from app.o(i.RDSsend_Volume_task)
 <LI><a href="#[46]">rt_dly_wait</a> from rt_time.o(i.rt_dly_wait) referenced from app.o(i.RDSsend_txt_task)
 <LI><a href="#[46]">rt_dly_wait</a> from rt_time.o(i.rt_dly_wait) referenced from mainv1.o(i.Setup_RDS_Window)
 <LI><a href="#[46]">rt_dly_wait</a> from rt_time.o(i.rt_dly_wait) referenced from mainv1.o(i.comdata_task)
 <LI><a href="#[46]">rt_dly_wait</a> from rt_time.o(i.rt_dly_wait) referenced 3 times from mainv1.o(i.main_task)
 <LI><a href="#[40]">rt_evt_clr</a> from rt_event.o(i.rt_evt_clr) referenced from mainv1.o(i.Alarm_task)
 <LI><a href="#[45]">rt_evt_set</a> from rt_event.o(i.rt_evt_set) referenced from mainv1.o(i.Alarm_task)
 <LI><a href="#[45]">rt_evt_set</a> from rt_event.o(i.rt_evt_set) referenced 2 times from mainv1.o(i.main_task)
 <LI><a href="#[41]">rt_evt_wait</a> from rt_event.o(i.rt_evt_wait) referenced from mainv1.o(i.Alarm_task)
 <LI><a href="#[41]">rt_evt_wait</a> from rt_event.o(i.rt_evt_wait) referenced from mainv1.o(i.BEEP_task)
 <LI><a href="#[41]">rt_evt_wait</a> from rt_event.o(i.rt_evt_wait) referenced from mainv1.o(i.LED_Blinking_task)
 <LI><a href="#[38]">rt_free_box</a> from rt_membox.o(i.rt_free_box) referenced from hal_cm3.o(.emb_text)
 <LI><a href="#[4b]">rt_mut_init</a> from rt_mutex.o(i.rt_mut_init) referenced from app.o(i.RDS_task)
 <LI><a href="#[4b]">rt_mut_init</a> from rt_mutex.o(i.rt_mut_init) referenced from mainv1.o(i.main_task)
 <LI><a href="#[4a]">rt_mut_release</a> from rt_mutex.o(i.rt_mut_release) referenced from mainv1.o(i.PCRDS_Blinking_task)
 <LI><a href="#[4a]">rt_mut_release</a> from rt_mutex.o(i.rt_mut_release) referenced from mainv1.o(i.comdata_task)
 <LI><a href="#[4a]">rt_mut_release</a> from rt_mutex.o(i.rt_mut_release) referenced 2 times from mainv1.o(i.main_task)
 <LI><a href="#[49]">rt_mut_wait</a> from rt_mutex.o(i.rt_mut_wait) referenced from mainv1.o(i.PCRDS_Blinking_task)
 <LI><a href="#[49]">rt_mut_wait</a> from rt_mutex.o(i.rt_mut_wait) referenced from mainv1.o(i.comdata_task)
 <LI><a href="#[49]">rt_mut_wait</a> from rt_mutex.o(i.rt_mut_wait) referenced 2 times from mainv1.o(i.main_task)
 <LI><a href="#[50]">rt_sys_init</a> from rt_task.o(i.rt_sys_init) referenced from mainv1.o(i.main)
 <LI><a href="#[43]">rt_tsk_create</a> from rt_task.o(i.rt_tsk_create) referenced from mainv1.o(i.Alarm_task)
 <LI><a href="#[43]">rt_tsk_create</a> from rt_task.o(i.rt_tsk_create) referenced from mainv1.o(i.InitTask)
 <LI><a href="#[43]">rt_tsk_create</a> from rt_task.o(i.rt_tsk_create) referenced from app.o(i.RDS_task)
 <LI><a href="#[43]">rt_tsk_create</a> from rt_task.o(i.rt_tsk_create) referenced from mainv1.o(i.main_task)
 <LI><a href="#[47]">rt_tsk_delete</a> from rt_task.o(i.rt_tsk_delete) referenced from mainv1.o(i.BEEP_task)
 <LI><a href="#[47]">rt_tsk_delete</a> from rt_task.o(i.rt_tsk_delete) referenced from mainv1.o(i.InitTask)
 <LI><a href="#[47]">rt_tsk_delete</a> from rt_task.o(i.rt_tsk_delete) referenced from mainv1.o(i.LED_Blinking_task)
 <LI><a href="#[47]">rt_tsk_delete</a> from rt_task.o(i.rt_tsk_delete) referenced from app.o(i.RDS_task)
</UL>
<P>
<H3>
Global Symbols
</H3>
<P><STRONG><a name="[58]"></a>__main</STRONG> (Thumb, 8 bytes, Stack size 0 bytes, __main.o(!!!main))
<BR><BR>[Calls]<UL><LI><a href="#[59]">&gt;&gt;</a>&nbsp;&nbsp;&nbsp;__scatterload
<LI><a href="#[5a]">&gt;&gt;</a>&nbsp;&nbsp;&nbsp;__rt_entry
</UL>

<P><STRONG><a name="[59]"></a>__scatterload</STRONG> (Thumb, 0 bytes, Stack size unknown bytes, __scatter.o(!!!scatter))
<BR><BR>[Called By]<UL><LI><a href="#[58]">&gt;&gt;</a>&nbsp;&nbsp;&nbsp;__main
</UL>

<P><STRONG><a name="[5b]"></a>__scatterload_rt2</STRONG> (Thumb, 44 bytes, Stack size unknown bytes, __scatter.o(!!!scatter), UNUSED)
<BR><BR>[Calls]<UL><LI><a href="#[5a]">&gt;&gt;</a>&nbsp;&nbsp;&nbsp;__rt_entry
</UL>

<P><STRONG><a name="[1a9]"></a>__scatterload_rt2_thumb_only</STRONG> (Thumb, 0 bytes, Stack size unknown bytes, __scatter.o(!!!scatter), UNUSED)

<P><STRONG><a name="[1aa]"></a>__scatterload_null</STRONG> (Thumb, 0 bytes, Stack size unknown bytes, __scatter.o(!!!scatter), UNUSED)

<P><STRONG><a name="[1ab]"></a>__decompress</STRONG> (Thumb, 90 bytes, Stack size unknown bytes, __dczerorl2.o(!!dczerorl2), UNUSED)

<P><STRONG><a name="[1ac]"></a>__decompress1</STRONG> (Thumb, 0 bytes, Stack size unknown bytes, __dczerorl2.o(!!dczerorl2), UNUSED)

<P><STRONG><a name="[1ad]"></a>__scatterload_zeroinit</STRONG> (Thumb, 28 bytes, Stack size unknown bytes, __scatter_zi.o(!!handler_zi), UNUSED)

<P><STRONG><a name="[5c]"></a>__rt_lib_init</STRONG> (Thumb, 0 bytes, Stack size unknown bytes, libinit.o(.ARM.Collect$$libinit$$00000000))
<BR><BR>[Stack]<UL><LI>Max Depth = 24 + Unknown Stack Size
<LI>Call Chain = __rt_lib_init &rArr; _fp_init &rArr; __rt_fp_status_addr &rArr; __user_perthread_libspace
</UL>
<BR>[Calls]<UL><LI><a href="#[5d]">&gt;&gt;</a>&nbsp;&nbsp;&nbsp;_fp_init
</UL>
<BR>[Called By]<UL><LI><a href="#[63]">&gt;&gt;</a>&nbsp;&nbsp;&nbsp;__rt_entry_li
</UL>

<P><STRONG><a name="[1ae]"></a>__rt_lib_init_heap_1</STRONG> (Thumb, 0 bytes, Stack size unknown bytes, libinit2.o(.ARM.Collect$$libinit$$00000006))

<P><STRONG><a name="[5e]"></a>__rt_lib_init_lc_common</STRONG> (Thumb, 0 bytes, Stack size unknown bytes, libinit2.o(.ARM.Collect$$libinit$$0000000B))
<BR><BR>[Stack]<UL><LI>Max Depth = 8 + Unknown Stack Size
<LI>Call Chain = __rt_lib_init_lc_common &rArr; __rt_locale
</UL>
<BR>[Calls]<UL><LI><a href="#[5f]">&gt;&gt;</a>&nbsp;&nbsp;&nbsp;__rt_locale
</UL>

<P><STRONG><a name="[1af]"></a>__rt_lib_init_rand_1</STRONG> (Thumb, 0 bytes, Stack size unknown bytes, libinit2.o(.ARM.Collect$$libinit$$0000000A))

<P><STRONG><a name="[1b0]"></a>__rt_lib_init_user_alloc_1</STRONG> (Thumb, 0 bytes, Stack size unknown bytes, libinit2.o(.ARM.Collect$$libinit$$00000008))

<P><STRONG><a name="[1b1]"></a>__rt_lib_init_lc_collate_1</STRONG> (Thumb, 0 bytes, Stack size unknown bytes, libinit2.o(.ARM.Collect$$libinit$$0000000D))

<P><STRONG><a name="[60]"></a>__rt_lib_init_lc_ctype_2</STRONG> (Thumb, 0 bytes, Stack size unknown bytes, libinit2.o(.ARM.Collect$$libinit$$0000000E))
<BR><BR>[Stack]<UL><LI>Max Depth = 8 + Unknown Stack Size
<LI>Call Chain = __rt_lib_init_lc_ctype_2 &rArr; _get_lc_ctype
</UL>
<BR>[Calls]<UL><LI><a href="#[3f]">&gt;&gt;</a>&nbsp;&nbsp;&nbsp;_get_lc_ctype
</UL>

<P><STRONG><a name="[1b2]"></a>__rt_lib_init_alloca_1</STRONG> (Thumb, 0 bytes, Stack size unknown bytes, libinit2.o(.ARM.Collect$$libinit$$0000002A))

<P><STRONG><a name="[1b3]"></a>__rt_lib_init_argv_1</STRONG> (Thumb, 0 bytes, Stack size unknown bytes, libinit2.o(.ARM.Collect$$libinit$$00000028))

<P><STRONG><a name="[1b4]"></a>__rt_lib_init_atexit_1</STRONG> (Thumb, 0 bytes, Stack size unknown bytes, libinit2.o(.ARM.Collect$$libinit$$00000017))

<P><STRONG><a name="[1b5]"></a>__rt_lib_init_clock_1</STRONG> (Thumb, 0 bytes, Stack size unknown bytes, libinit2.o(.ARM.Collect$$libinit$$0000001D))

<P><STRONG><a name="[1b6]"></a>__rt_lib_init_cpp_1</STRONG> (Thumb, 0 bytes, Stack size unknown bytes, libinit2.o(.ARM.Collect$$libinit$$0000002E))

<P><STRONG><a name="[1b7]"></a>__rt_lib_init_exceptions_1</STRONG> (Thumb, 0 bytes, Stack size unknown bytes, libinit2.o(.ARM.Collect$$libinit$$0000002C))

<P><STRONG><a name="[1b8]"></a>__rt_lib_init_fp_trap_1</STRONG> (Thumb, 0 bytes, Stack size unknown bytes, libinit2.o(.ARM.Collect$$libinit$$0000001B))

<P><STRONG><a name="[1b9]"></a>__rt_lib_init_getenv_1</STRONG> (Thumb, 0 bytes, Stack size unknown bytes, libinit2.o(.ARM.Collect$$libinit$$0000001F))

<P><STRONG><a name="[1ba]"></a>__rt_lib_init_lc_ctype_1</STRONG> (Thumb, 0 bytes, Stack size unknown bytes, libinit2.o(.ARM.Collect$$libinit$$0000000F))

<P><STRONG><a name="[1bb]"></a>__rt_lib_init_lc_monetary_1</STRONG> (Thumb, 0 bytes, Stack size unknown bytes, libinit2.o(.ARM.Collect$$libinit$$00000011))

<P><STRONG><a name="[1bc]"></a>__rt_lib_init_lc_numeric_1</STRONG> (Thumb, 0 bytes, Stack size unknown bytes, libinit2.o(.ARM.Collect$$libinit$$00000013))

<P><STRONG><a name="[1bd]"></a>__rt_lib_init_lc_time_1</STRONG> (Thumb, 0 bytes, Stack size unknown bytes, libinit2.o(.ARM.Collect$$libinit$$00000015))

<P><STRONG><a name="[1be]"></a>__rt_lib_init_return</STRONG> (Thumb, 0 bytes, Stack size unknown bytes, libinit2.o(.ARM.Collect$$libinit$$0000002F))

<P><STRONG><a name="[1bf]"></a>__rt_lib_init_signal_1</STRONG> (Thumb, 0 bytes, Stack size unknown bytes, libinit2.o(.ARM.Collect$$libinit$$00000019))

<P><STRONG><a name="[1c0]"></a>__rt_lib_init_stdio_1</STRONG> (Thumb, 0 bytes, Stack size unknown bytes, libinit2.o(.ARM.Collect$$libinit$$00000021))

<P><STRONG><a name="[68]"></a>__rt_lib_shutdown</STRONG> (Thumb, 0 bytes, Stack size unknown bytes, libshutdown.o(.ARM.Collect$$libshutdown$$00000000))
<BR><BR>[Called By]<UL><LI><a href="#[67]">&gt;&gt;</a>&nbsp;&nbsp;&nbsp;__rt_exit_ls
</UL>

<P><STRONG><a name="[1c1]"></a>__rt_lib_shutdown_fp_trap_1</STRONG> (Thumb, 0 bytes, Stack size unknown bytes, libshutdown2.o(.ARM.Collect$$libshutdown$$00000006))

<P><STRONG><a name="[1c2]"></a>__rt_lib_shutdown_heap_1</STRONG> (Thumb, 0 bytes, Stack size unknown bytes, libshutdown2.o(.ARM.Collect$$libshutdown$$0000000E))

<P><STRONG><a name="[1c3]"></a>__rt_lib_shutdown_return</STRONG> (Thumb, 0 bytes, Stack size unknown bytes, libshutdown2.o(.ARM.Collect$$libshutdown$$0000000F))

<P><STRONG><a name="[1c4]"></a>__rt_lib_shutdown_signal_1</STRONG> (Thumb, 0 bytes, Stack size unknown bytes, libshutdown2.o(.ARM.Collect$$libshutdown$$00000009))

<P><STRONG><a name="[1c5]"></a>__rt_lib_shutdown_stdio_1</STRONG> (Thumb, 0 bytes, Stack size unknown bytes, libshutdown2.o(.ARM.Collect$$libshutdown$$00000003))

<P><STRONG><a name="[1c6]"></a>__rt_lib_shutdown_user_alloc_1</STRONG> (Thumb, 0 bytes, Stack size unknown bytes, libshutdown2.o(.ARM.Collect$$libshutdown$$0000000B))

<P><STRONG><a name="[5a]"></a>__rt_entry</STRONG> (Thumb, 0 bytes, Stack size unknown bytes, rtentry.o(.ARM.Collect$$rtentry$$00000000))
<BR><BR>[Called By]<UL><LI><a href="#[5b]">&gt;&gt;</a>&nbsp;&nbsp;&nbsp;__scatterload_rt2
<LI><a href="#[58]">&gt;&gt;</a>&nbsp;&nbsp;&nbsp;__main
</UL>

<P><STRONG><a name="[1c7]"></a>__rt_entry_presh_1</STRONG> (Thumb, 0 bytes, Stack size unknown bytes, rtentry2.o(.ARM.Collect$$rtentry$$00000002))

<P><STRONG><a name="[61]"></a>__rt_entry_sh</STRONG> (Thumb, 0 bytes, Stack size unknown bytes, rtentry4.o(.ARM.Collect$$rtentry$$00000004))
<BR><BR>[Stack]<UL><LI>Max Depth = 8 + Unknown Stack Size
<LI>Call Chain = __rt_entry_sh &rArr; __user_setup_stackheap
</UL>
<BR>[Calls]<UL><LI><a href="#[62]">&gt;&gt;</a>&nbsp;&nbsp;&nbsp;__user_setup_stackheap
</UL>

<P><STRONG><a name="[63]"></a>__rt_entry_li</STRONG> (Thumb, 0 bytes, Stack size unknown bytes, rtentry2.o(.ARM.Collect$$rtentry$$0000000A))
<BR><BR>[Stack]<UL><LI>Max Depth = 24 + Unknown Stack Size
<LI>Call Chain = __rt_entry_li &rArr; __rt_lib_init &rArr; _fp_init &rArr; __rt_fp_status_addr &rArr; __user_perthread_libspace
</UL>
<BR>[Calls]<UL><LI><a href="#[5c]">&gt;&gt;</a>&nbsp;&nbsp;&nbsp;__rt_lib_init
</UL>

<P><STRONG><a name="[1c8]"></a>__rt_entry_postsh_1</STRONG> (Thumb, 0 bytes, Stack size unknown bytes, rtentry2.o(.ARM.Collect$$rtentry$$00000009))

<P><STRONG><a name="[64]"></a>__rt_entry_main</STRONG> (Thumb, 0 bytes, Stack size unknown bytes, rtentry2.o(.ARM.Collect$$rtentry$$0000000D))
<BR><BR>[Stack]<UL><LI>Max Depth = 80 + Unknown Stack Size
<LI>Call Chain = __rt_entry_main &rArr; main &rArr; COM1_2Init &rArr; USART_Init &rArr; RCC_GetClocksFreq
</UL>
<BR>[Calls]<UL><LI><a href="#[65]">&gt;&gt;</a>&nbsp;&nbsp;&nbsp;main
<LI><a href="#[66]">&gt;&gt;</a>&nbsp;&nbsp;&nbsp;exit
</UL>

<P><STRONG><a name="[1c9]"></a>__rt_entry_postli_1</STRONG> (Thumb, 0 bytes, Stack size unknown bytes, rtentry2.o(.ARM.Collect$$rtentry$$0000000C))

<P><STRONG><a name="[7c]"></a>__rt_exit</STRONG> (Thumb, 0 bytes, Stack size unknown bytes, rtexit.o(.ARM.Collect$$rtexit$$00000000))
<BR><BR>[Called By]<UL><LI><a href="#[66]">&gt;&gt;</a>&nbsp;&nbsp;&nbsp;exit
</UL>

<P><STRONG><a name="[67]"></a>__rt_exit_ls</STRONG> (Thumb, 0 bytes, Stack size unknown bytes, rtexit2.o(.ARM.Collect$$rtexit$$00000003))
<BR><BR>[Calls]<UL><LI><a href="#[68]">&gt;&gt;</a>&nbsp;&nbsp;&nbsp;__rt_lib_shutdown
</UL>

<P><STRONG><a name="[1ca]"></a>__rt_exit_prels_1</STRONG> (Thumb, 0 bytes, Stack size unknown bytes, rtexit2.o(.ARM.Collect$$rtexit$$00000002))

<P><STRONG><a name="[69]"></a>__rt_exit_exit</STRONG> (Thumb, 0 bytes, Stack size unknown bytes, rtexit2.o(.ARM.Collect$$rtexit$$00000004))
<BR><BR>[Calls]<UL><LI><a href="#[6a]">&gt;&gt;</a>&nbsp;&nbsp;&nbsp;_sys_exit
</UL>

<P><STRONG><a name="[18e]"></a>rt_set_PSP</STRONG> (Thumb, 6 bytes, Stack size 0 bytes, hal_cm3.o(.emb_text))
<BR><BR>[Called By]<UL><LI><a href="#[50]">&gt;&gt;</a>&nbsp;&nbsp;&nbsp;rt_sys_init
</UL>

<P><STRONG><a name="[175]"></a>os_set_env</STRONG> (Thumb, 26 bytes, Stack size 0 bytes, hal_cm3.o(.emb_text))
<BR><BR>[Called By]<UL><LI><a href="#[65]">&gt;&gt;</a>&nbsp;&nbsp;&nbsp;main
</UL>

<P><STRONG><a name="[1cb]"></a>_alloc_box</STRONG> (Thumb, 28 bytes, Stack size 0 bytes, hal_cm3.o(.emb_text), UNUSED)

<P><STRONG><a name="[1cc]"></a>_free_box</STRONG> (Thumb, 28 bytes, Stack size 0 bytes, hal_cm3.o(.emb_text), UNUSED)

<P><STRONG><a name="[8]"></a>SVC_Handler</STRONG> (Thumb, 132 bytes, Stack size 0 bytes, hal_cm3.o(.emb_text))
<BR><BR>[Calls]<UL><LI><a href="#[6b]">&gt;&gt;</a>&nbsp;&nbsp;&nbsp;rt_stk_check
</UL>
<BR>[Address Reference Count : 1]<UL><LI> startup_stm32f10x_md.o(RESET)
</UL>
<P><STRONG><a name="[a]"></a>PendSV_Handler</STRONG> (Thumb, 0 bytes, Stack size 0 bytes, hal_cm3.o(.emb_text))
<BR>[Address Reference Count : 1]<UL><LI> startup_stm32f10x_md.o(RESET)
</UL>
<P><STRONG><a name="[6c]"></a>Sys_Handler</STRONG> (Thumb, 84 bytes, Stack size 0 bytes, hal_cm3.o(.emb_text), UNUSED)
<BR><BR>[Calls]<UL><LI><a href="#[6b]">&gt;&gt;</a>&nbsp;&nbsp;&nbsp;rt_stk_check
<LI><a href="#[6e]">&gt;&gt;</a>&nbsp;&nbsp;&nbsp;rt_systick
<LI><a href="#[6d]">&gt;&gt;</a>&nbsp;&nbsp;&nbsp;rt_pop_req
</UL>

<P><STRONG><a name="[b]"></a>SysTick_Handler</STRONG> (Thumb, 0 bytes, Stack size unknown bytes, hal_cm3.o(.emb_text))
<BR>[Address Reference Count : 1]<UL><LI> startup_stm32f10x_md.o(RESET)
</UL>
<P><STRONG><a name="[2]"></a>Reset_Handler</STRONG> (Thumb, 8 bytes, Stack size 0 bytes, startup_stm32f10x_md.o(.text))
<BR>[Address Reference Count : 1]<UL><LI> startup_stm32f10x_md.o(RESET)
</UL>
<P><STRONG><a name="[1e]"></a>ADC1_2_IRQHandler</STRONG> (Thumb, 0 bytes, Stack size 0 bytes, startup_stm32f10x_md.o(.text))
<BR><BR>[Calls]<UL><LI><a href="#[1e]">&gt;&gt;</a>&nbsp;&nbsp;&nbsp;ADC1_2_IRQHandler
</UL>
<BR>[Called By]<UL><LI><a href="#[1e]">&gt;&gt;</a>&nbsp;&nbsp;&nbsp;ADC1_2_IRQHandler
</UL>
<BR>[Address Reference Count : 1]<UL><LI> startup_stm32f10x_md.o(RESET)
</UL>
<P><STRONG><a name="[21]"></a>CAN1_RX1_IRQHandler</STRONG> (Thumb, 0 bytes, Stack size 0 bytes, startup_stm32f10x_md.o(.text))
<BR>[Address Reference Count : 1]<UL><LI> startup_stm32f10x_md.o(RESET)
</UL>
<P><STRONG><a name="[22]"></a>CAN1_SCE_IRQHandler</STRONG> (Thumb, 0 bytes, Stack size 0 bytes, startup_stm32f10x_md.o(.text))
<BR>[Address Reference Count : 1]<UL><LI> startup_stm32f10x_md.o(RESET)
</UL>
<P><STRONG><a name="[17]"></a>DMA1_Channel1_IRQHandler</STRONG> (Thumb, 0 bytes, Stack size 0 bytes, startup_stm32f10x_md.o(.text))
<BR>[Address Reference Count : 1]<UL><LI> startup_stm32f10x_md.o(RESET)
</UL>
<P><STRONG><a name="[18]"></a>DMA1_Channel2_IRQHandler</STRONG> (Thumb, 0 bytes, Stack size 0 bytes, startup_stm32f10x_md.o(.text))
<BR>[Address Reference Count : 1]<UL><LI> startup_stm32f10x_md.o(RESET)
</UL>
<P><STRONG><a name="[19]"></a>DMA1_Channel3_IRQHandler</STRONG> (Thumb, 0 bytes, Stack size 0 bytes, startup_stm32f10x_md.o(.text))
<BR>[Address Reference Count : 1]<UL><LI> startup_stm32f10x_md.o(RESET)
</UL>
<P><STRONG><a name="[1a]"></a>DMA1_Channel4_IRQHandler</STRONG> (Thumb, 0 bytes, Stack size 0 bytes, startup_stm32f10x_md.o(.text))
<BR>[Address Reference Count : 1]<UL><LI> startup_stm32f10x_md.o(RESET)
</UL>
<P><STRONG><a name="[1b]"></a>DMA1_Channel5_IRQHandler</STRONG> (Thumb, 0 bytes, Stack size 0 bytes, startup_stm32f10x_md.o(.text))
<BR>[Address Reference Count : 1]<UL><LI> startup_stm32f10x_md.o(RESET)
</UL>
<P><STRONG><a name="[1c]"></a>DMA1_Channel6_IRQHandler</STRONG> (Thumb, 0 bytes, Stack size 0 bytes, startup_stm32f10x_md.o(.text))
<BR>[Address Reference Count : 1]<UL><LI> startup_stm32f10x_md.o(RESET)
</UL>
<P><STRONG><a name="[1d]"></a>DMA1_Channel7_IRQHandler</STRONG> (Thumb, 0 bytes, Stack size 0 bytes, startup_stm32f10x_md.o(.text))
<BR>[Address Reference Count : 1]<UL><LI> startup_stm32f10x_md.o(RESET)
</UL>
<P><STRONG><a name="[12]"></a>EXTI0_IRQHandler</STRONG> (Thumb, 0 bytes, Stack size 0 bytes, startup_stm32f10x_md.o(.text))
<BR>[Address Reference Count : 1]<UL><LI> startup_stm32f10x_md.o(RESET)
</UL>
<P><STRONG><a name="[34]"></a>EXTI15_10_IRQHandler</STRONG> (Thumb, 0 bytes, Stack size 0 bytes, startup_stm32f10x_md.o(.text))
<BR>[Address Reference Count : 1]<UL><LI> startup_stm32f10x_md.o(RESET)
</UL>
<P><STRONG><a name="[13]"></a>EXTI1_IRQHandler</STRONG> (Thumb, 0 bytes, Stack size 0 bytes, startup_stm32f10x_md.o(.text))
<BR>[Address Reference Count : 1]<UL><LI> startup_stm32f10x_md.o(RESET)
</UL>
<P><STRONG><a name="[14]"></a>EXTI2_IRQHandler</STRONG> (Thumb, 0 bytes, Stack size 0 bytes, startup_stm32f10x_md.o(.text))
<BR>[Address Reference Count : 1]<UL><LI> startup_stm32f10x_md.o(RESET)
</UL>
<P><STRONG><a name="[15]"></a>EXTI3_IRQHandler</STRONG> (Thumb, 0 bytes, Stack size 0 bytes, startup_stm32f10x_md.o(.text))
<BR>[Address Reference Count : 1]<UL><LI> startup_stm32f10x_md.o(RESET)
</UL>
<P><STRONG><a name="[16]"></a>EXTI4_IRQHandler</STRONG> (Thumb, 0 bytes, Stack size 0 bytes, startup_stm32f10x_md.o(.text))
<BR>[Address Reference Count : 1]<UL><LI> startup_stm32f10x_md.o(RESET)
</UL>
<P><STRONG><a name="[23]"></a>EXTI9_5_IRQHandler</STRONG> (Thumb, 0 bytes, Stack size 0 bytes, startup_stm32f10x_md.o(.text))
<BR>[Address Reference Count : 1]<UL><LI> startup_stm32f10x_md.o(RESET)
</UL>
<P><STRONG><a name="[10]"></a>FLASH_IRQHandler</STRONG> (Thumb, 0 bytes, Stack size 0 bytes, startup_stm32f10x_md.o(.text))
<BR>[Address Reference Count : 1]<UL><LI> startup_stm32f10x_md.o(RESET)
</UL>
<P><STRONG><a name="[2c]"></a>I2C1_ER_IRQHandler</STRONG> (Thumb, 0 bytes, Stack size 0 bytes, startup_stm32f10x_md.o(.text))
<BR>[Address Reference Count : 1]<UL><LI> startup_stm32f10x_md.o(RESET)
</UL>
<P><STRONG><a name="[2b]"></a>I2C1_EV_IRQHandler</STRONG> (Thumb, 0 bytes, Stack size 0 bytes, startup_stm32f10x_md.o(.text))
<BR>[Address Reference Count : 1]<UL><LI> startup_stm32f10x_md.o(RESET)
</UL>
<P><STRONG><a name="[2e]"></a>I2C2_ER_IRQHandler</STRONG> (Thumb, 0 bytes, Stack size 0 bytes, startup_stm32f10x_md.o(.text))
<BR>[Address Reference Count : 1]<UL><LI> startup_stm32f10x_md.o(RESET)
</UL>
<P><STRONG><a name="[2d]"></a>I2C2_EV_IRQHandler</STRONG> (Thumb, 0 bytes, Stack size 0 bytes, startup_stm32f10x_md.o(.text))
<BR>[Address Reference Count : 1]<UL><LI> startup_stm32f10x_md.o(RESET)
</UL>
<P><STRONG><a name="[d]"></a>PVD_IRQHandler</STRONG> (Thumb, 0 bytes, Stack size 0 bytes, startup_stm32f10x_md.o(.text))
<BR>[Address Reference Count : 1]<UL><LI> startup_stm32f10x_md.o(RESET)
</UL>
<P><STRONG><a name="[11]"></a>RCC_IRQHandler</STRONG> (Thumb, 0 bytes, Stack size 0 bytes, startup_stm32f10x_md.o(.text))
<BR>[Address Reference Count : 1]<UL><LI> startup_stm32f10x_md.o(RESET)
</UL>
<P><STRONG><a name="[35]"></a>RTCAlarm_IRQHandler</STRONG> (Thumb, 0 bytes, Stack size 0 bytes, startup_stm32f10x_md.o(.text))
<BR>[Address Reference Count : 1]<UL><LI> startup_stm32f10x_md.o(RESET)
</UL>
<P><STRONG><a name="[2f]"></a>SPI1_IRQHandler</STRONG> (Thumb, 0 bytes, Stack size 0 bytes, startup_stm32f10x_md.o(.text))
<BR>[Address Reference Count : 1]<UL><LI> startup_stm32f10x_md.o(RESET)
</UL>
<P><STRONG><a name="[30]"></a>SPI2_IRQHandler</STRONG> (Thumb, 0 bytes, Stack size 0 bytes, startup_stm32f10x_md.o(.text))
<BR>[Address Reference Count : 1]<UL><LI> startup_stm32f10x_md.o(RESET)
</UL>
<P><STRONG><a name="[e]"></a>TAMPER_IRQHandler</STRONG> (Thumb, 0 bytes, Stack size 0 bytes, startup_stm32f10x_md.o(.text))
<BR>[Address Reference Count : 1]<UL><LI> startup_stm32f10x_md.o(RESET)
</UL>
<P><STRONG><a name="[24]"></a>TIM1_BRK_IRQHandler</STRONG> (Thumb, 0 bytes, Stack size 0 bytes, startup_stm32f10x_md.o(.text))
<BR>[Address Reference Count : 1]<UL><LI> startup_stm32f10x_md.o(RESET)
</UL>
<P><STRONG><a name="[27]"></a>TIM1_CC_IRQHandler</STRONG> (Thumb, 0 bytes, Stack size 0 bytes, startup_stm32f10x_md.o(.text))
<BR>[Address Reference Count : 1]<UL><LI> startup_stm32f10x_md.o(RESET)
</UL>
<P><STRONG><a name="[26]"></a>TIM1_TRG_COM_IRQHandler</STRONG> (Thumb, 0 bytes, Stack size 0 bytes, startup_stm32f10x_md.o(.text))
<BR>[Address Reference Count : 1]<UL><LI> startup_stm32f10x_md.o(RESET)
</UL>
<P><STRONG><a name="[25]"></a>TIM1_UP_IRQHandler</STRONG> (Thumb, 0 bytes, Stack size 0 bytes, startup_stm32f10x_md.o(.text))
<BR>[Address Reference Count : 1]<UL><LI> startup_stm32f10x_md.o(RESET)
</UL>
<P><STRONG><a name="[28]"></a>TIM2_IRQHandler</STRONG> (Thumb, 0 bytes, Stack size 0 bytes, startup_stm32f10x_md.o(.text))
<BR>[Address Reference Count : 1]<UL><LI> startup_stm32f10x_md.o(RESET)
</UL>
<P><STRONG><a name="[2a]"></a>TIM4_IRQHandler</STRONG> (Thumb, 0 bytes, Stack size 0 bytes, startup_stm32f10x_md.o(.text))
<BR>[Address Reference Count : 1]<UL><LI> startup_stm32f10x_md.o(RESET)
</UL>
<P><STRONG><a name="[33]"></a>USART3_IRQHandler</STRONG> (Thumb, 0 bytes, Stack size 0 bytes, startup_stm32f10x_md.o(.text))
<BR>[Address Reference Count : 1]<UL><LI> startup_stm32f10x_md.o(RESET)
</UL>
<P><STRONG><a name="[36]"></a>USBWakeUp_IRQHandler</STRONG> (Thumb, 0 bytes, Stack size 0 bytes, startup_stm32f10x_md.o(.text))
<BR>[Address Reference Count : 1]<UL><LI> startup_stm32f10x_md.o(RESET)
</UL>
<P><STRONG><a name="[1f]"></a>USB_HP_CAN1_TX_IRQHandler</STRONG> (Thumb, 0 bytes, Stack size 0 bytes, startup_stm32f10x_md.o(.text))
<BR>[Address Reference Count : 1]<UL><LI> startup_stm32f10x_md.o(RESET)
</UL>
<P><STRONG><a name="[20]"></a>USB_LP_CAN1_RX0_IRQHandler</STRONG> (Thumb, 0 bytes, Stack size 0 bytes, startup_stm32f10x_md.o(.text))
<BR>[Address Reference Count : 1]<UL><LI> startup_stm32f10x_md.o(RESET)
</UL>
<P><STRONG><a name="[c]"></a>WWDG_IRQHandler</STRONG> (Thumb, 0 bytes, Stack size 0 bytes, startup_stm32f10x_md.o(.text))
<BR>[Address Reference Count : 1]<UL><LI> startup_stm32f10x_md.o(RESET)
</UL>
<P><STRONG><a name="[7b]"></a>__user_initial_stackheap</STRONG> (Thumb, 0 bytes, Stack size unknown bytes, startup_stm32f10x_md.o(.text))
<BR><BR>[Called By]<UL><LI><a href="#[62]">&gt;&gt;</a>&nbsp;&nbsp;&nbsp;__user_setup_stackheap
</UL>

<P><STRONG><a name="[1cd]"></a>__user_libspace</STRONG> (Thumb, 8 bytes, Stack size 0 bytes, libspace.o(.text), UNUSED)

<P><STRONG><a name="[7a]"></a>__user_perproc_libspace</STRONG> (Thumb, 0 bytes, Stack size 0 bytes, libspace.o(.text))
<BR><BR>[Called By]<UL><LI><a href="#[5f]">&gt;&gt;</a>&nbsp;&nbsp;&nbsp;__rt_locale
<LI><a href="#[62]">&gt;&gt;</a>&nbsp;&nbsp;&nbsp;__user_setup_stackheap
</UL>

<P><STRONG><a name="[6f]"></a>__0sscanf</STRONG> (Thumb, 52 bytes, Stack size 72 bytes, __0sscanf.o(.text))
<BR><BR>[Stack]<UL><LI>Max Depth = 232<LI>Call Chain = __0sscanf &rArr; __vfscanf_char &rArr; __vfscanf &rArr; _scanf_string
</UL>
<BR>[Calls]<UL><LI><a href="#[70]">&gt;&gt;</a>&nbsp;&nbsp;&nbsp;__vfscanf_char
</UL>
<BR>[Called By]<UL><LI><a href="#[111]">&gt;&gt;</a>&nbsp;&nbsp;&nbsp;txt_int
</UL>

<P><STRONG><a name="[79]"></a>_scanf_string</STRONG> (Thumb, 222 bytes, Stack size 56 bytes, _scanf_str.o(.text))
<BR><BR>[Stack]<UL><LI>Max Depth = 56<LI>Call Chain = _scanf_string
</UL>
<BR>[Called By]<UL><LI><a href="#[77]">&gt;&gt;</a>&nbsp;&nbsp;&nbsp;__vfscanf
</UL>

<P><STRONG><a name="[12b]"></a>__aeabi_memcpy</STRONG> (Thumb, 0 bytes, Stack size 0 bytes, rt_memcpy_v6.o(.text))
<BR><BR>[Called By]<UL><LI><a href="#[12e]">&gt;&gt;</a>&nbsp;&nbsp;&nbsp;Receivetxt_int
<LI><a href="#[12c]">&gt;&gt;</a>&nbsp;&nbsp;&nbsp;Receiveps_int
<LI><a href="#[12a]">&gt;&gt;</a>&nbsp;&nbsp;&nbsp;Receive_areastate_int
</UL>

<P><STRONG><a name="[71]"></a>__rt_memcpy</STRONG> (Thumb, 138 bytes, Stack size 0 bytes, rt_memcpy_v6.o(.text), UNUSED)
<BR><BR>[Calls]<UL><LI><a href="#[72]">&gt;&gt;</a>&nbsp;&nbsp;&nbsp;__aeabi_memcpy4
</UL>

<P><STRONG><a name="[1ce]"></a>_memcpy_lastbytes</STRONG> (Thumb, 0 bytes, Stack size unknown bytes, rt_memcpy_v6.o(.text), UNUSED)

<P><STRONG><a name="[73]"></a>__aeabi_memset</STRONG> (Thumb, 16 bytes, Stack size 0 bytes, aeabi_memset.o(.text))
<BR><BR>[Calls]<UL><LI><a href="#[74]">&gt;&gt;</a>&nbsp;&nbsp;&nbsp;_memset
</UL>
<BR>[Called By]<UL><LI><a href="#[13f]">&gt;&gt;</a>&nbsp;&nbsp;&nbsp;Setup_RDSMode
</UL>

<P><STRONG><a name="[12d]"></a>__aeabi_memclr</STRONG> (Thumb, 0 bytes, Stack size 0 bytes, rt_memclr.o(.text))
<BR><BR>[Called By]<UL><LI><a href="#[12c]">&gt;&gt;</a>&nbsp;&nbsp;&nbsp;Receiveps_int
</UL>

<P><STRONG><a name="[75]"></a>__rt_memclr</STRONG> (Thumb, 68 bytes, Stack size 0 bytes, rt_memclr.o(.text), UNUSED)
<BR><BR>[Calls]<UL><LI><a href="#[76]">&gt;&gt;</a>&nbsp;&nbsp;&nbsp;_memset_w
</UL>

<P><STRONG><a name="[74]"></a>_memset</STRONG> (Thumb, 0 bytes, Stack size unknown bytes, rt_memclr.o(.text))
<BR><BR>[Called By]<UL><LI><a href="#[73]">&gt;&gt;</a>&nbsp;&nbsp;&nbsp;__aeabi_memset
</UL>

<P><STRONG><a name="[12f]"></a>__aeabi_memclr4</STRONG> (Thumb, 0 bytes, Stack size 4 bytes, rt_memclr_w.o(.text))
<BR><BR>[Stack]<UL><LI>Max Depth = 4<LI>Call Chain = __aeabi_memclr4
</UL>
<BR>[Called By]<UL><LI><a href="#[12e]">&gt;&gt;</a>&nbsp;&nbsp;&nbsp;Receivetxt_int
</UL>

<P><STRONG><a name="[1cf]"></a>__aeabi_memclr8</STRONG> (Thumb, 0 bytes, Stack size 4 bytes, rt_memclr_w.o(.text), UNUSED)

<P><STRONG><a name="[1d0]"></a>__rt_memclr_w</STRONG> (Thumb, 78 bytes, Stack size 4 bytes, rt_memclr_w.o(.text), UNUSED)

<P><STRONG><a name="[76]"></a>_memset_w</STRONG> (Thumb, 0 bytes, Stack size unknown bytes, rt_memclr_w.o(.text), UNUSED)
<BR><BR>[Called By]<UL><LI><a href="#[75]">&gt;&gt;</a>&nbsp;&nbsp;&nbsp;__rt_memclr
</UL>

<P><STRONG><a name="[1d1]"></a>__use_two_region_memory</STRONG> (Thumb, 2 bytes, Stack size 0 bytes, heapauxi.o(.text), UNUSED)

<P><STRONG><a name="[1d2]"></a>__rt_heap_escrow$2region</STRONG> (Thumb, 2 bytes, Stack size 0 bytes, heapauxi.o(.text), UNUSED)

<P><STRONG><a name="[1d3]"></a>__rt_heap_expand$2region</STRONG> (Thumb, 2 bytes, Stack size 0 bytes, heapauxi.o(.text), UNUSED)

<P><STRONG><a name="[70]"></a>__vfscanf_char</STRONG> (Thumb, 26 bytes, Stack size 0 bytes, scanf_char.o(.text))
<BR><BR>[Stack]<UL><LI>Max Depth = 160<LI>Call Chain = __vfscanf_char &rArr; __vfscanf &rArr; _scanf_string
</UL>
<BR>[Calls]<UL><LI><a href="#[77]">&gt;&gt;</a>&nbsp;&nbsp;&nbsp;__vfscanf
</UL>
<BR>[Called By]<UL><LI><a href="#[6f]">&gt;&gt;</a>&nbsp;&nbsp;&nbsp;__0sscanf
</UL>

<P><STRONG><a name="[3b]"></a>_sgetc</STRONG> (Thumb, 30 bytes, Stack size 0 bytes, _sgetc.o(.text))
<BR>[Address Reference Count : 1]<UL><LI> __0sscanf.o(.text)
</UL>
<P><STRONG><a name="[3c]"></a>_sbackspace</STRONG> (Thumb, 34 bytes, Stack size 0 bytes, _sgetc.o(.text))
<BR>[Address Reference Count : 1]<UL><LI> __0sscanf.o(.text)
</UL>
<P><STRONG><a name="[72]"></a>__aeabi_memcpy4</STRONG> (Thumb, 0 bytes, Stack size 8 bytes, rt_memcpy_w.o(.text), UNUSED)
<BR><BR>[Called By]<UL><LI><a href="#[71]">&gt;&gt;</a>&nbsp;&nbsp;&nbsp;__rt_memcpy
</UL>

<P><STRONG><a name="[1d4]"></a>__aeabi_memcpy8</STRONG> (Thumb, 0 bytes, Stack size 8 bytes, rt_memcpy_w.o(.text), UNUSED)

<P><STRONG><a name="[1d5]"></a>__rt_memcpy_w</STRONG> (Thumb, 100 bytes, Stack size 8 bytes, rt_memcpy_w.o(.text), UNUSED)

<P><STRONG><a name="[1d6]"></a>_memcpy_lastbytes_aligned</STRONG> (Thumb, 0 bytes, Stack size unknown bytes, rt_memcpy_w.o(.text), UNUSED)

<P><STRONG><a name="[3e]"></a>isspace</STRONG> (Thumb, 18 bytes, Stack size 8 bytes, isspace.o(.text))
<BR><BR>[Stack]<UL><LI>Max Depth = 24<LI>Call Chain = isspace &rArr; __rt_ctype_table &rArr; __rt_locale
</UL>
<BR>[Calls]<UL><LI><a href="#[78]">&gt;&gt;</a>&nbsp;&nbsp;&nbsp;__rt_ctype_table
</UL>
<BR>[Address Reference Count : 1]<UL><LI> scanf_char.o(.text)
</UL>
<P><STRONG><a name="[77]"></a>__vfscanf</STRONG> (Thumb, 900 bytes, Stack size 104 bytes, _scanf.o(.text))
<BR><BR>[Stack]<UL><LI>Max Depth = 160<LI>Call Chain = __vfscanf &rArr; _scanf_string
</UL>
<BR>[Calls]<UL><LI><a href="#[79]">&gt;&gt;</a>&nbsp;&nbsp;&nbsp;_scanf_string
</UL>
<BR>[Called By]<UL><LI><a href="#[70]">&gt;&gt;</a>&nbsp;&nbsp;&nbsp;__vfscanf_char
</UL>

<P><STRONG><a name="[62]"></a>__user_setup_stackheap</STRONG> (Thumb, 74 bytes, Stack size 8 bytes, sys_stackheap_outer.o(.text))
<BR><BR>[Stack]<UL><LI>Max Depth = 8 + Unknown Stack Size
<LI>Call Chain = __user_setup_stackheap
</UL>
<BR>[Calls]<UL><LI><a href="#[7b]">&gt;&gt;</a>&nbsp;&nbsp;&nbsp;__user_initial_stackheap
<LI><a href="#[7a]">&gt;&gt;</a>&nbsp;&nbsp;&nbsp;__user_perproc_libspace
</UL>
<BR>[Called By]<UL><LI><a href="#[61]">&gt;&gt;</a>&nbsp;&nbsp;&nbsp;__rt_entry_sh
</UL>

<P><STRONG><a name="[78]"></a>__rt_ctype_table</STRONG> (Thumb, 16 bytes, Stack size 8 bytes, rt_ctype_table.o(.text))
<BR><BR>[Stack]<UL><LI>Max Depth = 16<LI>Call Chain = __rt_ctype_table &rArr; __rt_locale
</UL>
<BR>[Calls]<UL><LI><a href="#[5f]">&gt;&gt;</a>&nbsp;&nbsp;&nbsp;__rt_locale
</UL>
<BR>[Called By]<UL><LI><a href="#[3e]">&gt;&gt;</a>&nbsp;&nbsp;&nbsp;isspace
</UL>

<P><STRONG><a name="[66]"></a>exit</STRONG> (Thumb, 12 bytes, Stack size 0 bytes, exit.o(.text))
<BR><BR>[Calls]<UL><LI><a href="#[7c]">&gt;&gt;</a>&nbsp;&nbsp;&nbsp;__rt_exit
</UL>
<BR>[Called By]<UL><LI><a href="#[64]">&gt;&gt;</a>&nbsp;&nbsp;&nbsp;__rt_entry_main
</UL>

<P><STRONG><a name="[5f]"></a>__rt_locale</STRONG> (Thumb, 10 bytes, Stack size 8 bytes, rt_locale_twolibspace.o(.text))
<BR><BR>[Stack]<UL><LI>Max Depth = 8<LI>Call Chain = __rt_locale
</UL>
<BR>[Calls]<UL><LI><a href="#[7a]">&gt;&gt;</a>&nbsp;&nbsp;&nbsp;__user_perproc_libspace
</UL>
<BR>[Called By]<UL><LI><a href="#[5e]">&gt;&gt;</a>&nbsp;&nbsp;&nbsp;__rt_lib_init_lc_common
<LI><a href="#[78]">&gt;&gt;</a>&nbsp;&nbsp;&nbsp;__rt_ctype_table
</UL>

<P><STRONG><a name="[7d]"></a>__rt_fp_status_addr</STRONG> (Thumb, 10 bytes, Stack size 8 bytes, rt_fp_status_addr_twolibspace.o(.text))
<BR><BR>[Stack]<UL><LI>Max Depth = 16<LI>Call Chain = __rt_fp_status_addr &rArr; __user_perthread_libspace
</UL>
<BR>[Calls]<UL><LI><a href="#[7e]">&gt;&gt;</a>&nbsp;&nbsp;&nbsp;__user_perthread_libspace
</UL>
<BR>[Called By]<UL><LI><a href="#[5d]">&gt;&gt;</a>&nbsp;&nbsp;&nbsp;_fp_init
</UL>

<P><STRONG><a name="[194]"></a>strcmp</STRONG> (Thumb, 128 bytes, Stack size 0 bytes, strcmpv7m.o(.text))
<BR><BR>[Called By]<UL><LI><a href="#[3f]">&gt;&gt;</a>&nbsp;&nbsp;&nbsp;_get_lc_ctype
</UL>

<P><STRONG><a name="[6a]"></a>_sys_exit</STRONG> (Thumb, 8 bytes, Stack size 0 bytes, sys_exit.o(.text))
<BR><BR>[Called By]<UL><LI><a href="#[69]">&gt;&gt;</a>&nbsp;&nbsp;&nbsp;__rt_exit_exit
</UL>

<P><STRONG><a name="[1d7]"></a>__I$use$semihosting</STRONG> (Thumb, 0 bytes, Stack size 0 bytes, use_no_semi.o(.text), UNUSED)

<P><STRONG><a name="[1d8]"></a>__use_no_semihosting_swi</STRONG> (Thumb, 2 bytes, Stack size 0 bytes, use_no_semi.o(.text), UNUSED)

<P><STRONG><a name="[168]"></a>ADC_Cmd</STRONG> (Thumb, 20 bytes, Stack size 0 bytes, stm32f10x_adc.o(i.ADC_Cmd))
<BR><BR>[Called By]<UL><LI><a href="#[112]">&gt;&gt;</a>&nbsp;&nbsp;&nbsp;adc_int
</UL>

<P><STRONG><a name="[167]"></a>ADC_DMACmd</STRONG> (Thumb, 20 bytes, Stack size 0 bytes, stm32f10x_adc.o(i.ADC_DMACmd))
<BR><BR>[Called By]<UL><LI><a href="#[112]">&gt;&gt;</a>&nbsp;&nbsp;&nbsp;adc_int
</UL>

<P><STRONG><a name="[7f]"></a>ADC_GPIO_Configuration</STRONG> (Thumb, 24 bytes, Stack size 8 bytes, adc.o(i.ADC_GPIO_Configuration))
<BR><BR>[Stack]<UL><LI>Max Depth = 28<LI>Call Chain = ADC_GPIO_Configuration &rArr; GPIO_Init
</UL>
<BR>[Calls]<UL><LI><a href="#[80]">&gt;&gt;</a>&nbsp;&nbsp;&nbsp;GPIO_Init
</UL>
<BR>[Called By]<UL><LI><a href="#[112]">&gt;&gt;</a>&nbsp;&nbsp;&nbsp;adc_int
</UL>

<P><STRONG><a name="[16c]"></a>ADC_GetCalibrationStatus</STRONG> (Thumb, 14 bytes, Stack size 0 bytes, stm32f10x_adc.o(i.ADC_GetCalibrationStatus))
<BR><BR>[Called By]<UL><LI><a href="#[112]">&gt;&gt;</a>&nbsp;&nbsp;&nbsp;adc_int
</UL>

<P><STRONG><a name="[16a]"></a>ADC_GetResetCalibrationStatus</STRONG> (Thumb, 14 bytes, Stack size 0 bytes, stm32f10x_adc.o(i.ADC_GetResetCalibrationStatus))
<BR><BR>[Called By]<UL><LI><a href="#[112]">&gt;&gt;</a>&nbsp;&nbsp;&nbsp;adc_int
</UL>

<P><STRONG><a name="[165]"></a>ADC_Init</STRONG> (Thumb, 62 bytes, Stack size 8 bytes, stm32f10x_adc.o(i.ADC_Init))
<BR><BR>[Stack]<UL><LI>Max Depth = 8<LI>Call Chain = ADC_Init
</UL>
<BR>[Called By]<UL><LI><a href="#[112]">&gt;&gt;</a>&nbsp;&nbsp;&nbsp;adc_int
</UL>

<P><STRONG><a name="[166]"></a>ADC_RegularChannelConfig</STRONG> (Thumb, 116 bytes, Stack size 16 bytes, stm32f10x_adc.o(i.ADC_RegularChannelConfig))
<BR><BR>[Stack]<UL><LI>Max Depth = 16<LI>Call Chain = ADC_RegularChannelConfig
</UL>
<BR>[Called By]<UL><LI><a href="#[112]">&gt;&gt;</a>&nbsp;&nbsp;&nbsp;adc_int
</UL>

<P><STRONG><a name="[169]"></a>ADC_ResetCalibration</STRONG> (Thumb, 10 bytes, Stack size 0 bytes, stm32f10x_adc.o(i.ADC_ResetCalibration))
<BR><BR>[Called By]<UL><LI><a href="#[112]">&gt;&gt;</a>&nbsp;&nbsp;&nbsp;adc_int
</UL>

<P><STRONG><a name="[16d]"></a>ADC_SoftwareStartConvCmd</STRONG> (Thumb, 20 bytes, Stack size 0 bytes, stm32f10x_adc.o(i.ADC_SoftwareStartConvCmd))
<BR><BR>[Called By]<UL><LI><a href="#[112]">&gt;&gt;</a>&nbsp;&nbsp;&nbsp;adc_int
</UL>

<P><STRONG><a name="[16b]"></a>ADC_StartCalibration</STRONG> (Thumb, 10 bytes, Stack size 0 bytes, stm32f10x_adc.o(i.ADC_StartCalibration))
<BR><BR>[Called By]<UL><LI><a href="#[112]">&gt;&gt;</a>&nbsp;&nbsp;&nbsp;adc_int
</UL>

<P><STRONG><a name="[81]"></a>AUX_INPUT_STATUS</STRONG> (Thumb, 26 bytes, Stack size 8 bytes, anjian.o(i.AUX_INPUT_STATUS))
<BR><BR>[Stack]<UL><LI>Max Depth = 8<LI>Call Chain = AUX_INPUT_STATUS
</UL>
<BR>[Calls]<UL><LI><a href="#[82]">&gt;&gt;</a>&nbsp;&nbsp;&nbsp;EXTI_GetFlagStatus
<LI><a href="#[83]">&gt;&gt;</a>&nbsp;&nbsp;&nbsp;EXTI_ClearFlag
</UL>
<BR>[Called By]<UL><LI><a href="#[53]">&gt;&gt;</a>&nbsp;&nbsp;&nbsp;AutoChoiceAudio_task
</UL>

<P><STRONG><a name="[54]"></a>Alarm_task</STRONG> (Thumb, 112 bytes, Stack size 0 bytes, mainv1.o(i.Alarm_task))
<BR>[Address Reference Count : 1]<UL><LI> mainv1.o(i.main_task)
</UL>
<P><STRONG><a name="[84]"></a>Answer_handshake</STRONG> (Thumb, 64 bytes, Stack size 16 bytes, app.o(i.Answer_handshake))
<BR><BR>[Stack]<UL><LI>Max Depth = 24<LI>Call Chain = Answer_handshake &rArr; USART_ITConfig
</UL>
<BR>[Calls]<UL><LI><a href="#[85]">&gt;&gt;</a>&nbsp;&nbsp;&nbsp;USART_ITConfig
</UL>
<BR>[Called By]<UL><LI><a href="#[16f]">&gt;&gt;</a>&nbsp;&nbsp;&nbsp;protocol
</UL>

<P><STRONG><a name="[86]"></a>Area_Name_Save</STRONG> (Thumb, 76 bytes, Stack size 56 bytes, app.o(i.Area_Name_Save))
<BR><BR>[Stack]<UL><LI>Max Depth = 124<LI>Call Chain = Area_Name_Save &rArr; EEPROM_WriteBytes &rArr; I2CChkAck &rArr; GPIO_Init
</UL>
<BR>[Calls]<UL><LI><a href="#[87]">&gt;&gt;</a>&nbsp;&nbsp;&nbsp;EEPROM_WriteBytes
</UL>
<BR>[Called By]<UL><LI><a href="#[13d]">&gt;&gt;</a>&nbsp;&nbsp;&nbsp;Setup_Area_Name
</UL>

<P><STRONG><a name="[88]"></a>Area_Name_Update</STRONG> (Thumb, 76 bytes, Stack size 56 bytes, app.o(i.Area_Name_Update))
<BR><BR>[Stack]<UL><LI>Max Depth = 124<LI>Call Chain = Area_Name_Update &rArr; EEPROM_ReadBytes &rArr; I2CRead8Bit &rArr; GPIO_Init
</UL>
<BR>[Calls]<UL><LI><a href="#[89]">&gt;&gt;</a>&nbsp;&nbsp;&nbsp;EEPROM_ReadBytes
</UL>
<BR>[Called By]<UL><LI><a href="#[51]">&gt;&gt;</a>&nbsp;&nbsp;&nbsp;RDS_task
</UL>

<P><STRONG><a name="[52]"></a>AutoAdjustPower_task</STRONG> (Thumb, 298 bytes, Stack size 0 bytes, mainv1.o(i.AutoAdjustPower_task))
<BR><BR>[Stack]<UL><LI>Max Depth = 16<LI>Call Chain = AutoAdjustPower_task &rArr; DAC5615Out
</UL>
<BR>[Calls]<UL><LI><a href="#[8a]">&gt;&gt;</a>&nbsp;&nbsp;&nbsp;DAC5615Out
</UL>
<BR>[Address Reference Count : 1]<UL><LI> mainv1.o(i.main_task)
</UL>
<P><STRONG><a name="[53]"></a>AutoChoiceAudio_task</STRONG> (Thumb, 186 bytes, Stack size 0 bytes, mainv1.o(i.AutoChoiceAudio_task))
<BR><BR>[Stack]<UL><LI>Max Depth = 68<LI>Call Chain = AutoChoiceAudio_task &rArr; PT2314_Setup_CVD &rArr; PT2314_SetReg &rArr; I2CChkAck &rArr; GPIO_Init
</UL>
<BR>[Calls]<UL><LI><a href="#[8b]">&gt;&gt;</a>&nbsp;&nbsp;&nbsp;GPIO_ReadInputDataBit
<LI><a href="#[81]">&gt;&gt;</a>&nbsp;&nbsp;&nbsp;AUX_INPUT_STATUS
<LI><a href="#[8d]">&gt;&gt;</a>&nbsp;&nbsp;&nbsp;PT2314_Setup_CVD
<LI><a href="#[8c]">&gt;&gt;</a>&nbsp;&nbsp;&nbsp;MP3_INPUT_STATUS
</UL>
<BR>[Address Reference Count : 1]<UL><LI> mainv1.o(i.main_task)
</UL>
<P><STRONG><a name="[44]"></a>BEEP_task</STRONG> (Thumb, 84 bytes, Stack size 0 bytes, mainv1.o(i.BEEP_task))
<BR><BR>[Calls]<UL><LI><a href="#[8f]">&gt;&gt;</a>&nbsp;&nbsp;&nbsp;GPIO_SetBits
<LI><a href="#[8e]">&gt;&gt;</a>&nbsp;&nbsp;&nbsp;GPIO_ResetBits
</UL>
<BR>[Address Reference Count : 1]<UL><LI> mainv1.o(i.Alarm_task)
</UL>
<P><STRONG><a name="[90]"></a>BKP_DeInit</STRONG> (Thumb, 18 bytes, Stack size 8 bytes, stm32f10x_bkp.o(i.BKP_DeInit))
<BR><BR>[Stack]<UL><LI>Max Depth = 8<LI>Call Chain = BKP_DeInit
</UL>
<BR>[Calls]<UL><LI><a href="#[91]">&gt;&gt;</a>&nbsp;&nbsp;&nbsp;RCC_BackupResetCmd
</UL>
<BR>[Called By]<UL><LI><a href="#[11a]">&gt;&gt;</a>&nbsp;&nbsp;&nbsp;RTC_Configuration
</UL>

<P><STRONG><a name="[173]"></a>BKP_ReadBackupRegister</STRONG> (Thumb, 6 bytes, Stack size 0 bytes, stm32f10x_bkp.o(i.BKP_ReadBackupRegister))
<BR><BR>[Called By]<UL><LI><a href="#[65]">&gt;&gt;</a>&nbsp;&nbsp;&nbsp;main
</UL>

<P><STRONG><a name="[174]"></a>BKP_WriteBackupRegister</STRONG> (Thumb, 6 bytes, Stack size 0 bytes, stm32f10x_bkp.o(i.BKP_WriteBackupRegister))
<BR><BR>[Called By]<UL><LI><a href="#[65]">&gt;&gt;</a>&nbsp;&nbsp;&nbsp;main
</UL>

<P><STRONG><a name="[6]"></a>BusFault_Handler</STRONG> (Thumb, 2 bytes, Stack size 0 bytes, stm32f10x_it.o(i.BusFault_Handler))
<BR><BR>[Calls]<UL><LI><a href="#[6]">&gt;&gt;</a>&nbsp;&nbsp;&nbsp;BusFault_Handler
</UL>
<BR>[Called By]<UL><LI><a href="#[6]">&gt;&gt;</a>&nbsp;&nbsp;&nbsp;BusFault_Handler
</UL>
<BR>[Address Reference Count : 1]<UL><LI> startup_stm32f10x_md.o(RESET)
</UL>
<P><STRONG><a name="[92]"></a>COM1_2Init</STRONG> (Thumb, 238 bytes, Stack size 40 bytes, mainv1.o(i.COM1_2Init))
<BR><BR>[Stack]<UL><LI>Max Depth = 80<LI>Call Chain = COM1_2Init &rArr; USART_Init &rArr; RCC_GetClocksFreq
</UL>
<BR>[Calls]<UL><LI><a href="#[93]">&gt;&gt;</a>&nbsp;&nbsp;&nbsp;RCC_APB2PeriphClockCmd
<LI><a href="#[94]">&gt;&gt;</a>&nbsp;&nbsp;&nbsp;RCC_APB1PeriphClockCmd
<LI><a href="#[80]">&gt;&gt;</a>&nbsp;&nbsp;&nbsp;GPIO_Init
<LI><a href="#[95]">&gt;&gt;</a>&nbsp;&nbsp;&nbsp;USART_Init
<LI><a href="#[85]">&gt;&gt;</a>&nbsp;&nbsp;&nbsp;USART_ITConfig
<LI><a href="#[96]">&gt;&gt;</a>&nbsp;&nbsp;&nbsp;USART_Cmd
</UL>
<BR>[Called By]<UL><LI><a href="#[65]">&gt;&gt;</a>&nbsp;&nbsp;&nbsp;main
</UL>

<P><STRONG><a name="[97]"></a>Check_QN8027_tx</STRONG> (Thumb, 34 bytes, Stack size 8 bytes, app.o(i.Check_QN8027_tx))
<BR><BR>[Stack]<UL><LI>Max Depth = 76<LI>Call Chain = Check_QN8027_tx &rArr; QN8027_ReadReg &rArr; I2CRead8Bit &rArr; GPIO_Init
</UL>
<BR>[Calls]<UL><LI><a href="#[98]">&gt;&gt;</a>&nbsp;&nbsp;&nbsp;QN8027_ReadReg
</UL>
<BR>[Called By]<UL><LI><a href="#[4e]">&gt;&gt;</a>&nbsp;&nbsp;&nbsp;RDSsend_txt_task
<LI><a href="#[4d]">&gt;&gt;</a>&nbsp;&nbsp;&nbsp;RDSsend_Volume_task
<LI><a href="#[4c]">&gt;&gt;</a>&nbsp;&nbsp;&nbsp;RDSsend_IDNum_task
</UL>

<P><STRONG><a name="[99]"></a>CollectShowCurrent</STRONG> (Thumb, 32 bytes, Stack size 8 bytes, mainv1.o(i.CollectShowCurrent))
<BR><BR>[Stack]<UL><LI>Max Depth = 144<LI>Call Chain = CollectShowCurrent &rArr; Show_I &rArr; Draw_String6X8 &rArr; Draw_Ascii6X8 &rArr; Draw_Point &rArr; LCD19264_Posbyte &rArr; LCD_WriteCMD &rArr; SendByte
</UL>
<BR>[Calls]<UL><LI><a href="#[9c]">&gt;&gt;</a>&nbsp;&nbsp;&nbsp;filter_I
<LI><a href="#[9a]">&gt;&gt;</a>&nbsp;&nbsp;&nbsp;Get_CollectCurrentVal
<LI><a href="#[9e]">&gt;&gt;</a>&nbsp;&nbsp;&nbsp;Show_I
<LI><a href="#[9b]">&gt;&gt;</a>&nbsp;&nbsp;&nbsp;__aeabi_ui2f
<LI><a href="#[9d]">&gt;&gt;</a>&nbsp;&nbsp;&nbsp;__aeabi_f2uiz
</UL>
<BR>[Called By]<UL><LI><a href="#[48]">&gt;&gt;</a>&nbsp;&nbsp;&nbsp;main_task
</UL>

<P><STRONG><a name="[9f]"></a>CollectShowPower</STRONG> (Thumb, 18 bytes, Stack size 8 bytes, mainv1.o(i.CollectShowPower))
<BR><BR>[Stack]<UL><LI>Max Depth = 144<LI>Call Chain = CollectShowPower &rArr; Show_P &rArr; Draw_String6X8 &rArr; Draw_Ascii6X8 &rArr; Draw_Point &rArr; LCD19264_Posbyte &rArr; LCD_WriteCMD &rArr; SendByte
</UL>
<BR>[Calls]<UL><LI><a href="#[a0]">&gt;&gt;</a>&nbsp;&nbsp;&nbsp;Get_PowerValue
<LI><a href="#[a1]">&gt;&gt;</a>&nbsp;&nbsp;&nbsp;Show_P
</UL>
<BR>[Called By]<UL><LI><a href="#[48]">&gt;&gt;</a>&nbsp;&nbsp;&nbsp;main_task
</UL>

<P><STRONG><a name="[a2]"></a>CollectShowRPower</STRONG> (Thumb, 20 bytes, Stack size 8 bytes, mainv1.o(i.CollectShowRPower))
<BR><BR>[Stack]<UL><LI>Max Depth = 144<LI>Call Chain = CollectShowRPower &rArr; Show_RP &rArr; Draw_String6X8 &rArr; Draw_Ascii6X8 &rArr; Draw_Point &rArr; LCD19264_Posbyte &rArr; LCD_WriteCMD &rArr; SendByte
</UL>
<BR>[Calls]<UL><LI><a href="#[a3]">&gt;&gt;</a>&nbsp;&nbsp;&nbsp;Get_RPowerValue
<LI><a href="#[a4]">&gt;&gt;</a>&nbsp;&nbsp;&nbsp;Show_RP
</UL>
<BR>[Called By]<UL><LI><a href="#[48]">&gt;&gt;</a>&nbsp;&nbsp;&nbsp;main_task
</UL>

<P><STRONG><a name="[a5]"></a>CollectShowSWR</STRONG> (Thumb, 46 bytes, Stack size 8 bytes, mainv1.o(i.CollectShowSWR))
<BR><BR>[Stack]<UL><LI>Max Depth = 144<LI>Call Chain = CollectShowSWR &rArr; Show_SWR &rArr; Draw_String6X8 &rArr; Draw_Ascii6X8 &rArr; Draw_Point &rArr; LCD19264_Posbyte &rArr; LCD_WriteCMD &rArr; SendByte
</UL>
<BR>[Calls]<UL><LI><a href="#[a6]">&gt;&gt;</a>&nbsp;&nbsp;&nbsp;filter_swr
<LI><a href="#[a7]">&gt;&gt;</a>&nbsp;&nbsp;&nbsp;Show_SWR
</UL>
<BR>[Called By]<UL><LI><a href="#[48]">&gt;&gt;</a>&nbsp;&nbsp;&nbsp;main_task
</UL>

<P><STRONG><a name="[a8]"></a>CollectShowTempval</STRONG> (Thumb, 32 bytes, Stack size 8 bytes, mainv1.o(i.CollectShowTempval))
<BR><BR>[Stack]<UL><LI>Max Depth = 152<LI>Call Chain = CollectShowTempval &rArr; Show_T &rArr; Show_Picture &rArr; Draw_Point &rArr; LCD19264_Posbyte &rArr; LCD_WriteCMD &rArr; SendByte
</UL>
<BR>[Calls]<UL><LI><a href="#[aa]">&gt;&gt;</a>&nbsp;&nbsp;&nbsp;filter_t
<LI><a href="#[a9]">&gt;&gt;</a>&nbsp;&nbsp;&nbsp;Get_CollectTempval
<LI><a href="#[ab]">&gt;&gt;</a>&nbsp;&nbsp;&nbsp;Show_T
<LI><a href="#[9b]">&gt;&gt;</a>&nbsp;&nbsp;&nbsp;__aeabi_ui2f
<LI><a href="#[9d]">&gt;&gt;</a>&nbsp;&nbsp;&nbsp;__aeabi_f2uiz
</UL>
<BR>[Called By]<UL><LI><a href="#[48]">&gt;&gt;</a>&nbsp;&nbsp;&nbsp;main_task
</UL>

<P><STRONG><a name="[ac]"></a>CollectVIN</STRONG> (Thumb, 40 bytes, Stack size 8 bytes, mainv1.o(i.CollectVIN))
<BR><BR>[Stack]<UL><LI>Max Depth = 56<LI>Call Chain = CollectVIN &rArr; filter_vin &rArr; __aeabi_fdiv
</UL>
<BR>[Calls]<UL><LI><a href="#[ad]">&gt;&gt;</a>&nbsp;&nbsp;&nbsp;filter_vin
<LI><a href="#[9b]">&gt;&gt;</a>&nbsp;&nbsp;&nbsp;__aeabi_ui2f
<LI><a href="#[9d]">&gt;&gt;</a>&nbsp;&nbsp;&nbsp;__aeabi_f2uiz
</UL>
<BR>[Called By]<UL><LI><a href="#[48]">&gt;&gt;</a>&nbsp;&nbsp;&nbsp;main_task
</UL>

<P><STRONG><a name="[193]"></a>ComData_Verify</STRONG> (Thumb, 24 bytes, Stack size 8 bytes, app.o(i.ComData_Verify))
<BR><BR>[Stack]<UL><LI>Max Depth = 8<LI>Call Chain = ComData_Verify
</UL>
<BR>[Called By]<UL><LI><a href="#[179]">&gt;&gt;</a>&nbsp;&nbsp;&nbsp;send_pdata
</UL>

<P><STRONG><a name="[8a]"></a>DAC5615Out</STRONG> (Thumb, 126 bytes, Stack size 16 bytes, dac5615.o(i.DAC5615Out))
<BR><BR>[Stack]<UL><LI>Max Depth = 16<LI>Call Chain = DAC5615Out
</UL>
<BR>[Calls]<UL><LI><a href="#[8f]">&gt;&gt;</a>&nbsp;&nbsp;&nbsp;GPIO_SetBits
<LI><a href="#[8e]">&gt;&gt;</a>&nbsp;&nbsp;&nbsp;GPIO_ResetBits
<LI><a href="#[ae]">&gt;&gt;</a>&nbsp;&nbsp;&nbsp;DAC5615delay
</UL>
<BR>[Called By]<UL><LI><a href="#[48]">&gt;&gt;</a>&nbsp;&nbsp;&nbsp;main_task
<LI><a href="#[52]">&gt;&gt;</a>&nbsp;&nbsp;&nbsp;AutoAdjustPower_task
</UL>

<P><STRONG><a name="[af]"></a>DAC5615_Init</STRONG> (Thumb, 48 bytes, Stack size 16 bytes, dac5615.o(i.DAC5615_Init))
<BR><BR>[Stack]<UL><LI>Max Depth = 36<LI>Call Chain = DAC5615_Init &rArr; GPIO_Init
</UL>
<BR>[Calls]<UL><LI><a href="#[93]">&gt;&gt;</a>&nbsp;&nbsp;&nbsp;RCC_APB2PeriphClockCmd
<LI><a href="#[8e]">&gt;&gt;</a>&nbsp;&nbsp;&nbsp;GPIO_ResetBits
<LI><a href="#[80]">&gt;&gt;</a>&nbsp;&nbsp;&nbsp;GPIO_Init
</UL>
<BR>[Called By]<UL><LI><a href="#[65]">&gt;&gt;</a>&nbsp;&nbsp;&nbsp;main
</UL>

<P><STRONG><a name="[ae]"></a>DAC5615delay</STRONG> (Thumb, 8 bytes, Stack size 0 bytes, dac5615.o(i.DAC5615delay))
<BR><BR>[Called By]<UL><LI><a href="#[8a]">&gt;&gt;</a>&nbsp;&nbsp;&nbsp;DAC5615Out
</UL>

<P><STRONG><a name="[164]"></a>DMA_Cmd</STRONG> (Thumb, 22 bytes, Stack size 0 bytes, stm32f10x_dma.o(i.DMA_Cmd))
<BR><BR>[Called By]<UL><LI><a href="#[112]">&gt;&gt;</a>&nbsp;&nbsp;&nbsp;adc_int
</UL>

<P><STRONG><a name="[162]"></a>DMA_DeInit</STRONG> (Thumb, 228 bytes, Stack size 0 bytes, stm32f10x_dma.o(i.DMA_DeInit))
<BR><BR>[Called By]<UL><LI><a href="#[112]">&gt;&gt;</a>&nbsp;&nbsp;&nbsp;adc_int
</UL>

<P><STRONG><a name="[163]"></a>DMA_Init</STRONG> (Thumb, 58 bytes, Stack size 12 bytes, stm32f10x_dma.o(i.DMA_Init))
<BR><BR>[Stack]<UL><LI>Max Depth = 12<LI>Call Chain = DMA_Init
</UL>
<BR>[Called By]<UL><LI><a href="#[112]">&gt;&gt;</a>&nbsp;&nbsp;&nbsp;adc_int
</UL>

<P><STRONG><a name="[9]"></a>DebugMon_Handler</STRONG> (Thumb, 2 bytes, Stack size 0 bytes, stm32f10x_it.o(i.DebugMon_Handler))
<BR>[Address Reference Count : 1]<UL><LI> startup_stm32f10x_md.o(RESET)
</UL>
<P><STRONG><a name="[176]"></a>Delay_ms</STRONG> (Thumb, 18 bytes, Stack size 0 bytes, mainv1.o(i.Delay_ms))
<BR><BR>[Called By]<UL><LI><a href="#[48]">&gt;&gt;</a>&nbsp;&nbsp;&nbsp;main_task
<LI><a href="#[177]">&gt;&gt;</a>&nbsp;&nbsp;&nbsp;os_error
</UL>

<P><STRONG><a name="[b0]"></a>Draw_Ascii6X8</STRONG> (Thumb, 90 bytes, Stack size 32 bytes, drawpicture.o(i.Draw_Ascii6X8))
<BR><BR>[Stack]<UL><LI>Max Depth = 104<LI>Call Chain = Draw_Ascii6X8 &rArr; Draw_Point &rArr; LCD19264_Posbyte &rArr; LCD_WriteCMD &rArr; SendByte
</UL>
<BR>[Calls]<UL><LI><a href="#[b1]">&gt;&gt;</a>&nbsp;&nbsp;&nbsp;Draw_Point
</UL>
<BR>[Called By]<UL><LI><a href="#[bf]">&gt;&gt;</a>&nbsp;&nbsp;&nbsp;Draw_String6X8
<LI><a href="#[48]">&gt;&gt;</a>&nbsp;&nbsp;&nbsp;main_task
<LI><a href="#[147]">&gt;&gt;</a>&nbsp;&nbsp;&nbsp;Show_PS_Name
<LI><a href="#[140]">&gt;&gt;</a>&nbsp;&nbsp;&nbsp;Show_Device_hangnum
<LI><a href="#[148]">&gt;&gt;</a>&nbsp;&nbsp;&nbsp;Show_Area_Name
<LI><a href="#[142]">&gt;&gt;</a>&nbsp;&nbsp;&nbsp;Show_ALLSET_Area_Name
<LI><a href="#[146]">&gt;&gt;</a>&nbsp;&nbsp;&nbsp;Setup_RDS_Window
<LI><a href="#[13e]">&gt;&gt;</a>&nbsp;&nbsp;&nbsp;Setup_PS_Name
<LI><a href="#[13d]">&gt;&gt;</a>&nbsp;&nbsp;&nbsp;Setup_Area_Name
<LI><a href="#[13b]">&gt;&gt;</a>&nbsp;&nbsp;&nbsp;SET_Temp_And_SWR
<LI><a href="#[136]">&gt;&gt;</a>&nbsp;&nbsp;&nbsp;SET_FM_And_RF_Power
<LI><a href="#[130]">&gt;&gt;</a>&nbsp;&nbsp;&nbsp;SET_Audio_And_Time
<LI><a href="#[107]">&gt;&gt;</a>&nbsp;&nbsp;&nbsp;Print_ZF_Table
<LI><a href="#[138]">&gt;&gt;</a>&nbsp;&nbsp;&nbsp;SetingWindos_ShowPowerValue
<LI><a href="#[137]">&gt;&gt;</a>&nbsp;&nbsp;&nbsp;SetingWindos_ShowFMchValue
</UL>

<P><STRONG><a name="[b2]"></a>Draw_Ascii6X8_Downline</STRONG> (Thumb, 100 bytes, Stack size 32 bytes, drawpicture.o(i.Draw_Ascii6X8_Downline))
<BR><BR>[Stack]<UL><LI>Max Depth = 104<LI>Call Chain = Draw_Ascii6X8_Downline &rArr; Draw_Point &rArr; LCD19264_Posbyte &rArr; LCD_WriteCMD &rArr; SendByte
</UL>
<BR>[Calls]<UL><LI><a href="#[b1]">&gt;&gt;</a>&nbsp;&nbsp;&nbsp;Draw_Point
</UL>
<BR>[Called By]<UL><LI><a href="#[142]">&gt;&gt;</a>&nbsp;&nbsp;&nbsp;Show_ALLSET_Area_Name
<LI><a href="#[13e]">&gt;&gt;</a>&nbsp;&nbsp;&nbsp;Setup_PS_Name
<LI><a href="#[13d]">&gt;&gt;</a>&nbsp;&nbsp;&nbsp;Setup_Area_Name
</UL>

<P><STRONG><a name="[b3]"></a>Draw_Clear</STRONG> (Thumb, 14 bytes, Stack size 8 bytes, drawpicture.o(i.Draw_Clear))
<BR><BR>[Stack]<UL><LI>Max Depth = 88<LI>Call Chain = Draw_Clear &rArr; Draw_UpdateToLCD &rArr; LCD19264_Posbyte &rArr; LCD_WriteCMD &rArr; SendByte
</UL>
<BR>[Calls]<UL><LI><a href="#[b4]">&gt;&gt;</a>&nbsp;&nbsp;&nbsp;Draw_Clear_DDRAM
<LI><a href="#[b5]">&gt;&gt;</a>&nbsp;&nbsp;&nbsp;Draw_UpdateToLCD
</UL>
<BR>[Called By]<UL><LI><a href="#[48]">&gt;&gt;</a>&nbsp;&nbsp;&nbsp;main_task
<LI><a href="#[146]">&gt;&gt;</a>&nbsp;&nbsp;&nbsp;Setup_RDS_Window
<LI><a href="#[13f]">&gt;&gt;</a>&nbsp;&nbsp;&nbsp;Setup_RDSMode
<LI><a href="#[13e]">&gt;&gt;</a>&nbsp;&nbsp;&nbsp;Setup_PS_Name
<LI><a href="#[13d]">&gt;&gt;</a>&nbsp;&nbsp;&nbsp;Setup_Area_Name
</UL>

<P><STRONG><a name="[b4]"></a>Draw_Clear_DDRAM</STRONG> (Thumb, 38 bytes, Stack size 8 bytes, drawpicture.o(i.Draw_Clear_DDRAM))
<BR><BR>[Stack]<UL><LI>Max Depth = 8<LI>Call Chain = Draw_Clear_DDRAM
</UL>
<BR>[Called By]<UL><LI><a href="#[b3]">&gt;&gt;</a>&nbsp;&nbsp;&nbsp;Draw_Clear
</UL>

<P><STRONG><a name="[b6]"></a>Draw_Fill</STRONG> (Thumb, 42 bytes, Stack size 24 bytes, drawpicture.o(i.Draw_Fill))
<BR><BR>[Stack]<UL><LI>Max Depth = 120<LI>Call Chain = Draw_Fill &rArr; Draw_XLine &rArr; Draw_Point &rArr; LCD19264_Posbyte &rArr; LCD_WriteCMD &rArr; SendByte
</UL>
<BR>[Calls]<UL><LI><a href="#[b7]">&gt;&gt;</a>&nbsp;&nbsp;&nbsp;Draw_XLine
</UL>
<BR>[Called By]<UL><LI><a href="#[48]">&gt;&gt;</a>&nbsp;&nbsp;&nbsp;main_task
<LI><a href="#[146]">&gt;&gt;</a>&nbsp;&nbsp;&nbsp;Setup_RDS_Window
<LI><a href="#[13b]">&gt;&gt;</a>&nbsp;&nbsp;&nbsp;SET_Temp_And_SWR
<LI><a href="#[136]">&gt;&gt;</a>&nbsp;&nbsp;&nbsp;SET_FM_And_RF_Power
<LI><a href="#[130]">&gt;&gt;</a>&nbsp;&nbsp;&nbsp;SET_Audio_And_Time
<LI><a href="#[13a]">&gt;&gt;</a>&nbsp;&nbsp;&nbsp;SetingWindos_DestroyPowerValue
<LI><a href="#[139]">&gt;&gt;</a>&nbsp;&nbsp;&nbsp;SetingWindos_DestroyFMchValue
</UL>

<P><STRONG><a name="[bb]"></a>Draw_GetPointColor</STRONG> (Thumb, 30 bytes, Stack size 0 bytes, drawpicture.o(i.Draw_GetPointColor))
<BR><BR>[Called By]<UL><LI><a href="#[ba]">&gt;&gt;</a>&nbsp;&nbsp;&nbsp;Draw_Lump_fb
</UL>

<P><STRONG><a name="[b8]"></a>Draw_Line</STRONG> (Thumb, 218 bytes, Stack size 48 bytes, drawpicture.o(i.Draw_Line))
<BR><BR>[Stack]<UL><LI>Max Depth = 144<LI>Call Chain = Draw_Line &rArr; Draw_YLine &rArr; Draw_Point &rArr; LCD19264_Posbyte &rArr; LCD_WriteCMD &rArr; SendByte
</UL>
<BR>[Calls]<UL><LI><a href="#[b9]">&gt;&gt;</a>&nbsp;&nbsp;&nbsp;Draw_YLine
<LI><a href="#[b1]">&gt;&gt;</a>&nbsp;&nbsp;&nbsp;Draw_Point
<LI><a href="#[b7]">&gt;&gt;</a>&nbsp;&nbsp;&nbsp;Draw_XLine
</UL>
<BR>[Called By]<UL><LI><a href="#[48]">&gt;&gt;</a>&nbsp;&nbsp;&nbsp;main_task
<LI><a href="#[146]">&gt;&gt;</a>&nbsp;&nbsp;&nbsp;Setup_RDS_Window
<LI><a href="#[13f]">&gt;&gt;</a>&nbsp;&nbsp;&nbsp;Setup_RDSMode
<LI><a href="#[151]">&gt;&gt;</a>&nbsp;&nbsp;&nbsp;Show_VOLH
<LI><a href="#[150]">&gt;&gt;</a>&nbsp;&nbsp;&nbsp;Show_VOLB
</UL>

<P><STRONG><a name="[ba]"></a>Draw_Lump_fb</STRONG> (Thumb, 70 bytes, Stack size 24 bytes, drawpicture.o(i.Draw_Lump_fb))
<BR><BR>[Stack]<UL><LI>Max Depth = 96<LI>Call Chain = Draw_Lump_fb &rArr; Draw_Point &rArr; LCD19264_Posbyte &rArr; LCD_WriteCMD &rArr; SendByte
</UL>
<BR>[Calls]<UL><LI><a href="#[b1]">&gt;&gt;</a>&nbsp;&nbsp;&nbsp;Draw_Point
<LI><a href="#[bb]">&gt;&gt;</a>&nbsp;&nbsp;&nbsp;Draw_GetPointColor
</UL>
<BR>[Called By]<UL><LI><a href="#[145]">&gt;&gt;</a>&nbsp;&nbsp;&nbsp;Show_ALLSET_devgb
<LI><a href="#[143]">&gt;&gt;</a>&nbsp;&nbsp;&nbsp;Show_ALLSET_Area_Fullsetval
</UL>

<P><STRONG><a name="[bc]"></a>Draw_Picture_logoRDS</STRONG> (Thumb, 46 bytes, Stack size 8 bytes, drawpicture.o(i.Draw_Picture_logoRDS))
<BR><BR>[Stack]<UL><LI>Max Depth = 88<LI>Call Chain = Draw_Picture_logoRDS &rArr; Draw_UpdateToLCD &rArr; LCD19264_Posbyte &rArr; LCD_WriteCMD &rArr; SendByte
</UL>
<BR>[Calls]<UL><LI><a href="#[b5]">&gt;&gt;</a>&nbsp;&nbsp;&nbsp;Draw_UpdateToLCD
</UL>
<BR>[Called By]<UL><LI><a href="#[48]">&gt;&gt;</a>&nbsp;&nbsp;&nbsp;main_task
</UL>

<P><STRONG><a name="[b1]"></a>Draw_Point</STRONG> (Thumb, 62 bytes, Stack size 8 bytes, drawpicture.o(i.Draw_Point))
<BR><BR>[Stack]<UL><LI>Max Depth = 72<LI>Call Chain = Draw_Point &rArr; LCD19264_Posbyte &rArr; LCD_WriteCMD &rArr; SendByte
</UL>
<BR>[Calls]<UL><LI><a href="#[bd]">&gt;&gt;</a>&nbsp;&nbsp;&nbsp;LCD19264_Posbyte
</UL>
<BR>[Called By]<UL><LI><a href="#[ba]">&gt;&gt;</a>&nbsp;&nbsp;&nbsp;Draw_Lump_fb
<LI><a href="#[b8]">&gt;&gt;</a>&nbsp;&nbsp;&nbsp;Draw_Line
<LI><a href="#[b2]">&gt;&gt;</a>&nbsp;&nbsp;&nbsp;Draw_Ascii6X8_Downline
<LI><a href="#[b0]">&gt;&gt;</a>&nbsp;&nbsp;&nbsp;Draw_Ascii6X8
<LI><a href="#[b9]">&gt;&gt;</a>&nbsp;&nbsp;&nbsp;Draw_YLine
<LI><a href="#[fa]">&gt;&gt;</a>&nbsp;&nbsp;&nbsp;Show_Picture
<LI><a href="#[b7]">&gt;&gt;</a>&nbsp;&nbsp;&nbsp;Draw_XLine
</UL>

<P><STRONG><a name="[be]"></a>Draw_Rect</STRONG> (Thumb, 62 bytes, Stack size 24 bytes, drawpicture.o(i.Draw_Rect))
<BR><BR>[Stack]<UL><LI>Max Depth = 120<LI>Call Chain = Draw_Rect &rArr; Draw_YLine &rArr; Draw_Point &rArr; LCD19264_Posbyte &rArr; LCD_WriteCMD &rArr; SendByte
</UL>
<BR>[Calls]<UL><LI><a href="#[b9]">&gt;&gt;</a>&nbsp;&nbsp;&nbsp;Draw_YLine
<LI><a href="#[b7]">&gt;&gt;</a>&nbsp;&nbsp;&nbsp;Draw_XLine
</UL>
<BR>[Called By]<UL><LI><a href="#[48]">&gt;&gt;</a>&nbsp;&nbsp;&nbsp;main_task
<LI><a href="#[146]">&gt;&gt;</a>&nbsp;&nbsp;&nbsp;Setup_RDS_Window
<LI><a href="#[13f]">&gt;&gt;</a>&nbsp;&nbsp;&nbsp;Setup_RDSMode
<LI><a href="#[13e]">&gt;&gt;</a>&nbsp;&nbsp;&nbsp;Setup_PS_Name
<LI><a href="#[13d]">&gt;&gt;</a>&nbsp;&nbsp;&nbsp;Setup_Area_Name
<LI><a href="#[151]">&gt;&gt;</a>&nbsp;&nbsp;&nbsp;Show_VOLH
<LI><a href="#[150]">&gt;&gt;</a>&nbsp;&nbsp;&nbsp;Show_VOLB
</UL>

<P><STRONG><a name="[bf]"></a>Draw_String6X8</STRONG> (Thumb, 32 bytes, Stack size 16 bytes, drawpicture.o(i.Draw_String6X8))
<BR><BR>[Stack]<UL><LI>Max Depth = 120<LI>Call Chain = Draw_String6X8 &rArr; Draw_Ascii6X8 &rArr; Draw_Point &rArr; LCD19264_Posbyte &rArr; LCD_WriteCMD &rArr; SendByte
</UL>
<BR>[Calls]<UL><LI><a href="#[b0]">&gt;&gt;</a>&nbsp;&nbsp;&nbsp;Draw_Ascii6X8
</UL>
<BR>[Called By]<UL><LI><a href="#[48]">&gt;&gt;</a>&nbsp;&nbsp;&nbsp;main_task
<LI><a href="#[149]">&gt;&gt;</a>&nbsp;&nbsp;&nbsp;Show_RDS_SetMode
<LI><a href="#[141]">&gt;&gt;</a>&nbsp;&nbsp;&nbsp;Show_DevStatus_Group
<LI><a href="#[146]">&gt;&gt;</a>&nbsp;&nbsp;&nbsp;Setup_RDS_Window
<LI><a href="#[13f]">&gt;&gt;</a>&nbsp;&nbsp;&nbsp;Setup_RDSMode
<LI><a href="#[13e]">&gt;&gt;</a>&nbsp;&nbsp;&nbsp;Setup_PS_Name
<LI><a href="#[13d]">&gt;&gt;</a>&nbsp;&nbsp;&nbsp;Setup_Area_Name
<LI><a href="#[13b]">&gt;&gt;</a>&nbsp;&nbsp;&nbsp;SET_Temp_And_SWR
<LI><a href="#[136]">&gt;&gt;</a>&nbsp;&nbsp;&nbsp;SET_FM_And_RF_Power
<LI><a href="#[130]">&gt;&gt;</a>&nbsp;&nbsp;&nbsp;SET_Audio_And_Time
<LI><a href="#[152]">&gt;&gt;</a>&nbsp;&nbsp;&nbsp;Show_Volume
<LI><a href="#[151]">&gt;&gt;</a>&nbsp;&nbsp;&nbsp;Show_VOLH
<LI><a href="#[150]">&gt;&gt;</a>&nbsp;&nbsp;&nbsp;Show_VOLB
<LI><a href="#[132]">&gt;&gt;</a>&nbsp;&nbsp;&nbsp;Show_Time
<LI><a href="#[14c]">&gt;&gt;</a>&nbsp;&nbsp;&nbsp;Show_TX
<LI><a href="#[ab]">&gt;&gt;</a>&nbsp;&nbsp;&nbsp;Show_T
<LI><a href="#[a7]">&gt;&gt;</a>&nbsp;&nbsp;&nbsp;Show_SWR
<LI><a href="#[a4]">&gt;&gt;</a>&nbsp;&nbsp;&nbsp;Show_RP
<LI><a href="#[14b]">&gt;&gt;</a>&nbsp;&nbsp;&nbsp;Show_RDS
<LI><a href="#[14f]">&gt;&gt;</a>&nbsp;&nbsp;&nbsp;Show_PEVal
<LI><a href="#[a1]">&gt;&gt;</a>&nbsp;&nbsp;&nbsp;Show_P
<LI><a href="#[9e]">&gt;&gt;</a>&nbsp;&nbsp;&nbsp;Show_I
<LI><a href="#[14d]">&gt;&gt;</a>&nbsp;&nbsp;&nbsp;Show_FM
</UL>

<P><STRONG><a name="[b5]"></a>Draw_UpdateToLCD</STRONG> (Thumb, 44 bytes, Stack size 16 bytes, drawpicture.o(i.Draw_UpdateToLCD))
<BR><BR>[Stack]<UL><LI>Max Depth = 80<LI>Call Chain = Draw_UpdateToLCD &rArr; LCD19264_Posbyte &rArr; LCD_WriteCMD &rArr; SendByte
</UL>
<BR>[Calls]<UL><LI><a href="#[bd]">&gt;&gt;</a>&nbsp;&nbsp;&nbsp;LCD19264_Posbyte
</UL>
<BR>[Called By]<UL><LI><a href="#[bc]">&gt;&gt;</a>&nbsp;&nbsp;&nbsp;Draw_Picture_logoRDS
<LI><a href="#[b3]">&gt;&gt;</a>&nbsp;&nbsp;&nbsp;Draw_Clear
<LI><a href="#[55]">&gt;&gt;</a>&nbsp;&nbsp;&nbsp;PCRDS_Blinking_task
</UL>

<P><STRONG><a name="[b7]"></a>Draw_XLine</STRONG> (Thumb, 44 bytes, Stack size 24 bytes, drawpicture.o(i.Draw_XLine))
<BR><BR>[Stack]<UL><LI>Max Depth = 96<LI>Call Chain = Draw_XLine &rArr; Draw_Point &rArr; LCD19264_Posbyte &rArr; LCD_WriteCMD &rArr; SendByte
</UL>
<BR>[Calls]<UL><LI><a href="#[b1]">&gt;&gt;</a>&nbsp;&nbsp;&nbsp;Draw_Point
</UL>
<BR>[Called By]<UL><LI><a href="#[be]">&gt;&gt;</a>&nbsp;&nbsp;&nbsp;Draw_Rect
<LI><a href="#[b8]">&gt;&gt;</a>&nbsp;&nbsp;&nbsp;Draw_Line
<LI><a href="#[b6]">&gt;&gt;</a>&nbsp;&nbsp;&nbsp;Draw_Fill
<LI><a href="#[13e]">&gt;&gt;</a>&nbsp;&nbsp;&nbsp;Setup_PS_Name
<LI><a href="#[13d]">&gt;&gt;</a>&nbsp;&nbsp;&nbsp;Setup_Area_Name
</UL>

<P><STRONG><a name="[b9]"></a>Draw_YLine</STRONG> (Thumb, 44 bytes, Stack size 24 bytes, drawpicture.o(i.Draw_YLine))
<BR><BR>[Stack]<UL><LI>Max Depth = 96<LI>Call Chain = Draw_YLine &rArr; Draw_Point &rArr; LCD19264_Posbyte &rArr; LCD_WriteCMD &rArr; SendByte
</UL>
<BR>[Calls]<UL><LI><a href="#[b1]">&gt;&gt;</a>&nbsp;&nbsp;&nbsp;Draw_Point
</UL>
<BR>[Called By]<UL><LI><a href="#[be]">&gt;&gt;</a>&nbsp;&nbsp;&nbsp;Draw_Rect
<LI><a href="#[b8]">&gt;&gt;</a>&nbsp;&nbsp;&nbsp;Draw_Line
</UL>

<P><STRONG><a name="[110]"></a>Dveid_Int</STRONG> (Thumb, 12 bytes, Stack size 0 bytes, app.o(i.Dveid_Int))
<BR><BR>[Called By]<UL><LI><a href="#[51]">&gt;&gt;</a>&nbsp;&nbsp;&nbsp;RDS_task
</UL>

<P><STRONG><a name="[89]"></a>EEPROM_ReadBytes</STRONG> (Thumb, 162 bytes, Stack size 24 bytes, 24c32.o(i.EEPROM_ReadBytes))
<BR><BR>[Stack]<UL><LI>Max Depth = 68<LI>Call Chain = EEPROM_ReadBytes &rArr; I2CRead8Bit &rArr; GPIO_Init
</UL>
<BR>[Calls]<UL><LI><a href="#[8f]">&gt;&gt;</a>&nbsp;&nbsp;&nbsp;GPIO_SetBits
<LI><a href="#[8e]">&gt;&gt;</a>&nbsp;&nbsp;&nbsp;GPIO_ResetBits
<LI><a href="#[c4]">&gt;&gt;</a>&nbsp;&nbsp;&nbsp;WaitUs
<LI><a href="#[c1]">&gt;&gt;</a>&nbsp;&nbsp;&nbsp;I2CWrite8Bit
<LI><a href="#[c6]">&gt;&gt;</a>&nbsp;&nbsp;&nbsp;I2CStop
<LI><a href="#[c0]">&gt;&gt;</a>&nbsp;&nbsp;&nbsp;I2CStart
<LI><a href="#[c5]">&gt;&gt;</a>&nbsp;&nbsp;&nbsp;I2CSlave_NOACK
<LI><a href="#[c3]">&gt;&gt;</a>&nbsp;&nbsp;&nbsp;I2CRead8Bit
<LI><a href="#[c2]">&gt;&gt;</a>&nbsp;&nbsp;&nbsp;I2CChkAck
</UL>
<BR>[Called By]<UL><LI><a href="#[13c]">&gt;&gt;</a>&nbsp;&nbsp;&nbsp;SYS_PARAMETER_Update
<LI><a href="#[10f]">&gt;&gt;</a>&nbsp;&nbsp;&nbsp;RDS_DevicesGroup_Mode_Update
<LI><a href="#[100]">&gt;&gt;</a>&nbsp;&nbsp;&nbsp;PS_Name_Update
<LI><a href="#[88]">&gt;&gt;</a>&nbsp;&nbsp;&nbsp;Area_Name_Update
</UL>

<P><STRONG><a name="[87]"></a>EEPROM_WriteBytes</STRONG> (Thumb, 98 bytes, Stack size 24 bytes, 24c32.o(i.EEPROM_WriteBytes))
<BR><BR>[Stack]<UL><LI>Max Depth = 68<LI>Call Chain = EEPROM_WriteBytes &rArr; I2CChkAck &rArr; GPIO_Init
</UL>
<BR>[Calls]<UL><LI><a href="#[c1]">&gt;&gt;</a>&nbsp;&nbsp;&nbsp;I2CWrite8Bit
<LI><a href="#[c6]">&gt;&gt;</a>&nbsp;&nbsp;&nbsp;I2CStop
<LI><a href="#[c0]">&gt;&gt;</a>&nbsp;&nbsp;&nbsp;I2CStart
<LI><a href="#[c2]">&gt;&gt;</a>&nbsp;&nbsp;&nbsp;I2CChkAck
</UL>
<BR>[Called By]<UL><LI><a href="#[86]">&gt;&gt;</a>&nbsp;&nbsp;&nbsp;Area_Name_Save
<LI><a href="#[134]">&gt;&gt;</a>&nbsp;&nbsp;&nbsp;SYS_PARAMETER_Save
<LI><a href="#[10e]">&gt;&gt;</a>&nbsp;&nbsp;&nbsp;RDS_DevicesGroup_Mode_Save
<LI><a href="#[ff]">&gt;&gt;</a>&nbsp;&nbsp;&nbsp;PS_Name_Save
</UL>

<P><STRONG><a name="[83]"></a>EXTI_ClearFlag</STRONG> (Thumb, 6 bytes, Stack size 0 bytes, stm32f10x_exti.o(i.EXTI_ClearFlag))
<BR><BR>[Called By]<UL><LI><a href="#[81]">&gt;&gt;</a>&nbsp;&nbsp;&nbsp;AUX_INPUT_STATUS
<LI><a href="#[48]">&gt;&gt;</a>&nbsp;&nbsp;&nbsp;main_task
<LI><a href="#[146]">&gt;&gt;</a>&nbsp;&nbsp;&nbsp;Setup_RDS_Window
<LI><a href="#[13e]">&gt;&gt;</a>&nbsp;&nbsp;&nbsp;Setup_PS_Name
<LI><a href="#[13d]">&gt;&gt;</a>&nbsp;&nbsp;&nbsp;Setup_Area_Name
<LI><a href="#[e3]">&gt;&gt;</a>&nbsp;&nbsp;&nbsp;KEY_Status_AllClear
<LI><a href="#[8c]">&gt;&gt;</a>&nbsp;&nbsp;&nbsp;MP3_INPUT_STATUS
<LI><a href="#[e4]">&gt;&gt;</a>&nbsp;&nbsp;&nbsp;KEY_UP_STATUS
<LI><a href="#[e1]">&gt;&gt;</a>&nbsp;&nbsp;&nbsp;KEY_RIGHT_STATUS
<LI><a href="#[e0]">&gt;&gt;</a>&nbsp;&nbsp;&nbsp;KEY_RDS_STATUS
<LI><a href="#[df]">&gt;&gt;</a>&nbsp;&nbsp;&nbsp;KEY_OK_STATUS
<LI><a href="#[de]">&gt;&gt;</a>&nbsp;&nbsp;&nbsp;KEY_MENU_STATUS
<LI><a href="#[dc]">&gt;&gt;</a>&nbsp;&nbsp;&nbsp;KEY_LEFT_STATUS
<LI><a href="#[da]">&gt;&gt;</a>&nbsp;&nbsp;&nbsp;KEY_DOWN_STATUS
</UL>

<P><STRONG><a name="[82]"></a>EXTI_GetFlagStatus</STRONG> (Thumb, 16 bytes, Stack size 0 bytes, stm32f10x_exti.o(i.EXTI_GetFlagStatus))
<BR><BR>[Called By]<UL><LI><a href="#[81]">&gt;&gt;</a>&nbsp;&nbsp;&nbsp;AUX_INPUT_STATUS
<LI><a href="#[8c]">&gt;&gt;</a>&nbsp;&nbsp;&nbsp;MP3_INPUT_STATUS
<LI><a href="#[e4]">&gt;&gt;</a>&nbsp;&nbsp;&nbsp;KEY_UP_STATUS
<LI><a href="#[e1]">&gt;&gt;</a>&nbsp;&nbsp;&nbsp;KEY_RIGHT_STATUS
<LI><a href="#[e0]">&gt;&gt;</a>&nbsp;&nbsp;&nbsp;KEY_RDS_STATUS
<LI><a href="#[df]">&gt;&gt;</a>&nbsp;&nbsp;&nbsp;KEY_OK_STATUS
<LI><a href="#[de]">&gt;&gt;</a>&nbsp;&nbsp;&nbsp;KEY_MENU_STATUS
<LI><a href="#[dc]">&gt;&gt;</a>&nbsp;&nbsp;&nbsp;KEY_LEFT_STATUS
<LI><a href="#[da]">&gt;&gt;</a>&nbsp;&nbsp;&nbsp;KEY_DOWN_STATUS
</UL>

<P><STRONG><a name="[e8]"></a>EXTI_Init</STRONG> (Thumb, 128 bytes, Stack size 12 bytes, stm32f10x_exti.o(i.EXTI_Init))
<BR><BR>[Stack]<UL><LI>Max Depth = 12<LI>Call Chain = EXTI_Init
</UL>
<BR>[Called By]<UL><LI><a href="#[e6]">&gt;&gt;</a>&nbsp;&nbsp;&nbsp;KEY_config
</UL>

<P><STRONG><a name="[e7]"></a>GPIO_EXTILineConfig</STRONG> (Thumb, 34 bytes, Stack size 8 bytes, stm32f10x_gpio.o(i.GPIO_EXTILineConfig))
<BR><BR>[Stack]<UL><LI>Max Depth = 8<LI>Call Chain = GPIO_EXTILineConfig
</UL>
<BR>[Called By]<UL><LI><a href="#[e6]">&gt;&gt;</a>&nbsp;&nbsp;&nbsp;KEY_config
</UL>

<P><STRONG><a name="[80]"></a>GPIO_Init</STRONG> (Thumb, 156 bytes, Stack size 20 bytes, stm32f10x_gpio.o(i.GPIO_Init))
<BR><BR>[Stack]<UL><LI>Max Depth = 20<LI>Call Chain = GPIO_Init
</UL>
<BR>[Called By]<UL><LI><a href="#[af]">&gt;&gt;</a>&nbsp;&nbsp;&nbsp;DAC5615_Init
<LI><a href="#[e6]">&gt;&gt;</a>&nbsp;&nbsp;&nbsp;KEY_config
<LI><a href="#[92]">&gt;&gt;</a>&nbsp;&nbsp;&nbsp;COM1_2Init
<LI><a href="#[d2]">&gt;&gt;</a>&nbsp;&nbsp;&nbsp;I2CRead8Bit
<LI><a href="#[d0]">&gt;&gt;</a>&nbsp;&nbsp;&nbsp;I2CChkAck
<LI><a href="#[ce]">&gt;&gt;</a>&nbsp;&nbsp;&nbsp;I2CChkAck
<LI><a href="#[108]">&gt;&gt;</a>&nbsp;&nbsp;&nbsp;QN8027_Init
<LI><a href="#[101]">&gt;&gt;</a>&nbsp;&nbsp;&nbsp;PT2314_Init
<LI><a href="#[f2]">&gt;&gt;</a>&nbsp;&nbsp;&nbsp;LCD19264_Init
<LI><a href="#[7f]">&gt;&gt;</a>&nbsp;&nbsp;&nbsp;ADC_GPIO_Configuration
<LI><a href="#[c3]">&gt;&gt;</a>&nbsp;&nbsp;&nbsp;I2CRead8Bit
<LI><a href="#[c2]">&gt;&gt;</a>&nbsp;&nbsp;&nbsp;I2CChkAck
</UL>

<P><STRONG><a name="[8b]"></a>GPIO_ReadInputDataBit</STRONG> (Thumb, 14 bytes, Stack size 0 bytes, stm32f10x_gpio.o(i.GPIO_ReadInputDataBit))
<BR><BR>[Called By]<UL><LI><a href="#[48]">&gt;&gt;</a>&nbsp;&nbsp;&nbsp;main_task
<LI><a href="#[53]">&gt;&gt;</a>&nbsp;&nbsp;&nbsp;AutoChoiceAudio_task
<LI><a href="#[e5]">&gt;&gt;</a>&nbsp;&nbsp;&nbsp;KEY_UP_delayct
<LI><a href="#[e2]">&gt;&gt;</a>&nbsp;&nbsp;&nbsp;KEY_RIGHT_delayct
<LI><a href="#[dd]">&gt;&gt;</a>&nbsp;&nbsp;&nbsp;KEY_LEFT_delayct
<LI><a href="#[db]">&gt;&gt;</a>&nbsp;&nbsp;&nbsp;KEY_DOWN_delayct
<LI><a href="#[d2]">&gt;&gt;</a>&nbsp;&nbsp;&nbsp;I2CRead8Bit
<LI><a href="#[d0]">&gt;&gt;</a>&nbsp;&nbsp;&nbsp;I2CChkAck
<LI><a href="#[ce]">&gt;&gt;</a>&nbsp;&nbsp;&nbsp;I2CChkAck
<LI><a href="#[c3]">&gt;&gt;</a>&nbsp;&nbsp;&nbsp;I2CRead8Bit
<LI><a href="#[c2]">&gt;&gt;</a>&nbsp;&nbsp;&nbsp;I2CChkAck
</UL>

<P><STRONG><a name="[8e]"></a>GPIO_ResetBits</STRONG> (Thumb, 4 bytes, Stack size 0 bytes, stm32f10x_gpio.o(i.GPIO_ResetBits))
<BR><BR>[Called By]<UL><LI><a href="#[af]">&gt;&gt;</a>&nbsp;&nbsp;&nbsp;DAC5615_Init
<LI><a href="#[8a]">&gt;&gt;</a>&nbsp;&nbsp;&nbsp;DAC5615Out
<LI><a href="#[48]">&gt;&gt;</a>&nbsp;&nbsp;&nbsp;main_task
<LI><a href="#[146]">&gt;&gt;</a>&nbsp;&nbsp;&nbsp;Setup_RDS_Window
<LI><a href="#[42]">&gt;&gt;</a>&nbsp;&nbsp;&nbsp;LED_Blinking_task
<LI><a href="#[e6]">&gt;&gt;</a>&nbsp;&nbsp;&nbsp;KEY_config
<LI><a href="#[44]">&gt;&gt;</a>&nbsp;&nbsp;&nbsp;BEEP_task
<LI><a href="#[177]">&gt;&gt;</a>&nbsp;&nbsp;&nbsp;os_error
<LI><a href="#[d9]">&gt;&gt;</a>&nbsp;&nbsp;&nbsp;I2CWrite8Bit
<LI><a href="#[d7]">&gt;&gt;</a>&nbsp;&nbsp;&nbsp;I2CStop
<LI><a href="#[d5]">&gt;&gt;</a>&nbsp;&nbsp;&nbsp;I2CStart
<LI><a href="#[d3]">&gt;&gt;</a>&nbsp;&nbsp;&nbsp;I2CSlave_NOACK
<LI><a href="#[d2]">&gt;&gt;</a>&nbsp;&nbsp;&nbsp;I2CRead8Bit
<LI><a href="#[d0]">&gt;&gt;</a>&nbsp;&nbsp;&nbsp;I2CChkAck
<LI><a href="#[d8]">&gt;&gt;</a>&nbsp;&nbsp;&nbsp;I2CWrite8Bit
<LI><a href="#[d6]">&gt;&gt;</a>&nbsp;&nbsp;&nbsp;I2CStop
<LI><a href="#[d4]">&gt;&gt;</a>&nbsp;&nbsp;&nbsp;I2CStart
<LI><a href="#[ce]">&gt;&gt;</a>&nbsp;&nbsp;&nbsp;I2CChkAck
<LI><a href="#[bd]">&gt;&gt;</a>&nbsp;&nbsp;&nbsp;LCD19264_Posbyte
<LI><a href="#[ef]">&gt;&gt;</a>&nbsp;&nbsp;&nbsp;WriteCommandR
<LI><a href="#[ee]">&gt;&gt;</a>&nbsp;&nbsp;&nbsp;WriteCommandM
<LI><a href="#[ed]">&gt;&gt;</a>&nbsp;&nbsp;&nbsp;WriteCommandL
<LI><a href="#[f5]">&gt;&gt;</a>&nbsp;&nbsp;&nbsp;SendByte
<LI><a href="#[f4]">&gt;&gt;</a>&nbsp;&nbsp;&nbsp;LCD_WriteCMD
<LI><a href="#[e9]">&gt;&gt;</a>&nbsp;&nbsp;&nbsp;LCD19264_BG_Open
<LI><a href="#[89]">&gt;&gt;</a>&nbsp;&nbsp;&nbsp;EEPROM_ReadBytes
<LI><a href="#[c1]">&gt;&gt;</a>&nbsp;&nbsp;&nbsp;I2CWrite8Bit
<LI><a href="#[c6]">&gt;&gt;</a>&nbsp;&nbsp;&nbsp;I2CStop
<LI><a href="#[c0]">&gt;&gt;</a>&nbsp;&nbsp;&nbsp;I2CStart
<LI><a href="#[c5]">&gt;&gt;</a>&nbsp;&nbsp;&nbsp;I2CSlave_NOACK
<LI><a href="#[c3]">&gt;&gt;</a>&nbsp;&nbsp;&nbsp;I2CRead8Bit
<LI><a href="#[c2]">&gt;&gt;</a>&nbsp;&nbsp;&nbsp;I2CChkAck
</UL>

<P><STRONG><a name="[8f]"></a>GPIO_SetBits</STRONG> (Thumb, 4 bytes, Stack size 0 bytes, stm32f10x_gpio.o(i.GPIO_SetBits))
<BR><BR>[Called By]<UL><LI><a href="#[8a]">&gt;&gt;</a>&nbsp;&nbsp;&nbsp;DAC5615Out
<LI><a href="#[48]">&gt;&gt;</a>&nbsp;&nbsp;&nbsp;main_task
<LI><a href="#[146]">&gt;&gt;</a>&nbsp;&nbsp;&nbsp;Setup_RDS_Window
<LI><a href="#[42]">&gt;&gt;</a>&nbsp;&nbsp;&nbsp;LED_Blinking_task
<LI><a href="#[e6]">&gt;&gt;</a>&nbsp;&nbsp;&nbsp;KEY_config
<LI><a href="#[44]">&gt;&gt;</a>&nbsp;&nbsp;&nbsp;BEEP_task
<LI><a href="#[177]">&gt;&gt;</a>&nbsp;&nbsp;&nbsp;os_error
<LI><a href="#[d9]">&gt;&gt;</a>&nbsp;&nbsp;&nbsp;I2CWrite8Bit
<LI><a href="#[d7]">&gt;&gt;</a>&nbsp;&nbsp;&nbsp;I2CStop
<LI><a href="#[d5]">&gt;&gt;</a>&nbsp;&nbsp;&nbsp;I2CStart
<LI><a href="#[d3]">&gt;&gt;</a>&nbsp;&nbsp;&nbsp;I2CSlave_NOACK
<LI><a href="#[d2]">&gt;&gt;</a>&nbsp;&nbsp;&nbsp;I2CRead8Bit
<LI><a href="#[d0]">&gt;&gt;</a>&nbsp;&nbsp;&nbsp;I2CChkAck
<LI><a href="#[d8]">&gt;&gt;</a>&nbsp;&nbsp;&nbsp;I2CWrite8Bit
<LI><a href="#[d6]">&gt;&gt;</a>&nbsp;&nbsp;&nbsp;I2CStop
<LI><a href="#[d4]">&gt;&gt;</a>&nbsp;&nbsp;&nbsp;I2CStart
<LI><a href="#[ce]">&gt;&gt;</a>&nbsp;&nbsp;&nbsp;I2CChkAck
<LI><a href="#[f3]">&gt;&gt;</a>&nbsp;&nbsp;&nbsp;LCD19264_StartLine
<LI><a href="#[bd]">&gt;&gt;</a>&nbsp;&nbsp;&nbsp;LCD19264_Posbyte
<LI><a href="#[f0]">&gt;&gt;</a>&nbsp;&nbsp;&nbsp;LCD19264_DisON
<LI><a href="#[ec]">&gt;&gt;</a>&nbsp;&nbsp;&nbsp;LCD19264_DisOFF
<LI><a href="#[ef]">&gt;&gt;</a>&nbsp;&nbsp;&nbsp;WriteCommandR
[...]
<BR><BR>[Stack]<UL><LI>Max Depth = 16<LI>Call Chain = __aeabi_fmul
</UL>
<BR>[Called By]<UL><LI><a href="#[a3]">&gt;&gt;</a>&nbsp;&nbsp;&nbsp;Get_RPowerValue
<LI><a href="#[a0]">&gt;&gt;</a>&nbsp;&nbsp;&nbsp;Get_PowerValue
</UL>

<P><STRONG><a name="[1a3]"></a>_fmul</STRONG> (Thumb, 258 bytes, Stack size 16 bytes, fmul.o(x$fpl$fmul), UNUSED)
<BR><BR>[Calls]<UL><LI><a href="#[196]">&gt;&gt;</a>&nbsp;&nbsp;&nbsp;__fpl_fretinf
<LI><a href="#[19c]">&gt;&gt;</a>&nbsp;&nbsp;&nbsp;__fpl_fnaninf
</UL>

<P><STRONG><a name="[19c]"></a>__fpl_fnaninf</STRONG> (Thumb, 140 bytes, Stack size 8 bytes, fnaninf.o(x$fpl$fnaninf), UNUSED)
<BR><BR>[Called By]<UL><LI><a href="#[1a1]">&gt;&gt;</a>&nbsp;&nbsp;&nbsp;_fcmple
<LI><a href="#[1a3]">&gt;&gt;</a>&nbsp;&nbsp;&nbsp;_fmul
<LI><a href="#[1a0]">&gt;&gt;</a>&nbsp;&nbsp;&nbsp;_ffixu
<LI><a href="#[19f]">&gt;&gt;</a>&nbsp;&nbsp;&nbsp;_fdiv
<LI><a href="#[1a6]">&gt;&gt;</a>&nbsp;&nbsp;&nbsp;_fsub
<LI><a href="#[19a]">&gt;&gt;</a>&nbsp;&nbsp;&nbsp;_fadd
</UL>

<P><STRONG><a name="[5d]"></a>_fp_init</STRONG> (Thumb, 14 bytes, Stack size 8 bytes, fpinit.o(x$fpl$fpinit))
<BR><BR>[Stack]<UL><LI>Max Depth = 24<LI>Call Chain = _fp_init &rArr; __rt_fp_status_addr &rArr; __user_perthread_libspace
</UL>
<BR>[Calls]<UL><LI><a href="#[7d]">&gt;&gt;</a>&nbsp;&nbsp;&nbsp;__rt_fp_status_addr
</UL>
<BR>[Called By]<UL><LI><a href="#[5c]">&gt;&gt;</a>&nbsp;&nbsp;&nbsp;__rt_lib_init
</UL>

<P><STRONG><a name="[1dc]"></a>__fplib_config_pureend_doubles</STRONG> (Thumb, 0 bytes, Stack size unknown bytes, fpinit.o(x$fpl$fpinit), UNUSED)

<P><STRONG><a name="[196]"></a>__fpl_fretinf</STRONG> (Thumb, 10 bytes, Stack size 0 bytes, fretinf.o(x$fpl$fretinf), UNUSED)
<BR><BR>[Called By]<UL><LI><a href="#[1a3]">&gt;&gt;</a>&nbsp;&nbsp;&nbsp;_fmul
<LI><a href="#[19f]">&gt;&gt;</a>&nbsp;&nbsp;&nbsp;_fdiv
<LI><a href="#[19a]">&gt;&gt;</a>&nbsp;&nbsp;&nbsp;_fadd
<LI><a href="#[195]">&gt;&gt;</a>&nbsp;&nbsp;&nbsp;_d2f
</UL>

<P><STRONG><a name="[170]"></a>__aeabi_cfrcmple</STRONG> (Thumb, 0 bytes, Stack size 0 bytes, frleqf.o(x$fpl$frleqf))
<BR><BR>[Called By]<UL><LI><a href="#[ad]">&gt;&gt;</a>&nbsp;&nbsp;&nbsp;filter_vin
<LI><a href="#[aa]">&gt;&gt;</a>&nbsp;&nbsp;&nbsp;filter_t
<LI><a href="#[cd]">&gt;&gt;</a>&nbsp;&nbsp;&nbsp;filter_rp
<LI><a href="#[c7]">&gt;&gt;</a>&nbsp;&nbsp;&nbsp;filter_p
<LI><a href="#[9c]">&gt;&gt;</a>&nbsp;&nbsp;&nbsp;filter_I
</UL>

<P><STRONG><a name="[1a4]"></a>_frcmple</STRONG> (Thumb, 98 bytes, Stack size 0 bytes, frleqf.o(x$fpl$frleqf), UNUSED)
<BR><BR>[Calls]<UL><LI><a href="#[1a5]">&gt;&gt;</a>&nbsp;&nbsp;&nbsp;__fpl_fcmple_InfNaN
</UL>

<P><STRONG><a name="[1dd]"></a>__aeabi_fsub</STRONG> (Thumb, 0 bytes, Stack size 16 bytes, faddsub_clz.o(x$fpl$fsub), UNUSED)

<P><STRONG><a name="[1a6]"></a>_fsub</STRONG> (Thumb, 234 bytes, Stack size 16 bytes, faddsub_clz.o(x$fpl$fsub), UNUSED)
<BR><BR>[Calls]<UL><LI><a href="#[19c]">&gt;&gt;</a>&nbsp;&nbsp;&nbsp;__fpl_fnaninf
<LI><a href="#[1a7]">&gt;&gt;</a>&nbsp;&nbsp;&nbsp;_fadd1
</UL>

<P><STRONG><a name="[19e]"></a>__fpl_return_NaN</STRONG> (Thumb, 100 bytes, Stack size 0 bytes, retnan.o(x$fpl$retnan))
<BR><BR>[Calls]<UL><LI><a href="#[1a8]">&gt;&gt;</a>&nbsp;&nbsp;&nbsp;__fpl_cmpreturn
</UL>
<BR>[Called By]<UL><LI><a href="#[19d]">&gt;&gt;</a>&nbsp;&nbsp;&nbsp;__fpl_fcheck_NaN1
</UL>

<P><STRONG><a name="[cc]"></a>__ARM_scalbnf</STRONG> (Thumb, 80 bytes, Stack size 0 bytes, scalbnf.o(x$fpl$scalbnf))
<BR><BR>[Calls]<UL><LI><a href="#[19d]">&gt;&gt;</a>&nbsp;&nbsp;&nbsp;__fpl_fcheck_NaN1
</UL>
<BR>[Called By]<UL><LI><a href="#[a3]">&gt;&gt;</a>&nbsp;&nbsp;&nbsp;Get_RPowerValue
<LI><a href="#[a0]">&gt;&gt;</a>&nbsp;&nbsp;&nbsp;Get_PowerValue
</UL>

<P><STRONG><a name="[1de]"></a>__fpl_inf_scalbnf</STRONG> (Thumb, 0 bytes, Stack size unknown bytes, scalbnf.o(x$fpl$scalbnf), UNUSED)

<P><STRONG><a name="[1a8]"></a>__fpl_cmpreturn</STRONG> (Thumb, 48 bytes, Stack size 0 bytes, trapv.o(x$fpl$trapveneer))
<BR><BR>[Called By]<UL><LI><a href="#[19e]">&gt;&gt;</a>&nbsp;&nbsp;&nbsp;__fpl_return_NaN
</UL>

<P><STRONG><a name="[1df]"></a>__I$use$fp</STRONG> (Thumb, 0 bytes, Stack size unknown bytes, usenofp.o(x$fpl$usenofp), UNUSED)
<P>
<H3>
Local Symbols
</H3>
<P><STRONG><a name="[153]"></a>SetSysClockTo72</STRONG> (Thumb, 138 bytes, Stack size 0 bytes, system_stm32f10x.o(i.SetSysClockTo72))
<BR><BR>[Called By]<UL><LI><a href="#[39]">&gt;&gt;</a>&nbsp;&nbsp;&nbsp;SystemInit
</UL>

<P><STRONG><a name="[f4]"></a>LCD_WriteCMD</STRONG> (Thumb, 50 bytes, Stack size 8 bytes, lcd19264 driverv20.o(i.LCD_WriteCMD))
<BR><BR>[Stack]<UL><LI>Max Depth = 32<LI>Call Chain = LCD_WriteCMD &rArr; SendByte
</UL>
<BR>[Calls]<UL><LI><a href="#[8f]">&gt;&gt;</a>&nbsp;&nbsp;&nbsp;GPIO_SetBits
<LI><a href="#[8e]">&gt;&gt;</a>&nbsp;&nbsp;&nbsp;GPIO_ResetBits
<LI><a href="#[f6]">&gt;&gt;</a>&nbsp;&nbsp;&nbsp;delay
<LI><a href="#[f5]">&gt;&gt;</a>&nbsp;&nbsp;&nbsp;SendByte
</UL>
<BR>[Called By]<UL><LI><a href="#[bd]">&gt;&gt;</a>&nbsp;&nbsp;&nbsp;LCD19264_Posbyte
<LI><a href="#[ef]">&gt;&gt;</a>&nbsp;&nbsp;&nbsp;WriteCommandR
<LI><a href="#[ee]">&gt;&gt;</a>&nbsp;&nbsp;&nbsp;WriteCommandM
<LI><a href="#[ed]">&gt;&gt;</a>&nbsp;&nbsp;&nbsp;WriteCommandL
</UL>

<P><STRONG><a name="[f5]"></a>SendByte</STRONG> (Thumb, 64 bytes, Stack size 24 bytes, lcd19264 driverv20.o(i.SendByte))
<BR><BR>[Stack]<UL><LI>Max Depth = 24<LI>Call Chain = SendByte
</UL>
<BR>[Calls]<UL><LI><a href="#[8f]">&gt;&gt;</a>&nbsp;&nbsp;&nbsp;GPIO_SetBits
<LI><a href="#[8e]">&gt;&gt;</a>&nbsp;&nbsp;&nbsp;GPIO_ResetBits
</UL>
<BR>[Called By]<UL><LI><a href="#[bd]">&gt;&gt;</a>&nbsp;&nbsp;&nbsp;LCD19264_Posbyte
<LI><a href="#[f4]">&gt;&gt;</a>&nbsp;&nbsp;&nbsp;LCD_WriteCMD
</UL>

<P><STRONG><a name="[ed]"></a>WriteCommandL</STRONG> (Thumb, 36 bytes, Stack size 16 bytes, lcd19264 driverv20.o(i.WriteCommandL))
<BR><BR>[Stack]<UL><LI>Max Depth = 48<LI>Call Chain = WriteCommandL &rArr; LCD_WriteCMD &rArr; SendByte
</UL>
<BR>[Calls]<UL><LI><a href="#[8f]">&gt;&gt;</a>&nbsp;&nbsp;&nbsp;GPIO_SetBits
<LI><a href="#[8e]">&gt;&gt;</a>&nbsp;&nbsp;&nbsp;GPIO_ResetBits
<LI><a href="#[f4]">&gt;&gt;</a>&nbsp;&nbsp;&nbsp;LCD_WriteCMD
</UL>
<BR>[Called By]<UL><LI><a href="#[f3]">&gt;&gt;</a>&nbsp;&nbsp;&nbsp;LCD19264_StartLine
<LI><a href="#[f0]">&gt;&gt;</a>&nbsp;&nbsp;&nbsp;LCD19264_DisON
<LI><a href="#[ec]">&gt;&gt;</a>&nbsp;&nbsp;&nbsp;LCD19264_DisOFF
</UL>

<P><STRONG><a name="[ee]"></a>WriteCommandM</STRONG> (Thumb, 36 bytes, Stack size 16 bytes, lcd19264 driverv20.o(i.WriteCommandM))
<BR><BR>[Stack]<UL><LI>Max Depth = 48<LI>Call Chain = WriteCommandM &rArr; LCD_WriteCMD &rArr; SendByte
</UL>
<BR>[Calls]<UL><LI><a href="#[8f]">&gt;&gt;</a>&nbsp;&nbsp;&nbsp;GPIO_SetBits
<LI><a href="#[8e]">&gt;&gt;</a>&nbsp;&nbsp;&nbsp;GPIO_ResetBits
<LI><a href="#[f4]">&gt;&gt;</a>&nbsp;&nbsp;&nbsp;LCD_WriteCMD
</UL>
<BR>[Called By]<UL><LI><a href="#[f3]">&gt;&gt;</a>&nbsp;&nbsp;&nbsp;LCD19264_StartLine
<LI><a href="#[f0]">&gt;&gt;</a>&nbsp;&nbsp;&nbsp;LCD19264_DisON
<LI><a href="#[ec]">&gt;&gt;</a>&nbsp;&nbsp;&nbsp;LCD19264_DisOFF
</UL>

<P><STRONG><a name="[ef]"></a>WriteCommandR</STRONG> (Thumb, 36 bytes, Stack size 16 bytes, lcd19264 driverv20.o(i.WriteCommandR))
<BR><BR>[Stack]<UL><LI>Max Depth = 48<LI>Call Chain = WriteCommandR &rArr; LCD_WriteCMD &rArr; SendByte
</UL>
<BR>[Calls]<UL><LI><a href="#[8f]">&gt;&gt;</a>&nbsp;&nbsp;&nbsp;GPIO_SetBits
<LI><a href="#[8e]">&gt;&gt;</a>&nbsp;&nbsp;&nbsp;GPIO_ResetBits
<LI><a href="#[f4]">&gt;&gt;</a>&nbsp;&nbsp;&nbsp;LCD_WriteCMD
</UL>
<BR>[Called By]<UL><LI><a href="#[f3]">&gt;&gt;</a>&nbsp;&nbsp;&nbsp;LCD19264_StartLine
<LI><a href="#[f0]">&gt;&gt;</a>&nbsp;&nbsp;&nbsp;LCD19264_DisON
<LI><a href="#[ec]">&gt;&gt;</a>&nbsp;&nbsp;&nbsp;LCD19264_DisOFF
</UL>

<P><STRONG><a name="[f6]"></a>delay</STRONG> (Thumb, 8 bytes, Stack size 0 bytes, lcd19264 driverv20.o(i.delay))
<BR><BR>[Called By]<UL><LI><a href="#[bd]">&gt;&gt;</a>&nbsp;&nbsp;&nbsp;LCD19264_Posbyte
<LI><a href="#[f4]">&gt;&gt;</a>&nbsp;&nbsp;&nbsp;LCD_WriteCMD
</UL>

<P><STRONG><a name="[ce]"></a>I2CChkAck</STRONG> (Thumb, 92 bytes, Stack size 24 bytes, pt2314.o(i.I2CChkAck))
<BR><BR>[Stack]<UL><LI>Max Depth = 44<LI>Call Chain = I2CChkAck &rArr; GPIO_Init
</UL>
<BR>[Calls]<UL><LI><a href="#[8f]">&gt;&gt;</a>&nbsp;&nbsp;&nbsp;GPIO_SetBits
<LI><a href="#[8e]">&gt;&gt;</a>&nbsp;&nbsp;&nbsp;GPIO_ResetBits
<LI><a href="#[8b]">&gt;&gt;</a>&nbsp;&nbsp;&nbsp;GPIO_ReadInputDataBit
<LI><a href="#[80]">&gt;&gt;</a>&nbsp;&nbsp;&nbsp;GPIO_Init
<LI><a href="#[cf]">&gt;&gt;</a>&nbsp;&nbsp;&nbsp;WaitUs
</UL>
<BR>[Called By]<UL><LI><a href="#[103]">&gt;&gt;</a>&nbsp;&nbsp;&nbsp;PT2314_SetReg
<LI><a href="#[102]">&gt;&gt;</a>&nbsp;&nbsp;&nbsp;PT2314_SetNRegs
</UL>

<P><STRONG><a name="[d4]"></a>I2CStart</STRONG> (Thumb, 58 bytes, Stack size 16 bytes, pt2314.o(i.I2CStart))
<BR><BR>[Stack]<UL><LI>Max Depth = 16<LI>Call Chain = I2CStart
</UL>
<BR>[Calls]<UL><LI><a href="#[8f]">&gt;&gt;</a>&nbsp;&nbsp;&nbsp;GPIO_SetBits
<LI><a href="#[8e]">&gt;&gt;</a>&nbsp;&nbsp;&nbsp;GPIO_ResetBits
<LI><a href="#[cf]">&gt;&gt;</a>&nbsp;&nbsp;&nbsp;WaitUs
</UL>
<BR>[Called By]<UL><LI><a href="#[103]">&gt;&gt;</a>&nbsp;&nbsp;&nbsp;PT2314_SetReg
<LI><a href="#[102]">&gt;&gt;</a>&nbsp;&nbsp;&nbsp;PT2314_SetNRegs
</UL>

<P><STRONG><a name="[d6]"></a>I2CStop</STRONG> (Thumb, 44 bytes, Stack size 16 bytes, pt2314.o(i.I2CStop))
<BR><BR>[Stack]<UL><LI>Max Depth = 16<LI>Call Chain = I2CStop
</UL>
<BR>[Calls]<UL><LI><a href="#[8f]">&gt;&gt;</a>&nbsp;&nbsp;&nbsp;GPIO_SetBits
<LI><a href="#[8e]">&gt;&gt;</a>&nbsp;&nbsp;&nbsp;GPIO_ResetBits
<LI><a href="#[cf]">&gt;&gt;</a>&nbsp;&nbsp;&nbsp;WaitUs
</UL>
<BR>[Called By]<UL><LI><a href="#[103]">&gt;&gt;</a>&nbsp;&nbsp;&nbsp;PT2314_SetReg
<LI><a href="#[102]">&gt;&gt;</a>&nbsp;&nbsp;&nbsp;PT2314_SetNRegs
</UL>

<P><STRONG><a name="[d8]"></a>I2CWrite8Bit</STRONG> (Thumb, 78 bytes, Stack size 24 bytes, pt2314.o(i.I2CWrite8Bit))
<BR><BR>[Stack]<UL><LI>Max Depth = 24<LI>Call Chain = I2CWrite8Bit
</UL>
<BR>[Calls]<UL><LI><a href="#[8f]">&gt;&gt;</a>&nbsp;&nbsp;&nbsp;GPIO_SetBits
<LI><a href="#[8e]">&gt;&gt;</a>&nbsp;&nbsp;&nbsp;GPIO_ResetBits
<LI><a href="#[cf]">&gt;&gt;</a>&nbsp;&nbsp;&nbsp;WaitUs
</UL>
<BR>[Called By]<UL><LI><a href="#[103]">&gt;&gt;</a>&nbsp;&nbsp;&nbsp;PT2314_SetReg
<LI><a href="#[102]">&gt;&gt;</a>&nbsp;&nbsp;&nbsp;PT2314_SetNRegs
</UL>

<P><STRONG><a name="[cf]"></a>WaitUs</STRONG> (Thumb, 8 bytes, Stack size 0 bytes, pt2314.o(i.WaitUs))
<BR><BR>[Called By]<UL><LI><a href="#[d8]">&gt;&gt;</a>&nbsp;&nbsp;&nbsp;I2CWrite8Bit
<LI><a href="#[d6]">&gt;&gt;</a>&nbsp;&nbsp;&nbsp;I2CStop
<LI><a href="#[d4]">&gt;&gt;</a>&nbsp;&nbsp;&nbsp;I2CStart
<LI><a href="#[ce]">&gt;&gt;</a>&nbsp;&nbsp;&nbsp;I2CChkAck
</UL>

<P><STRONG><a name="[d0]"></a>I2CChkAck</STRONG> (Thumb, 92 bytes, Stack size 24 bytes, qn8027_driver.o(i.I2CChkAck))
<BR><BR>[Stack]<UL><LI>Max Depth = 44<LI>Call Chain = I2CChkAck &rArr; GPIO_Init
</UL>
<BR>[Calls]<UL><LI><a href="#[8f]">&gt;&gt;</a>&nbsp;&nbsp;&nbsp;GPIO_SetBits
<LI><a href="#[8e]">&gt;&gt;</a>&nbsp;&nbsp;&nbsp;GPIO_ResetBits
<LI><a href="#[8b]">&gt;&gt;</a>&nbsp;&nbsp;&nbsp;GPIO_ReadInputDataBit
<LI><a href="#[80]">&gt;&gt;</a>&nbsp;&nbsp;&nbsp;GPIO_Init
<LI><a href="#[d1]">&gt;&gt;</a>&nbsp;&nbsp;&nbsp;WaitUs
</UL>
<BR>[Called By]<UL><LI><a href="#[fd]">&gt;&gt;</a>&nbsp;&nbsp;&nbsp;QN8027_WriteReg
<LI><a href="#[98]">&gt;&gt;</a>&nbsp;&nbsp;&nbsp;QN8027_ReadReg
</UL>

<P><STRONG><a name="[d2]"></a>I2CRead8Bit</STRONG> (Thumb, 120 bytes, Stack size 32 bytes, qn8027_driver.o(i.I2CRead8Bit))
<BR><BR>[Stack]<UL><LI>Max Depth = 52<LI>Call Chain = I2CRead8Bit &rArr; GPIO_Init
</UL>
<BR>[Calls]<UL><LI><a href="#[8f]">&gt;&gt;</a>&nbsp;&nbsp;&nbsp;GPIO_SetBits
<LI><a href="#[8e]">&gt;&gt;</a>&nbsp;&nbsp;&nbsp;GPIO_ResetBits
<LI><a href="#[8b]">&gt;&gt;</a>&nbsp;&nbsp;&nbsp;GPIO_ReadInputDataBit
<LI><a href="#[80]">&gt;&gt;</a>&nbsp;&nbsp;&nbsp;GPIO_Init
<LI><a href="#[d1]">&gt;&gt;</a>&nbsp;&nbsp;&nbsp;WaitUs
</UL>
<BR>[Called By]<UL><LI><a href="#[98]">&gt;&gt;</a>&nbsp;&nbsp;&nbsp;QN8027_ReadReg
</UL>

<P><STRONG><a name="[d3]"></a>I2CSlave_NOACK</STRONG> (Thumb, 44 bytes, Stack size 16 bytes, qn8027_driver.o(i.I2CSlave_NOACK))
<BR><BR>[Stack]<UL><LI>Max Depth = 16<LI>Call Chain = I2CSlave_NOACK
</UL>
<BR>[Calls]<UL><LI><a href="#[8f]">&gt;&gt;</a>&nbsp;&nbsp;&nbsp;GPIO_SetBits
<LI><a href="#[8e]">&gt;&gt;</a>&nbsp;&nbsp;&nbsp;GPIO_ResetBits
<LI><a href="#[d1]">&gt;&gt;</a>&nbsp;&nbsp;&nbsp;WaitUs
</UL>
<BR>[Called By]<UL><LI><a href="#[98]">&gt;&gt;</a>&nbsp;&nbsp;&nbsp;QN8027_ReadReg
</UL>

<P><STRONG><a name="[d5]"></a>I2CStart</STRONG> (Thumb, 58 bytes, Stack size 16 bytes, qn8027_driver.o(i.I2CStart))
<BR><BR>[Stack]<UL><LI>Max Depth = 16<LI>Call Chain = I2CStart
</UL>
<BR>[Calls]<UL><LI><a href="#[8f]">&gt;&gt;</a>&nbsp;&nbsp;&nbsp;GPIO_SetBits
<LI><a href="#[8e]">&gt;&gt;</a>&nbsp;&nbsp;&nbsp;GPIO_ResetBits
<LI><a href="#[d1]">&gt;&gt;</a>&nbsp;&nbsp;&nbsp;WaitUs
</UL>
<BR>[Called By]<UL><LI><a href="#[fd]">&gt;&gt;</a>&nbsp;&nbsp;&nbsp;QN8027_WriteReg
<LI><a href="#[98]">&gt;&gt;</a>&nbsp;&nbsp;&nbsp;QN8027_ReadReg
</UL>

<P><STRONG><a name="[d7]"></a>I2CStop</STRONG> (Thumb, 44 bytes, Stack size 16 bytes, qn8027_driver.o(i.I2CStop))
<BR><BR>[Stack]<UL><LI>Max Depth = 16<LI>Call Chain = I2CStop
</UL>
<BR>[Calls]<UL><LI><a href="#[8f]">&gt;&gt;</a>&nbsp;&nbsp;&nbsp;GPIO_SetBits
<LI><a href="#[8e]">&gt;&gt;</a>&nbsp;&nbsp;&nbsp;GPIO_ResetBits
<LI><a href="#[d1]">&gt;&gt;</a>&nbsp;&nbsp;&nbsp;WaitUs
</UL>
<BR>[Called By]<UL><LI><a href="#[fd]">&gt;&gt;</a>&nbsp;&nbsp;&nbsp;QN8027_WriteReg
<LI><a href="#[98]">&gt;&gt;</a>&nbsp;&nbsp;&nbsp;QN8027_ReadReg
</UL>

<P><STRONG><a name="[d9]"></a>I2CWrite8Bit</STRONG> (Thumb, 78 bytes, Stack size 24 bytes, qn8027_driver.o(i.I2CWrite8Bit))
<BR><BR>[Stack]<UL><LI>Max Depth = 24<LI>Call Chain = I2CWrite8Bit
</UL>
<BR>[Calls]<UL><LI><a href="#[8f]">&gt;&gt;</a>&nbsp;&nbsp;&nbsp;GPIO_SetBits
<LI><a href="#[8e]">&gt;&gt;</a>&nbsp;&nbsp;&nbsp;GPIO_ResetBits
<LI><a href="#[d1]">&gt;&gt;</a>&nbsp;&nbsp;&nbsp;WaitUs
</UL>
<BR>[Called By]<UL><LI><a href="#[fd]">&gt;&gt;</a>&nbsp;&nbsp;&nbsp;QN8027_WriteReg
<LI><a href="#[98]">&gt;&gt;</a>&nbsp;&nbsp;&nbsp;QN8027_ReadReg
</UL>

<P><STRONG><a name="[d1]"></a>WaitUs</STRONG> (Thumb, 8 bytes, Stack size 0 bytes, qn8027_driver.o(i.WaitUs))
<BR><BR>[Called By]<UL><LI><a href="#[d9]">&gt;&gt;</a>&nbsp;&nbsp;&nbsp;I2CWrite8Bit
<LI><a href="#[d7]">&gt;&gt;</a>&nbsp;&nbsp;&nbsp;I2CStop
<LI><a href="#[d5]">&gt;&gt;</a>&nbsp;&nbsp;&nbsp;I2CStart
<LI><a href="#[d3]">&gt;&gt;</a>&nbsp;&nbsp;&nbsp;I2CSlave_NOACK
<LI><a href="#[d2]">&gt;&gt;</a>&nbsp;&nbsp;&nbsp;I2CRead8Bit
<LI><a href="#[d0]">&gt;&gt;</a>&nbsp;&nbsp;&nbsp;I2CChkAck
</UL>

<P><STRONG><a name="[c2]"></a>I2CChkAck</STRONG> (Thumb, 90 bytes, Stack size 24 bytes, 24c32.o(i.I2CChkAck))
<BR><BR>[Stack]<UL><LI>Max Depth = 44<LI>Call Chain = I2CChkAck &rArr; GPIO_Init
</UL>
<BR>[Calls]<UL><LI><a href="#[8f]">&gt;&gt;</a>&nbsp;&nbsp;&nbsp;GPIO_SetBits
<LI><a href="#[8e]">&gt;&gt;</a>&nbsp;&nbsp;&nbsp;GPIO_ResetBits
<LI><a href="#[8b]">&gt;&gt;</a>&nbsp;&nbsp;&nbsp;GPIO_ReadInputDataBit
<LI><a href="#[80]">&gt;&gt;</a>&nbsp;&nbsp;&nbsp;GPIO_Init
<LI><a href="#[c4]">&gt;&gt;</a>&nbsp;&nbsp;&nbsp;WaitUs
</UL>
<BR>[Called By]<UL><LI><a href="#[87]">&gt;&gt;</a>&nbsp;&nbsp;&nbsp;EEPROM_WriteBytes
<LI><a href="#[89]">&gt;&gt;</a>&nbsp;&nbsp;&nbsp;EEPROM_ReadBytes
</UL>

<P><STRONG><a name="[c3]"></a>I2CRead8Bit</STRONG> (Thumb, 108 bytes, Stack size 24 bytes, 24c32.o(i.I2CRead8Bit))
<BR><BR>[Stack]<UL><LI>Max Depth = 44<LI>Call Chain = I2CRead8Bit &rArr; GPIO_Init
</UL>
<BR>[Calls]<UL><LI><a href="#[8f]">&gt;&gt;</a>&nbsp;&nbsp;&nbsp;GPIO_SetBits
<LI><a href="#[8e]">&gt;&gt;</a>&nbsp;&nbsp;&nbsp;GPIO_ResetBits
<LI><a href="#[8b]">&gt;&gt;</a>&nbsp;&nbsp;&nbsp;GPIO_ReadInputDataBit
<LI><a href="#[80]">&gt;&gt;</a>&nbsp;&nbsp;&nbsp;GPIO_Init
<LI><a href="#[c4]">&gt;&gt;</a>&nbsp;&nbsp;&nbsp;WaitUs
</UL>
<BR>[Called By]<UL><LI><a href="#[89]">&gt;&gt;</a>&nbsp;&nbsp;&nbsp;EEPROM_ReadBytes
</UL>

<P><STRONG><a name="[c5]"></a>I2CSlave_NOACK</STRONG> (Thumb, 40 bytes, Stack size 8 bytes, 24c32.o(i.I2CSlave_NOACK))
<BR><BR>[Stack]<UL><LI>Max Depth = 8<LI>Call Chain = I2CSlave_NOACK
</UL>
<BR>[Calls]<UL><LI><a href="#[8f]">&gt;&gt;</a>&nbsp;&nbsp;&nbsp;GPIO_SetBits
<LI><a href="#[8e]">&gt;&gt;</a>&nbsp;&nbsp;&nbsp;GPIO_ResetBits
<LI><a href="#[c4]">&gt;&gt;</a>&nbsp;&nbsp;&nbsp;WaitUs
</UL>
<BR>[Called By]<UL><LI><a href="#[89]">&gt;&gt;</a>&nbsp;&nbsp;&nbsp;EEPROM_ReadBytes
</UL>

<P><STRONG><a name="[c0]"></a>I2CStart</STRONG> (Thumb, 52 bytes, Stack size 8 bytes, 24c32.o(i.I2CStart))
<BR><BR>[Stack]<UL><LI>Max Depth = 8<LI>Call Chain = I2CStart
</UL>
<BR>[Calls]<UL><LI><a href="#[8f]">&gt;&gt;</a>&nbsp;&nbsp;&nbsp;GPIO_SetBits
<LI><a href="#[8e]">&gt;&gt;</a>&nbsp;&nbsp;&nbsp;GPIO_ResetBits
<LI><a href="#[c4]">&gt;&gt;</a>&nbsp;&nbsp;&nbsp;WaitUs
</UL>
<BR>[Called By]<UL><LI><a href="#[87]">&gt;&gt;</a>&nbsp;&nbsp;&nbsp;EEPROM_WriteBytes
<LI><a href="#[89]">&gt;&gt;</a>&nbsp;&nbsp;&nbsp;EEPROM_ReadBytes
</UL>

<P><STRONG><a name="[c6]"></a>I2CStop</STRONG> (Thumb, 40 bytes, Stack size 8 bytes, 24c32.o(i.I2CStop))
<BR><BR>[Stack]<UL><LI>Max Depth = 8<LI>Call Chain = I2CStop
</UL>
<BR>[Calls]<UL><LI><a href="#[8f]">&gt;&gt;</a>&nbsp;&nbsp;&nbsp;GPIO_SetBits
<LI><a href="#[8e]">&gt;&gt;</a>&nbsp;&nbsp;&nbsp;GPIO_ResetBits
<LI><a href="#[c4]">&gt;&gt;</a>&nbsp;&nbsp;&nbsp;WaitUs
</UL>
<BR>[Called By]<UL><LI><a href="#[87]">&gt;&gt;</a>&nbsp;&nbsp;&nbsp;EEPROM_WriteBytes
<LI><a href="#[89]">&gt;&gt;</a>&nbsp;&nbsp;&nbsp;EEPROM_ReadBytes
</UL>

<P><STRONG><a name="[c1]"></a>I2CWrite8Bit</STRONG> (Thumb, 70 bytes, Stack size 16 bytes, 24c32.o(i.I2CWrite8Bit))
<BR><BR>[Stack]<UL><LI>Max Depth = 16<LI>Call Chain = I2CWrite8Bit
</UL>
<BR>[Calls]<UL><LI><a href="#[8f]">&gt;&gt;</a>&nbsp;&nbsp;&nbsp;GPIO_SetBits
<LI><a href="#[8e]">&gt;&gt;</a>&nbsp;&nbsp;&nbsp;GPIO_ResetBits
<LI><a href="#[c4]">&gt;&gt;</a>&nbsp;&nbsp;&nbsp;WaitUs
</UL>
<BR>[Called By]<UL><LI><a href="#[87]">&gt;&gt;</a>&nbsp;&nbsp;&nbsp;EEPROM_WriteBytes
<LI><a href="#[89]">&gt;&gt;</a>&nbsp;&nbsp;&nbsp;EEPROM_ReadBytes
</UL>

<P><STRONG><a name="[c4]"></a>WaitUs</STRONG> (Thumb, 8 bytes, Stack size 0 bytes, 24c32.o(i.WaitUs))
<BR><BR>[Called By]<UL><LI><a href="#[89]">&gt;&gt;</a>&nbsp;&nbsp;&nbsp;EEPROM_ReadBytes
<LI><a href="#[c1]">&gt;&gt;</a>&nbsp;&nbsp;&nbsp;I2CWrite8Bit
<LI><a href="#[c6]">&gt;&gt;</a>&nbsp;&nbsp;&nbsp;I2CStop
<LI><a href="#[c0]">&gt;&gt;</a>&nbsp;&nbsp;&nbsp;I2CStart
<LI><a href="#[c5]">&gt;&gt;</a>&nbsp;&nbsp;&nbsp;I2CSlave_NOACK
<LI><a href="#[c3]">&gt;&gt;</a>&nbsp;&nbsp;&nbsp;I2CRead8Bit
<LI><a href="#[c2]">&gt;&gt;</a>&nbsp;&nbsp;&nbsp;I2CChkAck
</UL>

<P><STRONG><a name="[185]"></a>rt_init_context</STRONG> (Thumb, 64 bytes, Stack size 16 bytes, rt_task.o(i.rt_init_context))
<BR><BR>[Stack]<UL><LI>Max Depth = 28<LI>Call Chain = rt_init_context &rArr; rt_init_stack
</UL>
<BR>[Calls]<UL><LI><a href="#[186]">&gt;&gt;</a>&nbsp;&nbsp;&nbsp;rt_init_stack
<LI><a href="#[37]">&gt;&gt;</a>&nbsp;&nbsp;&nbsp;rt_alloc_box
</UL>
<BR>[Called By]<UL><LI><a href="#[43]">&gt;&gt;</a>&nbsp;&nbsp;&nbsp;rt_tsk_create
<LI><a href="#[50]">&gt;&gt;</a>&nbsp;&nbsp;&nbsp;rt_sys_init
</UL>

<P><STRONG><a name="[1a7]"></a>_fadd1</STRONG> (Thumb, 0 bytes, Stack size unknown bytes, faddsub_clz.o(x$fpl$fadd), UNUSED)
<BR><BR>[Called By]<UL><LI><a href="#[1a6]">&gt;&gt;</a>&nbsp;&nbsp;&nbsp;_fsub
</UL>

<P><STRONG><a name="[19b]"></a>_fsub1</STRONG> (Thumb, 0 bytes, Stack size unknown bytes, faddsub_clz.o(x$fpl$fsub), UNUSED)
<BR><BR>[Called By]<UL><LI><a href="#[19a]">&gt;&gt;</a>&nbsp;&nbsp;&nbsp;_fadd
</UL>

<P><STRONG><a name="[3d]"></a>_scanf_char_input</STRONG> (Thumb, 12 bytes, Stack size 0 bytes, scanf_char.o(.text))
<BR>[Address Reference Count : 1]<UL><LI> scanf_char.o(.text)
</UL><P>
<H3>
Undefined Global Symbols
</H3><HR></body></html>
