<html>
<body>
<pre>
<h1>礦ision Build Log</h1>
<h2>Project:</h2>
I:\RDS资料\项目程序(发射)\发射机程序_Git\MDK_Project\Project.uvproj
Project File Date:  10/11/2013

<h2>Output:</h2>
Build target 'Target1'
compiling mainV1.c...
..\mainV1.c(171): warning:  #188-D: enumerated type mixed with another type
..\mainV1.c(376): warning:  #177-D: variable "DMA_InitStructure" was declared but never referenced
..\mainV1.c(695): warning:  #223-D: function "SYS_PARAMETER_Save" declared implicitly
..\mainV1.c(700): warning:  #223-D: function "SYS_PARAMETER_Save" declared implicitly
..\mainV1.c(709): warning:  #223-D: function "SYS_PARAMETER_Save" declared implicitly
..\mainV1.c(980): warning:  #223-D: function "SYS_PARAMETER_Save" declared implicitly
..\mainV1.c(990): warning:  #223-D: function "SYS_PARAMETER_Save" declared implicitly
..\mainV1.c(1087): warning:  #223-D: function "SYS_PARAMETER_Save" declared implicitly
..\mainV1.c(795): warning:  #177-D: variable "petmp" was declared but never referenced
..\mainV1.c(1190): warning:  #223-D: function "SYS_PARAMETER_Save" declared implicitly
..\mainV1.c(1199): warning:  #223-D: function "SYS_PARAMETER_Save" declared implicitly
..\mainV1.c(1241): warning:  #223-D: function "SYS_PARAMETER_Save" declared implicitly
..\mainV1.c(1373): warning:  #223-D: function "PS_Name_Save" declared implicitly
..\mainV1.c(1556): warning:  #223-D: function "Area_Name_Save" declared implicitly
..\mainV1.c(1756): warning:  #223-D: function "RDS_DevicesGroup_Mode_Update" declared implicitly
..\mainV1.c(1896): warning:  #223-D: function "RDS_DevicesGroup_Mode_Save" declared implicitly
..\mainV1.c(2122): warning:  #223-D: function "SYS_PARAMETER_Save" declared implicitly
..\mainV1.c(2133): warning:  #223-D: function "SYS_PARAMETER_Save" declared implicitly
..\mainV1.c(2158): warning:  #223-D: function "SYS_PARAMETER_Save" declared implicitly
..\mainV1.c(2169): warning:  #223-D: function "SYS_PARAMETER_Save" declared implicitly
..\mainV1.c(2658): warning:  #223-D: function "SYS_PARAMETER_Update" declared implicitly
..\mainV1.c(2747): warning:  #188-D: enumerated type mixed with another type
..\mainV1.c(2770): warning:  #188-D: enumerated type mixed with another type
..\mainV1.c(2605): warning:  #177-D: variable "ledflash" was declared but never referenced
..\mainV1.c(3472): warning:  #223-D: function "Draw_UpdateToLCD" declared implicitly
..\mainV1.c(3312): warning: C3017W: status_save may be used before being set
..\mainV1.c(3311): warning: C3017W: status_new may be used before being set
..\mainV1.c(3310): warning: C3017W: status_tmp may be used before being set
compiling QN8027_Driver.c...
..\QN8027_Driver.c(203): warning:  #177-D: variable "TempRegData" was declared but never referenced
..\QN8027_Driver.c(221): warning:  #47-D: incompatible redefinition of macro "OFF" (declared at line 5 of "..\li_code\all.h")
..\QN8027_Driver.c(281): warning:  #9-D: nested comment is not allowed
..\QN8027_Driver.c(288): warning:  #9-D: nested comment is not allowed
compiling stm32f10x_it.c...
compiling app.c...
..\li_code\app.c(9): warning:  #47-D: incompatible redefinition of macro "OFF" (declared at line 5 of "..\li_code\all.h")
..\li_code\app.c(104): warning:  #188-D: enumerated type mixed with another type
..\li_code\app.c(105): warning:  #188-D: enumerated type mixed with another type
..\li_code\app.c(252): warning:  #177-D: variable "tmp" was declared but never referenced
..\li_code\app.c(274): warning:  #177-D: variable "tmp" was declared but never referenced
..\li_code\app.c(328): warning:  #177-D: variable "tmp" was declared but never referenced
..\li_code\app.c(347): warning:  #177-D: variable "tmp" was declared but never referenced
..\li_code\app.c(406): warning:  #177-D: variable "tmp" was declared but never referenced
..\li_code\app.c(472): warning:  #188-D: enumerated type mixed with another type
..\li_code\app.c(474): warning:  #188-D: enumerated type mixed with another type
..\li_code\app.c(479): warning:  #177-D: variable "tmp" was declared but never referenced
..\li_code\app.c(502): warning:  #177-D: variable "tmp" was declared but never referenced
..\li_code\app.c(503): warning:  #177-D: variable "regtmp" was declared but never referenced
..\li_code\app.c(539): warning:  #177-D: variable "tmp" was declared but never referenced
..\li_code\app.c(560): warning:  #177-D: variable "tmp" was declared but never referenced
..\li_code\app.c(611): warning:  #188-D: enumerated type mixed with another type
..\li_code\app.c(630): warning:  #188-D: enumerated type mixed with another type
..\li_code\app.c(850): warning:  #223-D: function "Show_PEVal" declared implicitly
..\li_code\app.c(883): warning:  #188-D: enumerated type mixed with another type
..\li_code\app.c(915): warning:  #188-D: enumerated type mixed with another type
..\li_code\app.c(937): warning:  #177-D: variable "i" was declared but never referenced
..\li_code\app.c(1195): warning:  #177-D: variable "sendwho" was declared but never referenced
..\li_code\app.c(1197): warning:  #177-D: variable "wait_result" was declared but never referenced
compiling adc.c...
..\li_code\adc.c(154): warning:  #1-D: last line of file ends without a newline
linking...
Program Size: Code=36986 RO-data=4018 RW-data=544 ZI-data=20704  
FromELF: creating hex file...
".\obj\RDS_发射板.axf" - 0 Error(s), 56 Warning(s).
Build target 'Target1'
linking...
Program Size: Code=36986 RO-data=4018 RW-data=544 ZI-data=20704  
FromELF: creating hex file...
".\obj\RDS_发射板.axf" - 0 Error(s), 0 Warning(s).
Build target 'Target1'
linking...
Program Size: Code=36986 RO-data=4018 RW-data=544 ZI-data=20704  
FromELF: creating hex file...
".\obj\RDS_发射板.axf" - 0 Error(s), 0 Warning(s).
Build target 'Target1'
linking...
Program Size: Code=36986 RO-data=4018 RW-data=544 ZI-data=20704  
FromELF: creating hex file...
".\obj\RDS_发射板.axf" - 0 Error(s), 0 Warning(s).
Build target 'Target1'
compiling mainV1.c...
..\mainV1.c(171): warning:  #188-D: enumerated type mixed with another type
..\mainV1.c(376): warning:  #177-D: variable "DMA_InitStructure" was declared but never referenced
..\mainV1.c(695): warning:  #223-D: function "SYS_PARAMETER_Save" declared implicitly
..\mainV1.c(700): warning:  #223-D: function "SYS_PARAMETER_Save" declared implicitly
..\mainV1.c(709): warning:  #223-D: function "SYS_PARAMETER_Save" declared implicitly
..\mainV1.c(980): warning:  #223-D: function "SYS_PARAMETER_Save" declared implicitly
..\mainV1.c(990): warning:  #223-D: function "SYS_PARAMETER_Save" declared implicitly
..\mainV1.c(1087): warning:  #223-D: function "SYS_PARAMETER_Save" declared implicitly
..\mainV1.c(795): warning:  #177-D: variable "petmp" was declared but never referenced
..\mainV1.c(1190): warning:  #223-D: function "SYS_PARAMETER_Save" declared implicitly
..\mainV1.c(1199): warning:  #223-D: function "SYS_PARAMETER_Save" declared implicitly
..\mainV1.c(1241): warning:  #223-D: function "SYS_PARAMETER_Save" declared implicitly
..\mainV1.c(1373): warning:  #223-D: function "PS_Name_Save" declared implicitly
..\mainV1.c(1556): warning:  #223-D: function "Area_Name_Save" declared implicitly
..\mainV1.c(1756): warning:  #223-D: function "RDS_DevicesGroup_Mode_Update" declared implicitly
..\mainV1.c(1896): warning:  #223-D: function "RDS_DevicesGroup_Mode_Save" declared implicitly
..\mainV1.c(2122): warning:  #223-D: function "SYS_PARAMETER_Save" declared implicitly
..\mainV1.c(2133): warning:  #223-D: function "SYS_PARAMETER_Save" declared implicitly
..\mainV1.c(2158): warning:  #223-D: function "SYS_PARAMETER_Save" declared implicitly
..\mainV1.c(2169): warning:  #223-D: function "SYS_PARAMETER_Save" declared implicitly
..\mainV1.c(2658): warning:  #223-D: function "SYS_PARAMETER_Update" declared implicitly
..\mainV1.c(2747): warning:  #188-D: enumerated type mixed with another type
..\mainV1.c(2770): warning:  #188-D: enumerated type mixed with another type
..\mainV1.c(2605): warning:  #177-D: variable "ledflash" was declared but never referenced
..\mainV1.c(3472): warning:  #223-D: function "Draw_UpdateToLCD" declared implicitly
..\mainV1.c(3312): warning: C3017W: status_save may be used before being set
..\mainV1.c(3311): warning: C3017W: status_new may be used before being set
..\mainV1.c(3310): warning: C3017W: status_tmp may be used before being set
compiling QN8027_Driver.c...
..\QN8027_Driver.c(203): warning:  #177-D: variable "TempRegData" was declared but never referenced
..\QN8027_Driver.c(221): warning:  #47-D: incompatible redefinition of macro "OFF" (declared at line 5 of "..\li_code\all.h")
..\QN8027_Driver.c(281): warning:  #9-D: nested comment is not allowed
..\QN8027_Driver.c(288): warning:  #9-D: nested comment is not allowed
compiling stm32f10x_it.c...
compiling app.c...
..\li_code\app.c(9): warning:  #47-D: incompatible redefinition of macro "OFF" (declared at line 5 of "..\li_code\all.h")
..\li_code\app.c(104): warning:  #188-D: enumerated type mixed with another type
..\li_code\app.c(105): warning:  #188-D: enumerated type mixed with another type
..\li_code\app.c(252): warning:  #177-D: variable "tmp" was declared but never referenced
..\li_code\app.c(274): warning:  #177-D: variable "tmp" was declared but never referenced
..\li_code\app.c(328): warning:  #177-D: variable "tmp" was declared but never referenced
..\li_code\app.c(347): warning:  #177-D: variable "tmp" was declared but never referenced
..\li_code\app.c(406): warning:  #177-D: variable "tmp" was declared but never referenced
..\li_code\app.c(472): warning:  #188-D: enumerated type mixed with another type
..\li_code\app.c(474): warning:  #188-D: enumerated type mixed with another type
..\li_code\app.c(479): warning:  #177-D: variable "tmp" was declared but never referenced
..\li_code\app.c(502): warning:  #177-D: variable "tmp" was declared but never referenced
..\li_code\app.c(503): warning:  #177-D: variable "regtmp" was declared but never referenced
..\li_code\app.c(539): warning:  #177-D: variable "tmp" was declared but never referenced
..\li_code\app.c(560): warning:  #177-D: variable "tmp" was declared but never referenced
..\li_code\app.c(611): warning:  #188-D: enumerated type mixed with another type
..\li_code\app.c(630): warning:  #188-D: enumerated type mixed with another type
..\li_code\app.c(850): warning:  #223-D: function "Show_PEVal" declared implicitly
..\li_code\app.c(883): warning:  #188-D: enumerated type mixed with another type
..\li_code\app.c(915): warning:  #188-D: enumerated type mixed with another type
..\li_code\app.c(980): error:  #20: identifier "rds_state" is undefined
..\li_code\app.c(937): warning:  #177-D: variable "i" was declared but never referenced
..\li_code\app.c(1200): warning:  #177-D: variable "sendwho" was declared but never referenced
..\li_code\app.c(1202): warning:  #177-D: variable "wait_result" was declared but never referenced
compiling adc.c...
..\li_code\adc.c(154): warning:  #1-D: last line of file ends without a newline
Target not created
Build target 'Target1'
compiling mainV1.c...
..\mainV1.c(171): warning:  #188-D: enumerated type mixed with another type
..\mainV1.c(376): warning:  #177-D: variable "DMA_InitStructure" was declared but never referenced
..\mainV1.c(695): warning:  #223-D: function "SYS_PARAMETER_Save" declared implicitly
..\mainV1.c(700): warning:  #223-D: function "SYS_PARAMETER_Save" declared implicitly
..\mainV1.c(709): warning:  #223-D: function "SYS_PARAMETER_Save" declared implicitly
..\mainV1.c(980): warning:  #223-D: function "SYS_PARAMETER_Save" declared implicitly
..\mainV1.c(990): warning:  #223-D: function "SYS_PARAMETER_Save" declared implicitly
..\mainV1.c(1087): warning:  #223-D: function "SYS_PARAMETER_Save" declared implicitly
..\mainV1.c(795): warning:  #177-D: variable "petmp" was declared but never referenced
..\mainV1.c(1190): warning:  #223-D: function "SYS_PARAMETER_Save" declared implicitly
..\mainV1.c(1199): warning:  #223-D: function "SYS_PARAMETER_Save" declared implicitly
..\mainV1.c(1241): warning:  #223-D: function "SYS_PARAMETER_Save" declared implicitly
..\mainV1.c(1373): warning:  #223-D: function "PS_Name_Save" declared implicitly
..\mainV1.c(1556): warning:  #223-D: function "Area_Name_Save" declared implicitly
..\mainV1.c(1756): warning:  #223-D: function "RDS_DevicesGroup_Mode_Update" declared implicitly
..\mainV1.c(1896): warning:  #223-D: function "RDS_DevicesGroup_Mode_Save" declared implicitly
..\mainV1.c(2122): warning:  #223-D: function "SYS_PARAMETER_Save" declared implicitly
..\mainV1.c(2133): warning:  #223-D: function "SYS_PARAMETER_Save" declared implicitly
..\mainV1.c(2158): warning:  #223-D: function "SYS_PARAMETER_Save" declared implicitly
..\mainV1.c(2169): warning:  #223-D: function "SYS_PARAMETER_Save" declared implicitly
..\mainV1.c(2658): warning:  #223-D: function "SYS_PARAMETER_Update" declared implicitly
..\mainV1.c(2747): warning:  #188-D: enumerated type mixed with another type
..\mainV1.c(2770): warning:  #188-D: enumerated type mixed with another type
..\mainV1.c(2605): warning:  #177-D: variable "ledflash" was declared but never referenced
..\mainV1.c(3472): warning:  #223-D: function "Draw_UpdateToLCD" declared implicitly
..\mainV1.c(3312): warning: C3017W: status_save may be used before being set
..\mainV1.c(3311): warning: C3017W: status_new may be used before being set
..\mainV1.c(3310): warning: C3017W: status_tmp may be used before being set
compiling QN8027_Driver.c...
..\QN8027_Driver.c(203): warning:  #177-D: variable "TempRegData" was declared but never referenced
..\QN8027_Driver.c(221): warning:  #47-D: incompatible redefinition of macro "OFF" (declared at line 5 of "..\li_code\all.h")
..\QN8027_Driver.c(281): warning:  #9-D: nested comment is not allowed
..\QN8027_Driver.c(288): warning:  #9-D: nested comment is not allowed
compiling stm32f10x_it.c...
compiling app.c...
..\li_code\app.c(9): warning:  #47-D: incompatible redefinition of macro "OFF" (declared at line 5 of "..\li_code\all.h")
..\li_code\app.c(104): warning:  #188-D: enumerated type mixed with another type
..\li_code\app.c(105): warning:  #188-D: enumerated type mixed with another type
..\li_code\app.c(252): warning:  #177-D: variable "tmp" was declared but never referenced
..\li_code\app.c(274): warning:  #177-D: variable "tmp" was declared but never referenced
..\li_code\app.c(328): warning:  #177-D: variable "tmp" was declared but never referenced
..\li_code\app.c(347): warning:  #177-D: variable "tmp" was declared but never referenced
..\li_code\app.c(406): warning:  #177-D: variable "tmp" was declared but never referenced
..\li_code\app.c(472): warning:  #188-D: enumerated type mixed with another type
..\li_code\app.c(474): warning:  #188-D: enumerated type mixed with another type
..\li_code\app.c(479): warning:  #177-D: variable "tmp" was declared but never referenced
..\li_code\app.c(502): warning:  #177-D: variable "tmp" was declared but never referenced
..\li_code\app.c(503): warning:  #177-D: variable "regtmp" was declared but never referenced
..\li_code\app.c(539): warning:  #177-D: variable "tmp" was declared but never referenced
..\li_code\app.c(560): warning:  #177-D: variable "tmp" was declared but never referenced
..\li_code\app.c(611): warning:  #188-D: enumerated type mixed with another type
..\li_code\app.c(630): warning:  #188-D: enumerated type mixed with another type
..\li_code\app.c(850): warning:  #223-D: function "Show_PEVal" declared implicitly
..\li_code\app.c(883): warning:  #188-D: enumerated type mixed with another type
..\li_code\app.c(915): warning:  #188-D: enumerated type mixed with another type
..\li_code\app.c(937): warning:  #177-D: variable "i" was declared but never referenced
..\li_code\app.c(1200): warning:  #177-D: variable "sendwho" was declared but never referenced
..\li_code\app.c(1202): warning:  #177-D: variable "wait_result" was declared but never referenced
compiling adc.c...
..\li_code\adc.c(154): warning:  #1-D: last line of file ends without a newline
linking...
Program Size: Code=37002 RO-data=4018 RW-data=544 ZI-data=20704  
FromELF: creating hex file...
".\obj\RDS_发射板.axf" - 0 Error(s), 56 Warning(s).
Build target 'Target1'
linking...
Program Size: Code=37002 RO-data=4018 RW-data=544 ZI-data=20704  
FromELF: creating hex file...
".\obj\RDS_发射板.axf" - 0 Error(s), 0 Warning(s).
Build target 'Target1'
compiling mainV1.c...
..\mainV1.c(171): warning:  #188-D: enumerated type mixed with another type
..\mainV1.c(376): warning:  #177-D: variable "DMA_InitStructure" was declared but never referenced
..\mainV1.c(695): warning:  #223-D: function "SYS_PARAMETER_Save" declared implicitly
..\mainV1.c(700): warning:  #223-D: function "SYS_PARAMETER_Save" declared implicitly
..\mainV1.c(709): warning:  #223-D: function "SYS_PARAMETER_Save" declared implicitly
..\mainV1.c(980): warning:  #223-D: function "SYS_PARAMETER_Save" declared implicitly
..\mainV1.c(990): warning:  #223-D: function "SYS_PARAMETER_Save" declared implicitly
..\mainV1.c(1087): warning:  #223-D: function "SYS_PARAMETER_Save" declared implicitly
..\mainV1.c(795): warning:  #177-D: variable "petmp" was declared but never referenced
..\mainV1.c(1190): warning:  #223-D: function "SYS_PARAMETER_Save" declared implicitly
..\mainV1.c(1199): warning:  #223-D: function "SYS_PARAMETER_Save" declared implicitly
..\mainV1.c(1241): warning:  #223-D: function "SYS_PARAMETER_Save" declared implicitly
..\mainV1.c(1373): warning:  #223-D: function "PS_Name_Save" declared implicitly
..\mainV1.c(1556): warning:  #223-D: function "Area_Name_Save" declared implicitly
..\mainV1.c(1756): warning:  #223-D: function "RDS_DevicesGroup_Mode_Update" declared implicitly
..\mainV1.c(1896): warning:  #223-D: function "RDS_DevicesGroup_Mode_Save" declared implicitly
..\mainV1.c(2122): warning:  #223-D: function "SYS_PARAMETER_Save" declared implicitly
..\mainV1.c(2133): warning:  #223-D: function "SYS_PARAMETER_Save" declared implicitly
..\mainV1.c(2143): warning:  #223-D: function "SYS_PARAMETER_Save" declared implicitly
..\mainV1.c(2160): warning:  #223-D: function "SYS_PARAMETER_Save" declared implicitly
..\mainV1.c(2171): warning:  #223-D: function "SYS_PARAMETER_Save" declared implicitly
..\mainV1.c(2181): warning:  #223-D: function "SYS_PARAMETER_Save" declared implicitly
..\mainV1.c(2662): warning:  #223-D: function "SYS_PARAMETER_Update" declared implicitly
..\mainV1.c(2751): warning:  #188-D: enumerated type mixed with another type
..\mainV1.c(2774): warning:  #188-D: enumerated type mixed with another type
..\mainV1.c(2609): warning:  #177-D: variable "ledflash" was declared but never referenced
..\mainV1.c(3476): warning:  #223-D: function "Draw_UpdateToLCD" declared implicitly
..\mainV1.c(3316): warning: C3017W: status_save may be used before being set
..\mainV1.c(3315): warning: C3017W: status_new may be used before being set
..\mainV1.c(3314): warning: C3017W: status_tmp may be used before being set
compiling app.c...
..\li_code\app.c(9): warning:  #47-D: incompatible redefinition of macro "OFF" (declared at line 5 of "..\li_code\all.h")
..\li_code\app.c(104): warning:  #188-D: enumerated type mixed with another type
..\li_code\app.c(105): warning:  #188-D: enumerated type mixed with another type
..\li_code\app.c(252): warning:  #177-D: variable "tmp" was declared but never referenced
..\li_code\app.c(274): warning:  #177-D: variable "tmp" was declared but never referenced
..\li_code\app.c(328): warning:  #177-D: variable "tmp" was declared but never referenced
..\li_code\app.c(347): warning:  #177-D: variable "tmp" was declared but never referenced
..\li_code\app.c(406): warning:  #177-D: variable "tmp" was declared but never referenced
..\li_code\app.c(472): warning:  #188-D: enumerated type mixed with another type
..\li_code\app.c(474): warning:  #188-D: enumerated type mixed with another type
..\li_code\app.c(479): warning:  #177-D: variable "tmp" was declared but never referenced
..\li_code\app.c(502): warning:  #177-D: variable "tmp" was declared but never referenced
..\li_code\app.c(503): warning:  #177-D: variable "regtmp" was declared but never referenced
..\li_code\app.c(539): warning:  #177-D: variable "tmp" was declared but never referenced
..\li_code\app.c(560): warning:  #177-D: variable "tmp" was declared but never referenced
..\li_code\app.c(611): warning:  #188-D: enumerated type mixed with another type
..\li_code\app.c(630): warning:  #188-D: enumerated type mixed with another type
..\li_code\app.c(850): warning:  #223-D: function "Show_PEVal" declared implicitly
..\li_code\app.c(883): warning:  #188-D: enumerated type mixed with another type
..\li_code\app.c(915): warning:  #188-D: enumerated type mixed with another type
..\li_code\app.c(937): warning:  #177-D: variable "i" was declared but never referenced
..\li_code\app.c(1200): warning:  #177-D: variable "sendwho" was declared but never referenced
..\li_code\app.c(1202): warning:  #177-D: variable "wait_result" was declared but never referenced
linking...
Program Size: Code=37022 RO-data=4018 RW-data=544 ZI-data=20704  
FromELF: creating hex file...
".\obj\RDS_发射板.axf" - 0 Error(s), 53 Warning(s).
Build target 'Target1'
linking...
Program Size: Code=37022 RO-data=4018 RW-data=544 ZI-data=20704  
FromELF: creating hex file...
".\obj\RDS_发射板.axf" - 0 Error(s), 0 Warning(s).
Build target 'Target1'
linking...
Program Size: Code=37022 RO-data=4018 RW-data=544 ZI-data=20704  
FromELF: creating hex file...
".\obj\RDS_发射板.axf" - 0 Error(s), 0 Warning(s).
Load "I:\\RDS资料\\项目程序(发射)\\发射机程序_Git\\MDK_Project\\obj\\RDS_发射板.AXF" 
Set JLink Project File to "I:\RDS资料\项目程序(发射)\发射机程序_Git\MDK_Project\JLinkSettings.ini"
 
JLink info:
------------
DLL: V4.24b, compiled Feb 22 2011 20:47:17
Firmware: J-Link ARM V8 compiled Jan 31 2011 18:34:52
Hardware: V8.00
S/N : 20100214 
Feature(s) : RDI,FlashDL,FlashBP,JFlash,GDBFull 
 
* JLink Info: TotalIRLen = 9, IRPrint = 0x0011
* JLink Info: Found Cortex-M3 r1p1, Little endian.
* JLink Info: TPIU fitted.
* JLink Info: ETM fitted.
* JLink Info:   FPUnit: 6 code (BP) slots and 2 literal slots
ROMTableAddr = 0xE00FF003
* JLink Info: TotalIRLen = 9, IRPrint = 0x0011
* JLink Info: Found Cortex-M3 r1p1, Little endian.
* JLink Info: TPIU fitted.
* JLink Info: ETM fitted.
* JLink Info:   FPUnit: 6 code (BP) slots and 2 literal slots
* JLink Info: TotalIRLen = 9, IRPrint = 0x0011
* JLink Info: Found Cortex-M3 r1p1, Little endian.
* JLink Info: TPIU fitted.
* JLink Info: ETM fitted.
* JLink Info:   FPUnit: 6 code (BP) slots and 2 literal slots
 
Target info:
------------
Device: STM32F103RE
VTarget = 3.332V
State of Pins: 
TCK: 1, TDI: 0, TDO: 1, TMS: 0, TRES: 1, TRST: 1
Hardware-Breakpoints: 6
Software-Breakpoints: 2048
Watchpoints:          4
JTAG speed: 9600 kHz
 
Erase Done.
Programming Done.
Verify OK.
* JLink Info: TotalIRLen = 9, IRPrint = 0x0011
* JLink Info: Found Cortex-M3 r1p1, Little endian.
* JLink Info: TPIU fitted.
* JLink Info: ETM fitted.
* JLink Info:   FPUnit: 6 code (BP) slots and 2 literal slots
Application running ...
Load "I:\\RDS资料\\项目程序(发射)\\发射机程序_Git\\MDK_Project\\obj\\RDS_发射板.AXF" 
Set JLink Project File to "I:\RDS资料\项目程序(发射)\发射机程序_Git\MDK_Project\JLinkSettings.ini"
 
JLink info:
------------
DLL: V4.24b, compiled Feb 22 2011 20:47:17
Firmware: J-Link ARM V8 compiled Jan 31 2011 18:34:52
Hardware: V8.00
S/N : 20100214 
Feature(s) : RDI,FlashDL,FlashBP,JFlash,GDBFull 
 
* JLink Info: TotalIRLen = 9, IRPrint = 0x0011
* JLink Info: Found Cortex-M3 r1p1, Little endian.
* JLink Info: TPIU fitted.
* JLink Info: ETM fitted.
* JLink Info:   FPUnit: 6 code (BP) slots and 2 literal slots
ROMTableAddr = 0xE00FF003
* JLink Info: TotalIRLen = 9, IRPrint = 0x0011
* JLink Info: Found Cortex-M3 r1p1, Little endian.
* JLink Info: TPIU fitted.
* JLink Info: ETM fitted.
* JLink Info:   FPUnit: 6 code (BP) slots and 2 literal slots
* JLink Info: TotalIRLen = 9, IRPrint = 0x0011
* JLink Info: Found Cortex-M3 r1p1, Little endian.
* JLink Info: TPIU fitted.
* JLink Info: ETM fitted.
* JLink Info:   FPUnit: 6 code (BP) slots and 2 literal slots
 
Target info:
------------
Device: STM32F103RE
VTarget = 3.338V
State of Pins: 
TCK: 1, TDI: 0, TDO: 1, TMS: 0, TRES: 1, TRST: 1
Hardware-Breakpoints: 6
Software-Breakpoints: 2048
Watchpoints:          4
JTAG speed: 9600 kHz
 
Erase Done.
Programming Done.
Verify OK.
* JLink Info: TotalIRLen = 9, IRPrint = 0x0011
* JLink Info: Found Cortex-M3 r1p1, Little endian.
* JLink Info: TPIU fitted.
* JLink Info: ETM fitted.
* JLink Info:   FPUnit: 6 code (BP) slots and 2 literal slots
Application running ...
Build target 'Target1'
compiling mainV1.c...
..\mainV1.c(171): warning:  #188-D: enumerated type mixed with another type
..\mainV1.c(376): warning:  #177-D: variable "DMA_InitStructure" was declared but never referenced
..\mainV1.c(695): warning:  #223-D: function "SYS_PARAMETER_Save" declared implicitly
..\mainV1.c(700): warning:  #223-D: function "SYS_PARAMETER_Save" declared implicitly
..\mainV1.c(709): warning:  #223-D: function "SYS_PARAMETER_Save" declared implicitly
..\mainV1.c(980): warning:  #223-D: function "SYS_PARAMETER_Save" declared implicitly
..\mainV1.c(990): warning:  #223-D: function "SYS_PARAMETER_Save" declared implicitly
..\mainV1.c(1087): warning:  #223-D: function "SYS_PARAMETER_Save" declared implicitly
..\mainV1.c(795): warning:  #177-D: variable "petmp" was declared but never referenced
..\mainV1.c(1190): warning:  #223-D: function "SYS_PARAMETER_Save" declared implicitly
..\mainV1.c(1199): warning:  #223-D: function "SYS_PARAMETER_Save" declared implicitly
..\mainV1.c(1241): warning:  #223-D: function "SYS_PARAMETER_Save" declared implicitly
..\mainV1.c(1373): warning:  #223-D: function "PS_Name_Save" declared implicitly
..\mainV1.c(1556): warning:  #223-D: function "Area_Name_Save" declared implicitly
..\mainV1.c(1756): warning:  #223-D: function "RDS_DevicesGroup_Mode_Update" declared implicitly
..\mainV1.c(1896): warning:  #223-D: function "RDS_DevicesGroup_Mode_Save" declared implicitly
..\mainV1.c(2122): warning:  #223-D: function "SYS_PARAMETER_Save" declared implicitly
..\mainV1.c(2133): warning:  #223-D: function "SYS_PARAMETER_Save" declared implicitly
..\mainV1.c(2144): warning:  #223-D: function "SYS_PARAMETER_Save" declared implicitly
..\mainV1.c(2161): warning:  #223-D: function "SYS_PARAMETER_Save" declared implicitly
..\mainV1.c(2172): warning:  #223-D: function "SYS_PARAMETER_Save" declared implicitly
..\mainV1.c(2183): warning:  #223-D: function "SYS_PARAMETER_Save" declared implicitly
..\mainV1.c(2664): warning:  #223-D: function "SYS_PARAMETER_Update" declared implicitly
..\mainV1.c(2753): warning:  #188-D: enumerated type mixed with another type
..\mainV1.c(2776): warning:  #188-D: enumerated type mixed with another type
..\mainV1.c(2611): warning:  #177-D: variable "ledflash" was declared but never referenced
..\mainV1.c(3478): warning:  #223-D: function "Draw_UpdateToLCD" declared implicitly
..\mainV1.c(3318): warning: C3017W: status_save may be used before being set
..\mainV1.c(3317): warning: C3017W: status_new may be used before being set
..\mainV1.c(3316): warning: C3017W: status_tmp may be used before being set
linking...
Program Size: Code=37030 RO-data=4018 RW-data=544 ZI-data=20704  
FromELF: creating hex file...
".\obj\RDS_发射板.axf" - 0 Error(s), 30 Warning(s).
Build target 'Target1'
compiling mainV1.c...
..\mainV1.c(171): warning:  #188-D: enumerated type mixed with another type
..\mainV1.c(376): warning:  #177-D: variable "DMA_InitStructure" was declared but never referenced
..\mainV1.c(695): warning:  #223-D: function "SYS_PARAMETER_Save" declared implicitly
..\mainV1.c(700): warning:  #223-D: function "SYS_PARAMETER_Save" declared implicitly
..\mainV1.c(709): warning:  #223-D: function "SYS_PARAMETER_Save" declared implicitly
..\mainV1.c(980): warning:  #223-D: function "SYS_PARAMETER_Save" declared implicitly
..\mainV1.c(990): warning:  #223-D: function "SYS_PARAMETER_Save" declared implicitly
..\mainV1.c(1087): warning:  #223-D: function "SYS_PARAMETER_Save" declared implicitly
..\mainV1.c(795): warning:  #177-D: variable "petmp" was declared but never referenced
..\mainV1.c(1190): warning:  #223-D: function "SYS_PARAMETER_Save" declared implicitly
..\mainV1.c(1199): warning:  #223-D: function "SYS_PARAMETER_Save" declared implicitly
..\mainV1.c(1241): warning:  #223-D: function "SYS_PARAMETER_Save" declared implicitly
..\mainV1.c(1373): warning:  #223-D: function "PS_Name_Save" declared implicitly
..\mainV1.c(1556): warning:  #223-D: function "Area_Name_Save" declared implicitly
..\mainV1.c(1756): warning:  #223-D: function "RDS_DevicesGroup_Mode_Update" declared implicitly
..\mainV1.c(1896): warning:  #223-D: function "RDS_DevicesGroup_Mode_Save" declared implicitly
..\mainV1.c(2124): warning:  #223-D: function "SYS_PARAMETER_Save" declared implicitly
..\mainV1.c(2135): warning:  #223-D: function "SYS_PARAMETER_Save" declared implicitly
..\mainV1.c(2146): warning:  #223-D: function "SYS_PARAMETER_Save" declared implicitly
..\mainV1.c(2163): warning:  #223-D: function "SYS_PARAMETER_Save" declared implicitly
..\mainV1.c(2174): warning:  #223-D: function "SYS_PARAMETER_Save" declared implicitly
..\mainV1.c(2185): warning:  #223-D: function "SYS_PARAMETER_Save" declared implicitly
..\mainV1.c(2666): warning:  #223-D: function "SYS_PARAMETER_Update" declared implicitly
..\mainV1.c(2755): warning:  #188-D: enumerated type mixed with another type
..\mainV1.c(2778): warning:  #188-D: enumerated type mixed with another type
..\mainV1.c(2613): warning:  #177-D: variable "ledflash" was declared but never referenced
..\mainV1.c(3480): warning:  #223-D: function "Draw_UpdateToLCD" declared implicitly
..\mainV1.c(3320): warning: C3017W: status_save may be used before being set
..\mainV1.c(3319): warning: C3017W: status_new may be used before being set
..\mainV1.c(3318): warning: C3017W: status_tmp may be used before being set
linking...
Program Size: Code=37030 RO-data=4018 RW-data=544 ZI-data=20704  
FromELF: creating hex file...
".\obj\RDS_发射板.axf" - 0 Error(s), 30 Warning(s).
Build target 'Target1'
linking...
Program Size: Code=37030 RO-data=4018 RW-data=544 ZI-data=20704  
FromELF: creating hex file...
".\obj\RDS_发射板.axf" - 0 Error(s), 0 Warning(s).
Build target 'Target1'
linking...
Program Size: Code=37030 RO-data=4018 RW-data=544 ZI-data=20704  
FromELF: creating hex file...
".\obj\RDS_发射板.axf" - 0 Error(s), 0 Warning(s).
Build target 'Target1'
compiling stm32f10x_it.c...
..\stm32f10x_it.c(352): error:  #20: identifier "sound_ch_switch_Timeout_Count" is undefined
Target not created
Build target 'Target1'
compiling stm32f10x_it.c...
linking...
Program Size: Code=37046 RO-data=4018 RW-data=544 ZI-data=20704  
FromELF: creating hex file...
".\obj\RDS_发射板.axf" - 0 Error(s), 0 Warning(s).
Build target 'Target1'
linking...
Program Size: Code=37046 RO-data=4018 RW-data=544 ZI-data=20704  
FromELF: creating hex file...
".\obj\RDS_发射板.axf" - 0 Error(s), 0 Warning(s).
Build target 'Target1'
linking...
Program Size: Code=37046 RO-data=4018 RW-data=544 ZI-data=20704  
FromELF: creating hex file...
".\obj\RDS_发射板.axf" - 0 Error(s), 0 Warning(s).
Build target 'Target1'
linking...
Program Size: Code=37046 RO-data=4018 RW-data=544 ZI-data=20704  
FromELF: creating hex file...
".\obj\RDS_发射板.axf" - 0 Error(s), 0 Warning(s).
